Archive member included because of file (symbol)

c:/program files (x86)/atmel/atmel toolchain/arm gcc/native/4.8.1429/arm-gnu-toolchain/bin/../lib/gcc/arm-none-eabi/4.8.3/../../../../arm-none-eabi/lib/armv7-m\libc.a(lib_a-exit.o)
                              c:/program files (x86)/atmel/atmel toolchain/arm gcc/native/4.8.1429/arm-gnu-toolchain/bin/../lib/gcc/arm-none-eabi/4.8.3/../../../../arm-none-eabi/lib/armv7-m/crt0.o (exit)
c:/program files (x86)/atmel/atmel toolchain/arm gcc/native/4.8.1429/arm-gnu-toolchain/bin/../lib/gcc/arm-none-eabi/4.8.3/../../../../arm-none-eabi/lib/armv7-m\libc.a(lib_a-impure.o)
                              c:/program files (x86)/atmel/atmel toolchain/arm gcc/native/4.8.1429/arm-gnu-toolchain/bin/../lib/gcc/arm-none-eabi/4.8.3/../../../../arm-none-eabi/lib/armv7-m\libc.a(lib_a-exit.o) (_global_impure_ptr)
c:/program files (x86)/atmel/atmel toolchain/arm gcc/native/4.8.1429/arm-gnu-toolchain/bin/../lib/gcc/arm-none-eabi/4.8.3/../../../../arm-none-eabi/lib/armv7-m\libc.a(lib_a-init.o)
                              c:/program files (x86)/atmel/atmel toolchain/arm gcc/native/4.8.1429/arm-gnu-toolchain/bin/../lib/gcc/arm-none-eabi/4.8.3/../../../../arm-none-eabi/lib/armv7-m/crt0.o (__libc_init_array)
c:/program files (x86)/atmel/atmel toolchain/arm gcc/native/4.8.1429/arm-gnu-toolchain/bin/../lib/gcc/arm-none-eabi/4.8.3/../../../../arm-none-eabi/lib/armv7-m\libc.a(lib_a-iprintf.o)
                              src/ASF/sam/drivers/adc/adc.o (iprintf)
c:/program files (x86)/atmel/atmel toolchain/arm gcc/native/4.8.1429/arm-gnu-toolchain/bin/../lib/gcc/arm-none-eabi/4.8.3/../../../../arm-none-eabi/lib/armv7-m\libc.a(lib_a-memset.o)
                              c:/program files (x86)/atmel/atmel toolchain/arm gcc/native/4.8.1429/arm-gnu-toolchain/bin/../lib/gcc/arm-none-eabi/4.8.3/../../../../arm-none-eabi/lib/armv7-m/crt0.o (memset)
c:/program files (x86)/atmel/atmel toolchain/arm gcc/native/4.8.1429/arm-gnu-toolchain/bin/../lib/gcc/arm-none-eabi/4.8.3/../../../../arm-none-eabi/lib/armv7-m\libc.a(lib_a-puts.o)
                              src/ASF/sam/drivers/adc/adc.o (puts)
c:/program files (x86)/atmel/atmel toolchain/arm gcc/native/4.8.1429/arm-gnu-toolchain/bin/../lib/gcc/arm-none-eabi/4.8.3/../../../../arm-none-eabi/lib/armv7-m\libc.a(lib_a-strlen.o)
                              c:/program files (x86)/atmel/atmel toolchain/arm gcc/native/4.8.1429/arm-gnu-toolchain/bin/../lib/gcc/arm-none-eabi/4.8.3/../../../../arm-none-eabi/lib/armv7-m\libc.a(lib_a-puts.o) (strlen)
c:/program files (x86)/atmel/atmel toolchain/arm gcc/native/4.8.1429/arm-gnu-toolchain/bin/../lib/gcc/arm-none-eabi/4.8.3/../../../../arm-none-eabi/lib/armv7-m\libc.a(lib_a-vfiprintf.o)
                              c:/program files (x86)/atmel/atmel toolchain/arm gcc/native/4.8.1429/arm-gnu-toolchain/bin/../lib/gcc/arm-none-eabi/4.8.3/../../../../arm-none-eabi/lib/armv7-m\libc.a(lib_a-iprintf.o) (_vfiprintf_r)
c:/program files (x86)/atmel/atmel toolchain/arm gcc/native/4.8.1429/arm-gnu-toolchain/bin/../lib/gcc/arm-none-eabi/4.8.3/../../../../arm-none-eabi/lib/armv7-m\libc.a(lib_a-wsetup.o)
                              c:/program files (x86)/atmel/atmel toolchain/arm gcc/native/4.8.1429/arm-gnu-toolchain/bin/../lib/gcc/arm-none-eabi/4.8.3/../../../../arm-none-eabi/lib/armv7-m\libc.a(lib_a-vfiprintf.o) (__swsetup_r)
c:/program files (x86)/atmel/atmel toolchain/arm gcc/native/4.8.1429/arm-gnu-toolchain/bin/../lib/gcc/arm-none-eabi/4.8.3/../../../../arm-none-eabi/lib/armv7-m\libc.a(lib_a-__call_atexit.o)
                              c:/program files (x86)/atmel/atmel toolchain/arm gcc/native/4.8.1429/arm-gnu-toolchain/bin/../lib/gcc/arm-none-eabi/4.8.3/../../../../arm-none-eabi/lib/armv7-m\libc.a(lib_a-exit.o) (__call_exitprocs)
c:/program files (x86)/atmel/atmel toolchain/arm gcc/native/4.8.1429/arm-gnu-toolchain/bin/../lib/gcc/arm-none-eabi/4.8.3/../../../../arm-none-eabi/lib/armv7-m\libc.a(lib_a-atexit.o)
                              c:/program files (x86)/atmel/atmel toolchain/arm gcc/native/4.8.1429/arm-gnu-toolchain/bin/../lib/gcc/arm-none-eabi/4.8.3/../../../../arm-none-eabi/lib/armv7-m\libc.a(lib_a-__call_atexit.o) (atexit)
c:/program files (x86)/atmel/atmel toolchain/arm gcc/native/4.8.1429/arm-gnu-toolchain/bin/../lib/gcc/arm-none-eabi/4.8.3/../../../../arm-none-eabi/lib/armv7-m\libc.a(lib_a-fflush.o)
                              c:/program files (x86)/atmel/atmel toolchain/arm gcc/native/4.8.1429/arm-gnu-toolchain/bin/../lib/gcc/arm-none-eabi/4.8.3/../../../../arm-none-eabi/lib/armv7-m\libc.a(lib_a-vfiprintf.o) (_fflush_r)
c:/program files (x86)/atmel/atmel toolchain/arm gcc/native/4.8.1429/arm-gnu-toolchain/bin/../lib/gcc/arm-none-eabi/4.8.3/../../../../arm-none-eabi/lib/armv7-m\libc.a(lib_a-findfp.o)
[...]
Memory Configuration

Name             Origin             Length             Attributes
rom              0x00080000         0x00080000         xr
sram0            0x20000000         0x00010000         xrw
sram1            0x20080000         0x00008000         xrw
ram              0x20070000         0x00018000         xrw
*default*        0x00000000         0xffffffff

Linker script and memory map

LOAD c:/program files (x86)/atmel/atmel toolchain/arm gcc/native/4.8.1429/arm-gnu-toolchain/bin/../lib/gcc/arm-none-eabi/4.8.3/armv7-m/crti.o
LOAD c:/program files (x86)/atmel/atmel toolchain/arm gcc/native/4.8.1429/arm-gnu-toolchain/bin/../lib/gcc/arm-none-eabi/4.8.3/armv7-m/crtbegin.o
LOAD c:/program files (x86)/atmel/atmel toolchain/arm gcc/native/4.8.1429/arm-gnu-toolchain/bin/../lib/gcc/arm-none-eabi/4.8.3/../../../../arm-none-eabi/lib/armv7-m/crt0.o
LOAD src/adcdac.o
LOAD src/ASF/sam/drivers/adc/adc.o
LOAD src/sampel.o
LOAD src/conf_tc.o
LOAD src/main_io.o
LOAD src/my_delay.o
LOAD src/ASF/sam/drivers/adc/adc_sam3u.o
LOAD src/ASF/sam/drivers/dacc/dacc.o
LOAD src/ASF/sam/drivers/tc/tc.o
LOAD src/LCDShield.o
LOAD src/main.o
LOAD src/ASF/common/services/clock/sam3x/sysclk.o
LOAD src/ASF/common/utils/interrupt/interrupt_sam_nvic.o
LOAD src/ASF/sam/boards/arduino_due_x/init.o
LOAD src/ASF/sam/drivers/pio/pio.o
LOAD src/ASF/sam/drivers/pio/pio_handler.o
LOAD src/ASF/sam/drivers/pmc/pmc.o
LOAD src/ASF/sam/drivers/pmc/sleep.o
LOAD src/ASF/sam/utils/cmsis/sam3x/source/templates/exceptions.o
LOAD src/ASF/sam/utils/cmsis/sam3x/source/templates/gcc/startup_sam3x.o
LOAD src/ASF/sam/utils/cmsis/sam3x/source/templates/system_sam3x.o
LOAD src/ASF/sam/utils/syscalls/gcc/syscalls.o
START GROUP
LOAD ../src/ASF/thirdparty/CMSIS/Lib/GCC\libarm_cortexM3l_math.a
LOAD c:/program files (x86)/atmel/atmel toolchain/arm gcc/native/4.8.1429/arm-gnu-toolchain/bin/../lib/gcc/arm-none-eabi/4.8.3/../../../../arm-none-eabi/lib/armv7-m\libm.a
END GROUP
START GROUP
LOAD c:/program files (x86)/atmel/atmel toolchain/arm gcc/native/4.8.1429/arm-gnu-toolchain/bin/../lib/gcc/arm-none-eabi/4.8.3/armv7-m\libgcc.a
LOAD c:/program files (x86)/atmel/atmel toolchain/arm gcc/native/4.8.1429/arm-gnu-toolchain/bin/../lib/gcc/arm-none-eabi/4.8.3/../../../../arm-none-eabi/lib/armv7-m\libc.a
END GROUP
LOAD c:/program files (x86)/atmel/atmel toolchain/arm gcc/native/4.8.1429/arm-gnu-toolchain/bin/../lib/gcc/arm-none-eabi/4.8.3/armv7-m/crtend.o
LOAD c:/program files (x86)/atmel/atmel toolchain/arm gcc/native/4.8.1429/arm-gnu-toolchain/bin/../lib/gcc/arm-none-eabi/4.8.3/armv7-m/crtn.o
                0x00002000                __stack_size__ = DEFINED (__stack_size__)?__stack_size__:0x2000

.text           0x00080000     0x12e8
                0x00080000                . = ALIGN (0x4)
                0x00080000                _sfixed = .
 *(.vectors .vectors.*)
 .vectors       0x00080000       0xf4 src/ASF/sam/utils/cmsis/sam3x/source/templates/gcc/startup_sam3x.o
                0x00080000                exception_table
 *(.text .text.* .gnu.linkonce.t.*)
 .text          0x000800f4       0xb0 c:/program files (x86)/atmel/atmel toolchain/arm gcc/native/4.8.1429/arm-gnu-toolchain/bin/../lib/gcc/arm-none-eabi/4.8.3/armv7-m/crtbegin.o
 .text.adc_setup
                0x000801a4       0x70 src/adcdac.o
                0x000801a4                adc_setup
 .text.dac_setup
                0x00080214       0x5c src/adcdac.o
                0x00080214                dac_setup
 .text.adc_init
                0x00080270       0x34 src/ASF/sam/drivers/adc/adc.o
                0x00080270                adc_init
 .text.adc_set_resolution
                0x000802a4       0x10 src/ASF/sam/drivers/adc/adc.o
                0x000802a4                adc_set_resolution
 .text.adc_configure_trigger
                0x000802b4       0x10 src/ASF/sam/drivers/adc/adc.o
                0x000802b4                adc_configure_trigger
 .text.adc_configure_timing
                0x000802c4       0x20 src/ASF/sam/drivers/adc/adc.o
                0x000802c4                adc_configure_timing
 .text.adc_start
                0x000802e4        0x8 src/ASF/sam/drivers/adc/adc.o
                0x000802e4                adc_start
 .text.adc_enable_channel
                0x000802ec        0xc src/ASF/sam/drivers/adc/adc.o
                0x000802ec                adc_enable_channel
 .text.adc_get_channel_value
                0x000802f8       0x10 src/ASF/sam/drivers/adc/adc.o
                0x000802f8                adc_get_channel_value
 .text.adc_get_status
                0x00080308        0x4 src/ASF/sam/drivers/adc/adc.o
                0x00080308                adc_get_status
 .text.TC0_Handler
                0x0008030c       0xc4 src/sampel.o
                0x0008030c                TC0_Handler
 .text.TC3_Handler
                0x000803d0       0xd0 src/sampel.o
                0x000803d0                TC3_Handler
 .text.configure_tc_audio
                0x000804a0       0x5c src/conf_tc.o
                0x000804a0                configure_tc_audio
 .text.configure_tc_buttons
                0x000804fc       0x5c src/conf_tc.o
                0x000804fc                configure_tc_buttons
 .text.delay_init
                0x00080558       0x40 src/my_delay.o
                0x00080558                delay_init
 .text.delay    0x00080598       0x3c src/my_delay.o
                0x00080598                delay
 .text.dacc_reset
                0x000805d4        0x8 src/ASF/sam/drivers/dacc/dacc.o
                0x000805d4                dacc_reset
 .text.dacc_set_transfer_mode
                0x000805dc       0x18 src/ASF/sam/drivers/dacc/dacc.o
                0x000805dc                dacc_set_transfer_mode
 .text.dacc_write_conversion_data
                0x000805f4        0x4 src/ASF/sam/drivers/dacc/dacc.o
                0x000805f4                dacc_write_conversion_data
 .text.dacc_set_channel_selection
                0x000805f8       0x18 src/ASF/sam/drivers/dacc/dacc.o
                0x000805f8                dacc_set_channel_selection
 .text.dacc_set_timing
                0x00080610       0x30 src/ASF/sam/drivers/dacc/dacc.o
                0x00080610                dacc_set_timing
 .text.dacc_enable_channel
                0x00080640       0x14 src/ASF/sam/drivers/dacc/dacc.o
                0x00080640                dacc_enable_channel
 .text.tc_init  0x00080654       0x1c src/ASF/sam/drivers/tc/tc.o
                0x00080654                tc_init
 .text.tc_set_block_mode
                0x00080670        0x8 src/ASF/sam/drivers/tc/tc.o
                0x00080670                tc_set_block_mode
 .text.tc_start
                0x00080678        0x8 src/ASF/sam/drivers/tc/tc.o
                0x00080678                tc_start
 .text.tc_stop  0x00080680        0x8 src/ASF/sam/drivers/tc/tc.o
                0x00080680                tc_stop
 .text.tc_read_cv
                0x00080688        0x8 src/ASF/sam/drivers/tc/tc.o
                0x00080688                tc_read_cv
 .text.tc_write_rc
                0x00080690        0x8 src/ASF/sam/drivers/tc/tc.o
                0x00080690                tc_write_rc
 .text.tc_enable_interrupt
                0x00080698        0x8 src/ASF/sam/drivers/tc/tc.o
                0x00080698                tc_enable_interrupt
 .text.tc_get_status
                0x000806a0        0x8 src/ASF/sam/drivers/tc/tc.o
                0x000806a0                tc_get_status
 .text.lcd_write
                0x000806a8       0xa0 src/LCDShield.o
                0x000806a8                lcd_write
 .text.LCDInit  0x00080748       0xe4 src/LCDShield.o
                0x00080748                LCDInit
 .text.LCD_Clear_Display
                0x0008082c       0x2c src/LCDShield.o
                0x0008082c                LCD_Clear_Display
 .text.lcd_put_cursor
                0x00080858       0x24 src/LCDShield.o
                0x00080858                lcd_put_cursor
 .text.dispRES  0x0008087c       0xa8 src/LCDShield.o
                0x0008087c                dispRES
 .text.LCDwriteString
                0x00080924       0x20 src/LCDShield.o
                0x00080924                LCDwriteString
 .text.main     0x00080944       0xdc src/main.o
                0x00080944                main
 .text.sysclk_init
                0x00080a20       0x60 src/ASF/common/services/clock/sam3x/sysclk.o
                0x00080a20                sysclk_init
 .text.board_init
                0x00080a80       0x80 src/ASF/sam/boards/arduino_due_x/init.o
                0x00080a80                board_init
 .text.pio_set_peripheral
                0x00080b00       0x40 src/ASF/sam/drivers/pio/pio.o
                0x00080b00                pio_set_peripheral
 .text.pio_set_input
                0x00080b40       0x34 src/ASF/sam/drivers/pio/pio.o
                0x00080b40                pio_set_input
 .text.pio_set_output
                0x00080b74       0x28 src/ASF/sam/drivers/pio/pio.o
                0x00080b74                pio_set_output
 .text.pio_get_interrupt_status
                0x00080b9c        0x4 src/ASF/sam/drivers/pio/pio.o
                0x00080b9c                pio_get_interrupt_status
 .text.pio_get_interrupt_mask
                0x00080ba0        0x4 src/ASF/sam/drivers/pio/pio.o
                0x00080ba0                pio_get_interrupt_mask
 .text.pio_configure_pin
                0x00080ba4       0xd4 src/ASF/sam/drivers/pio/pio.o
                0x00080ba4                pio_configure_pin
 .text.pio_configure_pin_group
                0x00080c78       0xa0 src/ASF/sam/drivers/pio/pio.o
                0x00080c78                pio_configure_pin_group
 .text.pio_handler_process
                0x00080d18       0x4c src/ASF/sam/drivers/pio/pio_handler.o
                0x00080d18                pio_handler_process
 .text.PIOA_Handler
                0x00080d64       0x14 src/ASF/sam/drivers/pio/pio_handler.o
                0x00080d64                PIOA_Handler
 .text.PIOB_Handler
                0x00080d78       0x14 src/ASF/sam/drivers/pio/pio_handler.o
                0x00080d78                PIOB_Handler
 .text.PIOC_Handler
                0x00080d8c       0x14 src/ASF/sam/drivers/pio/pio_handler.o
                0x00080d8c                PIOC_Handler
 .text.PIOD_Handler
                0x00080da0       0x14 src/ASF/sam/drivers/pio/pio_handler.o
                0x00080da0                PIOD_Handler
 .text.pmc_switch_mck_to_pllack
                0x00080db4       0x64 src/ASF/sam/drivers/pmc/pmc.o
                0x00080db4                pmc_switch_mck_to_pllack
 .text.pmc_switch_mainck_to_xtal
                0x00080e18       0x54 src/ASF/sam/drivers/pmc/pmc.o
                0x00080e18                pmc_switch_mainck_to_xtal
 .text.pmc_osc_is_ready_mainck
                0x00080e6c       0x10 src/ASF/sam/drivers/pmc/pmc.o
                0x00080e6c                pmc_osc_is_ready_mainck
 .text.pmc_disable_pllack
                0x00080e7c       0x10 src/ASF/sam/drivers/pmc/pmc.o
                0x00080e7c                pmc_disable_pllack
 .text.pmc_is_locked_pllack
                0x00080e8c       0x10 src/ASF/sam/drivers/pmc/pmc.o
                0x00080e8c                pmc_is_locked_pllack
 .text.pmc_enable_periph_clk
                0x00080e9c       0x58 src/ASF/sam/drivers/pmc/pmc.o
                0x00080e9c                pmc_enable_periph_clk
 .text.Dummy_Handler
                0x00080ef4        0x4 src/ASF/sam/utils/cmsis/sam3x/source/templates/exceptions.o
                0x00080ef4                DACC_Handler
                0x00080ef4                DebugMon_Handler
                0x00080ef4                DMAC_Handler
                0x00080ef4                TRNG_Handler
                0x00080ef4                HardFault_Handler
                0x00080ef4                TC2_Handler
                0x00080ef4                SysTick_Handler
                0x00080ef4                USART3_Handler
                0x00080ef4                TWI1_Handler
                0x00080ef4                PendSV_Handler
                0x00080ef4                NMI_Handler
                0x00080ef4                TC7_Handler
                0x00080ef4                ADC_Handler
                0x00080ef4                SMC_Handler
                0x00080ef4                USART0_Handler
                0x00080ef4                RTT_Handler
                0x00080ef4                EFC1_Handler
                0x00080ef4                RTC_Handler
                0x00080ef4                UsageFault_Handler
                0x00080ef4                TC6_Handler
                0x00080ef4                WDT_Handler
                0x00080ef4                CAN0_Handler
                0x00080ef4                TC4_Handler
                0x00080ef4                TC1_Handler
                0x00080ef4                HSMCI_Handler
                0x00080ef4                Dummy_Handler
                0x00080ef4                TWI0_Handler
                0x00080ef4                USART1_Handler
                0x00080ef4                SSC_Handler
                0x00080ef4                EFC0_Handler
                0x00080ef4                PMC_Handler
                0x00080ef4                PWM_Handler
                0x00080ef4                CAN1_Handler
                0x00080ef4                MemManage_Handler
                0x00080ef4                SUPC_Handler
                0x00080ef4                SVC_Handler
                0x00080ef4                TC8_Handler
                0x00080ef4                USART2_Handler
                0x00080ef4                EMAC_Handler
                0x00080ef4                UART_Handler
                0x00080ef4                BusFault_Handler
                0x00080ef4                RSTC_Handler
                0x00080ef4                TC5_Handler
                0x00080ef4                UOTGHS_Handler
                0x00080ef4                SPI0_Handler
 .text.Reset_Handler
                0x00080ef8       0xb0 src/ASF/sam/utils/cmsis/sam3x/source/templates/gcc/startup_sam3x.o
                0x00080ef8                Reset_Handler
 .text.SystemCoreClockUpdate
                0x00080fa8      0x11c src/ASF/sam/utils/cmsis/sam3x/source/templates/system_sam3x.o
                0x00080fa8                SystemCoreClockUpdate
 .text.system_init_flash
                0x000810c4       0x88 src/ASF/sam/utils/cmsis/sam3x/source/templates/system_sam3x.o
                0x000810c4                system_init_flash
 .text          0x0008114c       0x4c c:/program files (x86)/atmel/atmel toolchain/arm gcc/native/4.8.1429/arm-gnu-toolchain/bin/../lib/gcc/arm-none-eabi/4.8.3/../../../../arm-none-eabi/lib/armv7-m\libc.a(lib_a-init.o)
                0x0008114c                __libc_init_array
 .text.startup  0x00081198       0x14 c:/program files (x86)/atmel/atmel toolchain/arm gcc/native/4.8.1429/arm-gnu-toolchain/bin/../lib/gcc/arm-none-eabi/4.8.3/../../../../arm-none-eabi/lib/armv7-m\libc.a(lib_a-__call_atexit.o)
 .text          0x000811ac        0xc c:/program files (x86)/atmel/atmel toolchain/arm gcc/native/4.8.1429/arm-gnu-toolchain/bin/../lib/gcc/arm-none-eabi/4.8.3/../../../../arm-none-eabi/lib/armv7-m\libc.a(lib_a-atexit.o)
                0x000811ac                atexit
 .text          0x000811b8       0x2c c:/program files (x86)/atmel/atmel toolchain/arm gcc/native/4.8.1429/arm-gnu-toolchain/bin/../lib/gcc/arm-none-eabi/4.8.3/../../../../arm-none-eabi/lib/armv7-m\libc.a(lib_a-fini.o)
                0x000811b8                __libc_fini_array
 .text          0x000811e4       0x98 c:/program files (x86)/atmel/atmel toolchain/arm gcc/native/4.8.1429/arm-gnu-toolchain/bin/../lib/gcc/arm-none-eabi/4.8.3/../../../../arm-none-eabi/lib/armv7-m\libc.a(lib_a-__atexit.o)
                0x000811e4                __register_exitproc
 *(.glue_7t)
 .glue_7t       0x00000000        0x0 linker stubs
 *(.glue_7)
 .glue_7        0x00000000        0x0 linker stubs
 *(.rodata .rodata* .gnu.linkonce.r.*)
 .rodata        0x0008127c       0x10 src/LCDShield.o
 .rodata.str1.4
                0x0008128c       0x30 src/main.o
 .rodata        0x000812bc        0x4 c:/program files (x86)/atmel/atmel toolchain/arm gcc/native/4.8.1429/arm-gnu-toolchain/bin/../lib/gcc/arm-none-eabi/4.8.3/../../../../arm-none-eabi/lib/armv7-m\libc.a(lib_a-impure.o)
                0x000812bc                _global_impure_ptr
 .rodata.str1.1
                0x000812c0        0x2 c:/program files (x86)/atmel/atmel toolchain/arm gcc/native/4.8.1429/arm-gnu-toolchain/bin/../lib/gcc/arm-none-eabi/4.8.3/../../../../arm-none-eabi/lib/armv7-m\libc.a(lib_a-impure.o)
 *(.ARM.extab* .gnu.linkonce.armextab.*)
                0x000812c4                . = ALIGN (0x4)
 *fill*         0x000812c2        0x2 
 *(.init)
 .init          0x000812c4        0x4 c:/program files (x86)/atmel/atmel toolchain/arm gcc/native/4.8.1429/arm-gnu-toolchain/bin/../lib/gcc/arm-none-eabi/4.8.3/armv7-m/crti.o
                0x000812c4                _init
 .init          0x000812c8        0x8 c:/program files (x86)/atmel/atmel toolchain/arm gcc/native/4.8.1429/arm-gnu-toolchain/bin/../lib/gcc/arm-none-eabi/4.8.3/armv7-m/crtn.o
                0x000812d0                . = ALIGN (0x4)
                0x000812d0                __preinit_array_start = .
 *(.preinit_array)
                0x000812d0                __preinit_array_end = .
                0x000812d0                . = ALIGN (0x4)
                0x000812d0                __init_array_start = .
 *(SORT(.init_array.*))
 .init_array.00000
                0x000812d0        0x4 c:/program files (x86)/atmel/atmel toolchain/arm gcc/native/4.8.1429/arm-gnu-toolchain/bin/../lib/gcc/arm-none-eabi/4.8.3/../../../../arm-none-eabi/lib/armv7-m\libc.a(lib_a-__call_atexit.o)
 *(.init_array)
 .init_array    0x000812d4        0x4 c:/program files (x86)/atmel/atmel toolchain/arm gcc/native/4.8.1429/arm-gnu-toolchain/bin/../lib/gcc/arm-none-eabi/4.8.3/armv7-m/crtbegin.o
                0x000812d8                __init_array_end = .
                0x000812d8                . = ALIGN (0x4)
 *crtbegin.o(.ctors)
 *(EXCLUDE_FILE(*crtend.o) .ctors)
 *(SORT(.ctors.*))
 *crtend.o(.ctors)
                0x000812d8                . = ALIGN (0x4)
 *(.fini)
 .fini          0x000812d8        0x4 c:/program files (x86)/atmel/atmel toolchain/arm gcc/native/4.8.1429/arm-gnu-toolchain/bin/../lib/gcc/arm-none-eabi/4.8.3/armv7-m/crti.o
                0x000812d8                _fini
 .fini          0x000812dc        0x8 c:/program files (x86)/atmel/atmel toolchain/arm gcc/native/4.8.1429/arm-gnu-toolchain/bin/../lib/gcc/arm-none-eabi/4.8.3/armv7-m/crtn.o
                0x000812e4                . = ALIGN (0x4)
                0x000812e4                __fini_array_start = .
 *(.fini_array)
 .fini_array    0x000812e4        0x4 c:/program files (x86)/atmel/atmel toolchain/arm gcc/native/4.8.1429/arm-gnu-toolchain/bin/../lib/gcc/arm-none-eabi/4.8.3/armv7-m/crtbegin.o
 *(SORT(.fini_array.*))
                0x000812e8                __fini_array_end = .
 *crtbegin.o(.dtors)
 *(EXCLUDE_FILE(*crtend.o) .dtors)
 *(SORT(.dtors.*))
 *crtend.o(.dtors)
                0x000812e8                . = ALIGN (0x4)
                0x000812e8                _efixed = .
                0x000812e8                PROVIDE (__exidx_start, .)

.vfp11_veneer   0x000812e8        0x0
 .vfp11_veneer  0x00000000        0x0 linker stubs

.v4_bx          0x000812e8        0x0
 .v4_bx         0x00000000        0x0 linker stubs

.iplt           0x000812e8        0x0
 .iplt          0x00000000        0x0 c:/program files (x86)/atmel/atmel toolchain/arm gcc/native/4.8.1429/arm-gnu-toolchain/bin/../lib/gcc/arm-none-eabi/4.8.3/armv7-m/crtbegin.o

.eh_frame       0x000812e8        0x0
 .eh_frame      0x000812e8        0x0 c:/program files (x86)/atmel/atmel toolchain/arm gcc/native/4.8.1429/arm-gnu-toolchain/bin/../lib/gcc/arm-none-eabi/4.8.3/armv7-m/crtbegin.o

.rel.dyn        0x000812e8        0x0
 .rel.iplt      0x00000000        0x0 c:/program files (x86)/atmel/atmel toolchain/arm gcc/native/4.8.1429/arm-gnu-toolchain/bin/../lib/gcc/arm-none-eabi/4.8.3/armv7-m/crtbegin.o

.jcr            0x000812e8        0x0
 .jcr           0x000812e8        0x0 c:/program files (x86)/atmel/atmel toolchain/arm gcc/native/4.8.1429/arm-gnu-toolchain/bin/../lib/gcc/arm-none-eabi/4.8.3/armv7-m/crtbegin.o

.tm_clone_table
                0x000812e8        0x0
 .tm_clone_table
                0x000812e8        0x0 c:/program files (x86)/atmel/atmel toolchain/arm gcc/native/4.8.1429/arm-gnu-toolchain/bin/../lib/gcc/arm-none-eabi/4.8.3/armv7-m/crtbegin.o
 .tm_clone_table
                0x000812e8        0x0 c:/program files (x86)/atmel/atmel toolchain/arm gcc/native/4.8.1429/arm-gnu-toolchain/bin/../lib/gcc/arm-none-eabi/4.8.3/armv7-m/crtend.o

.igot.plt       0x000812e8        0x0
 .igot.plt      0x00000000        0x0 c:/program files (x86)/atmel/atmel toolchain/arm gcc/native/4.8.1429/arm-gnu-toolchain/bin/../lib/gcc/arm-none-eabi/4.8.3/armv7-m/crtbegin.o

.ARM.exidx
 *(.ARM.exidx* .gnu.linkonce.armexidx.*)
                0x000812e8                PROVIDE (__exidx_end, .)
                0x000812e8                . = ALIGN (0x4)
                0x000812e8                _etext = .

.relocate       0x20070000      0x438 load address 0x000812e8
                0x20070000                . = ALIGN (0x4)
                0x20070000                _srelocate = .
 *(.ramfunc .ramfunc.*)
 *(.data .data.*)
 .data.SystemCoreClock
                0x20070000        0x4 src/ASF/sam/utils/cmsis/sam3x/source/templates/system_sam3x.o
                0x20070000                SystemCoreClock
 *fill*         0x20070004        0x4 
 .data          0x20070008      0x430 c:/program files (x86)/atmel/atmel toolchain/arm gcc/native/4.8.1429/arm-gnu-toolchain/bin/../lib/gcc/arm-none-eabi/4.8.3/../../../../arm-none-eabi/lib/armv7-m\libc.a(lib_a-impure.o)
                0x20070008                _impure_ptr
                0x20070438                . = ALIGN (0x4)
                0x20070438                _erelocate = .

.bss            0x20070438     0x4eb8 load address 0x00081720
                0x20070438                . = ALIGN (0x4)
                0x20070438                _sbss = .
                0x20070438                _szero = .
 *(.bss .bss.*)
 .bss           0x20070438       0x1c c:/program files (x86)/atmel/atmel toolchain/arm gcc/native/4.8.1429/arm-gnu-toolchain/bin/../lib/gcc/arm-none-eabi/4.8.3/armv7-m/crtbegin.o
 .bss.i.7873    0x20070454        0x4 src/sampel.o
 .bss.buffer.7872
                0x20070458     0x4e20 src/sampel.o
 .bss.strength  0x20075278        0x4 src/main.o
                0x20075278                strength
 .bss.delay_time
                0x2007527c        0x4 src/main.o
                0x2007527c                delay_time
 .bss.gs_interrupt_sources
                0x20075280       0x70 src/ASF/sam/drivers/pio/pio_handler.o
 *(COMMON)
                0x200752f0                . = ALIGN (0x4)
                0x200752f0                _ebss = .
                0x200752f0                _ezero = .

.stack          0x200752f0     0x2000 load address 0x000865d8
                0x200752f0                . = ALIGN (0x8)
                0x200752f0                _sstack = .
                0x200772f0                . = (. + __stack_size__)
 *fill*         0x200752f0     0x2000 
                0x200772f0                . = ALIGN (0x8)
                0x200772f0                _estack = .
                0x200772f0                . = ALIGN (0x4)
                0x200772f0                _end = .
OUTPUT(inl2.elf elf32-littlearm)

.ARM.attributes
                0x00000000       0x29
 .ARM.attributes
                0x00000000       0x1d c:/program files (x86)/atmel/atmel toolchain/arm gcc/native/4.8.1429/arm-gnu-toolchain/bin/../lib/gcc/arm-none-eabi/4.8.3/armv7-m/crti.o
 .ARM.attributes
                0x0000001d       0x2d c:/program files (x86)/atmel/atmel toolchain/arm gcc/native/4.8.1429/arm-gnu-toolchain/bin/../lib/gcc/arm-none-eabi/4.8.3/armv7-m/crtbegin.o
 .ARM.attributes
                0x0000004a       0x33 src/adcdac.o
 .ARM.attributes
                0x0000007d       0x33 src/ASF/sam/drivers/adc/adc.o
 .ARM.attributes
                0x000000b0       0x33 src/sampel.o
 .ARM.attributes
                0x000000e3       0x33 src/conf_tc.o
 .ARM.attributes
                0x00000116       0x33 src/my_delay.o
 .ARM.attributes
                0x00000149       0x33 src/ASF/sam/drivers/dacc/dacc.o
 .ARM.attributes
                0x0000017c       0x33 src/ASF/sam/drivers/tc/tc.o
 .ARM.attributes
                0x000001af       0x33 src/LCDShield.o
 .ARM.attributes
                0x000001e2       0x33 src/main.o
 .ARM.attributes
                0x00000215       0x33 src/ASF/common/services/clock/sam3x/sysclk.o
 .ARM.attributes
                0x00000248       0x33 src/ASF/sam/boards/arduino_due_x/init.o
 .ARM.attributes
                0x0000027b       0x33 src/ASF/sam/drivers/pio/pio.o
 .ARM.attributes
                0x000002ae       0x33 src/ASF/sam/drivers/pio/pio_handler.o
 .ARM.attributes
                0x000002e1       0x33 src/ASF/sam/drivers/pmc/pmc.o
 .ARM.attributes
                0x00000314       0x33 src/ASF/sam/utils/cmsis/sam3x/source/templates/exceptions.o
 .ARM.attributes
                0x00000347       0x33 src/ASF/sam/utils/cmsis/sam3x/source/templates/gcc/startup_sam3x.o
 .ARM.attributes
                0x0000037a       0x33 src/ASF/sam/utils/cmsis/sam3x/source/templates/system_sam3x.o
 .ARM.attributes
                0x000003ad       0x2d c:/program files (x86)/atmel/atmel toolchain/arm gcc/native/4.8.1429/arm-gnu-toolchain/bin/../lib/gcc/arm-none-eabi/4.8.3/../../../../arm-none-eabi/lib/armv7-m\libc.a(lib_a-impure.o)
 .ARM.attributes
                0x000003da       0x2d c:/program files (x86)/atmel/atmel toolchain/arm gcc/native/4.8.1429/arm-gnu-toolchain/bin/../lib/gcc/arm-none-eabi/4.8.3/../../../../arm-none-eabi/lib/armv7-m\libc.a(lib_a-init.o)
 .ARM.attributes
                0x00000407       0x2d c:/program files (x86)/atmel/atmel toolchain/arm gcc/native/4.8.1429/arm-gnu-toolchain/bin/../lib/gcc/arm-none-eabi/4.8.3/../../../../arm-none-eabi/lib/armv7-m\libc.a(lib_a-__call_atexit.o)
 .ARM.attributes
                0x00000434       0x2d c:/program files (x86)/atmel/atmel toolchain/arm gcc/native/4.8.1429/arm-gnu-toolchain/bin/../lib/gcc/arm-none-eabi/4.8.3/../../../../arm-none-eabi/lib/armv7-m\libc.a(lib_a-atexit.o)
 .ARM.attributes
                0x00000461       0x2d c:/program files (x86)/atmel/atmel toolchain/arm gcc/native/4.8.1429/arm-gnu-toolchain/bin/../lib/gcc/arm-none-eabi/4.8.3/../../../../arm-none-eabi/lib/armv7-m\libc.a(lib_a-fini.o)
 .ARM.attributes
                0x0000048e       0x2d c:/program files (x86)/atmel/atmel toolchain/arm gcc/native/4.8.1429/arm-gnu-toolchain/bin/../lib/gcc/arm-none-eabi/4.8.3/../../../../arm-none-eabi/lib/armv7-m\libc.a(lib_a-__atexit.o)
 .ARM.attributes
                0x000004bb       0x2d c:/program files (x86)/atmel/atmel toolchain/arm gcc/native/4.8.1429/arm-gnu-toolchain/bin/../lib/gcc/arm-none-eabi/4.8.3/armv7-m/crtend.o
 .ARM.attributes
                0x000004e8       0x1d c:/program files (x86)/atmel/atmel toolchain/arm gcc/native/4.8.1429/arm-gnu-toolchain/bin/../lib/gcc/arm-none-eabi/4.8.3/armv7-m/crtn.o

.comment        0x00000000       0x71
 .comment       0x00000000       0x71 c:/program files (x86)/atmel/atmel toolchain/arm gcc/native/4.8.1429/arm-gnu-toolchain/bin/../lib/gcc/arm-none-eabi/4.8.3/armv7-m/crtbegin.o
                                 0x72 (size before relaxing)
 .comment       0x00000000       0x72 src/adcdac.o
 .comment       0x00000000       0x72 src/ASF/sam/drivers/adc/adc.o
 .comment       0x00000000       0x72 src/sampel.o
 .comment       0x00000000       0x72 src/conf_tc.o
 .comment       0x00000000       0x72 src/my_delay.o
 .comment       0x00000000       0x72 src/ASF/sam/drivers/dacc/dacc.o
 .comment       0x00000000       0x72 src/ASF/sam/drivers/tc/tc.o
 .comment       0x00000000       0x72 src/LCDShield.o
 .comment       0x00000000       0x72 src/main.o
 .comment       0x00000000       0x72 src/ASF/common/services/clock/sam3x/sysclk.o
 .comment       0x00000000       0x72 src/ASF/sam/boards/arduino_due_x/init.o
 .comment       0x00000000       0x72 src/ASF/sam/drivers/pio/pio.o
 .comment       0x00000000       0x72 src/ASF/sam/drivers/pio/pio_handler.o
 .comment       0x00000000       0x72 src/ASF/sam/drivers/pmc/pmc.o
 .comment       0x00000000       0x72 src/ASF/sam/utils/cmsis/sam3x/source/templates/exceptions.o
 .comment       0x00000000       0x72 src/ASF/sam/utils/cmsis/sam3x/source/templates/gcc/startup_sam3x.o
 .comment       0x00000000       0x72 src/ASF/sam/utils/cmsis/sam3x/source/templates/system_sam3x.o
 .comment       0x00000000       0x72 c:/program files (x86)/atmel/atmel toolchain/arm gcc/native/4.8.1429/arm-gnu-toolchain/bin/../lib/gcc/arm-none-eabi/4.8.3/../../../../arm-none-eabi/lib/armv7-m\libc.a(lib_a-impure.o)
 .comment       0x00000000       0x72 c:/program files (x86)/atmel/atmel toolchain/arm gcc/native/4.8.1429/arm-gnu-toolchain/bin/../lib/gcc/arm-none-eabi/4.8.3/../../../../arm-none-eabi/lib/armv7-m\libc.a(lib_a-init.o)
 .comment       0x00000000       0x72 c:/program files (x86)/atmel/atmel toolchain/arm gcc/native/4.8.1429/arm-gnu-toolchain/bin/../lib/gcc/arm-none-eabi/4.8.3/../../../../arm-none-eabi/lib/armv7-m\libc.a(lib_a-__call_atexit.o)
 .comment       0x00000000       0x72 c:/program files (x86)/atmel/atmel toolchain/arm gcc/native/4.8.1429/arm-gnu-toolchain/bin/../lib/gcc/arm-none-eabi/4.8.3/../../../../arm-none-eabi/lib/armv7-m\libc.a(lib_a-atexit.o)
 .comment       0x00000000       0x72 c:/program files (x86)/atmel/atmel toolchain/arm gcc/native/4.8.1429/arm-gnu-toolchain/bin/../lib/gcc/arm-none-eabi/4.8.3/../../../../arm-none-eabi/lib/armv7-m\libc.a(lib_a-fini.o)
 .comment       0x00000000       0x72 c:/program files (x86)/atmel/atmel toolchain/arm gcc/native/4.8.1429/arm-gnu-toolchain/bin/../lib/gcc/arm-none-eabi/4.8.3/../../../../arm-none-eabi/lib/armv7-m\libc.a(lib_a-__atexit.o)
 .comment       0x00000000       0x72 c:/program files (x86)/atmel/atmel toolchain/arm gcc/native/4.8.1429/arm-gnu-toolchain/bin/../lib/gcc/arm-none-eabi/4.8.3/armv7-m/crtend.o

.debug_info     0x00000000     0xc122
 .debug_info    0x00000000      0x80f src/adcdac.o
 .debug_info    0x0000080f     0x1142 src/ASF/sam/drivers/adc/adc.o
 .debug_info    0x00001951      0x93e src/sampel.o
 .debug_info    0x0000228f      0x6fb src/conf_tc.o
 .debug_info    0x0000298a      0x3cb src/my_delay.o
 .debug_info    0x00002d55      0x896 src/ASF/sam/drivers/dacc/dacc.o
 .debug_info    0x000035eb      0x92f src/ASF/sam/drivers/tc/tc.o
 .debug_info    0x00003f1a     0x1681 src/LCDShield.o
 .debug_info    0x0000559b      0x31c src/main.o
 .debug_info    0x000058b7      0x766 src/ASF/common/services/clock/sam3x/sysclk.o
 .debug_info    0x0000601d      0x744 src/ASF/sam/boards/arduino_due_x/init.o
 .debug_info    0x00006761     0x1227 src/ASF/sam/drivers/pio/pio.o
 .debug_info    0x00007988      0xded src/ASF/sam/drivers/pio/pio_handler.o
 .debug_info    0x00008775     0x101c src/ASF/sam/drivers/pmc/pmc.o
 .debug_info    0x00009791       0xae src/ASF/sam/utils/cmsis/sam3x/source/templates/exceptions.o
 .debug_info    0x0000983f      0x34c src/ASF/sam/utils/cmsis/sam3x/source/templates/gcc/startup_sam3x.o
 .debug_info    0x00009b8b      0x460 src/ASF/sam/utils/cmsis/sam3x/source/templates/system_sam3x.o
 .debug_info    0x00009feb      0x96c c:/program files (x86)/atmel/atmel toolchain/arm gcc/native/4.8.1429/arm-gnu-toolchain/bin/../lib/gcc/arm-none-eabi/4.8.3/../../../../arm-none-eabi/lib/armv7-m\libc.a(lib_a-impure.o)
 .debug_info    0x0000a957      0x112 c:/program files (x86)/atmel/atmel toolchain/arm gcc/native/4.8.1429/arm-gnu-toolchain/bin/../lib/gcc/arm-none-eabi/4.8.3/../../../../arm-none-eabi/lib/armv7-m\libc.a(lib_a-init.o)
 .debug_info    0x0000aa69      0xa9d c:/program files (x86)/atmel/atmel toolchain/arm gcc/native/4.8.1429/arm-gnu-toolchain/bin/../lib/gcc/arm-none-eabi/4.8.3/../../../../arm-none-eabi/lib/armv7-m\libc.a(lib_a-__call_atexit.o)
 .debug_info    0x0000b506      0x10f c:/program files (x86)/atmel/atmel toolchain/arm gcc/native/4.8.1429/arm-gnu-toolchain/bin/../lib/gcc/arm-none-eabi/4.8.3/../../../../arm-none-eabi/lib/armv7-m\libc.a(lib_a-atexit.o)
 .debug_info    0x0000b615       0xf9 c:/program files (x86)/atmel/atmel toolchain/arm gcc/native/4.8.1429/arm-gnu-toolchain/bin/../lib/gcc/arm-none-eabi/4.8.3/../../../../arm-none-eabi/lib/armv7-m\libc.a(lib_a-fini.o)
 .debug_info    0x0000b70e      0xa14 c:/program files (x86)/atmel/atmel toolchain/arm gcc/native/4.8.1429/arm-gnu-toolchain/bin/../lib/gcc/arm-none-eabi/4.8.3/../../../../arm-none-eabi/lib/armv7-m\libc.a(lib_a-__atexit.o)

.debug_abbrev   0x00000000     0x237b
 .debug_abbrev  0x00000000      0x149 src/adcdac.o
 .debug_abbrev  0x00000149      0x226 src/ASF/sam/drivers/adc/adc.o
 .debug_abbrev  0x0000036f      0x13c src/sampel.o
 .debug_abbrev  0x000004ab      0x181 src/conf_tc.o
 .debug_abbrev  0x0000062c       0xff src/my_delay.o
 .debug_abbrev  0x0000072b      0x1c6 src/ASF/sam/drivers/dacc/dacc.o
 .debug_abbrev  0x000008f1      0x1bb src/ASF/sam/drivers/tc/tc.o
 .debug_abbrev  0x00000aac      0x25a src/LCDShield.o
 .debug_abbrev  0x00000d06      0x13d src/main.o
 .debug_abbrev  0x00000e43      0x227 src/ASF/common/services/clock/sam3x/sysclk.o
 .debug_abbrev  0x0000106a      0x16f src/ASF/sam/boards/arduino_due_x/init.o
 .debug_abbrev  0x000011d9      0x298 src/ASF/sam/drivers/pio/pio.o
 .debug_abbrev  0x00001471      0x257 src/ASF/sam/drivers/pio/pio_handler.o
 .debug_abbrev  0x000016c8      0x268 src/ASF/sam/drivers/pmc/pmc.o
 .debug_abbrev  0x00001930       0x6c src/ASF/sam/utils/cmsis/sam3x/source/templates/exceptions.o
 .debug_abbrev  0x0000199c      0x109 src/ASF/sam/utils/cmsis/sam3x/source/templates/gcc/startup_sam3x.o
 .debug_abbrev  0x00001aa5       0xf5 src/ASF/sam/utils/cmsis/sam3x/source/templates/system_sam3x.o
 .debug_abbrev  0x00001b9a      0x160 c:/program files (x86)/atmel/atmel toolchain/arm gcc/native/4.8.1429/arm-gnu-toolchain/bin/../lib/gcc/arm-none-eabi/4.8.3/../../../../arm-none-eabi/lib/armv7-m\libc.a(lib_a-impure.o)
 .debug_abbrev  0x00001cfa       0xb8 c:/program files (x86)/atmel/atmel toolchain/arm gcc/native/4.8.1429/arm-gnu-toolchain/bin/../lib/gcc/arm-none-eabi/4.8.3/../../../../arm-none-eabi/lib/armv7-m\libc.a(lib_a-init.o)
 .debug_abbrev  0x00001db2      0x269 c:/program files (x86)/atmel/atmel toolchain/arm gcc/native/4.8.1429/arm-gnu-toolchain/bin/../lib/gcc/arm-none-eabi/4.8.3/../../../../arm-none-eabi/lib/armv7-m\libc.a(lib_a-__call_atexit.o)
 .debug_abbrev  0x0000201b       0xb6 c:/program files (x86)/atmel/atmel toolchain/arm gcc/native/4.8.1429/arm-gnu-toolchain/bin/../lib/gcc/arm-none-eabi/4.8.3/../../../../arm-none-eabi/lib/armv7-m\libc.a(lib_a-atexit.o)
 .debug_abbrev  0x000020d1       0xbb c:/program files (x86)/atmel/atmel toolchain/arm gcc/native/4.8.1429/arm-gnu-toolchain/bin/../lib/gcc/arm-none-eabi/4.8.3/../../../../arm-none-eabi/lib/armv7-m\libc.a(lib_a-fini.o)
 .debug_abbrev  0x0000218c      0x1ef c:/program files (x86)/atmel/atmel toolchain/arm gcc/native/4.8.1429/arm-gnu-toolchain/bin/../lib/gcc/arm-none-eabi/4.8.3/../../../../arm-none-eabi/lib/armv7-m\libc.a(lib_a-__atexit.o)

.debug_loc      0x00000000     0x39b2
 .debug_loc     0x00000000       0x40 src/adcdac.o
 .debug_loc     0x00000040      0x9b7 src/ASF/sam/drivers/adc/adc.o
 .debug_loc     0x000009f7       0xa0 src/sampel.o
 .debug_loc     0x00000a97       0x40 src/conf_tc.o
 .debug_loc     0x00000ad7       0x6c src/my_delay.o
 .debug_loc     0x00000b43      0x3a7 src/ASF/sam/drivers/dacc/dacc.o
 .debug_loc     0x00000eea      0x57a src/ASF/sam/drivers/tc/tc.o
 .debug_loc     0x00001464      0x529 src/LCDShield.o
 .debug_loc     0x0000198d       0x20 src/main.o
 .debug_loc     0x000019ad      0x12d src/ASF/common/services/clock/sam3x/sysclk.o
 .debug_loc     0x00001ada       0x20 src/ASF/sam/boards/arduino_due_x/init.o
 .debug_loc     0x00001afa      0x9dd src/ASF/sam/drivers/pio/pio.o
 .debug_loc     0x000024d7      0x473 src/ASF/sam/drivers/pio/pio_handler.o
 .debug_loc     0x0000294a      0xc0b src/ASF/sam/drivers/pmc/pmc.o
 .debug_loc     0x00003555       0x7e src/ASF/sam/utils/cmsis/sam3x/source/templates/gcc/startup_sam3x.o
 .debug_loc     0x000035d3       0x74 c:/program files (x86)/atmel/atmel toolchain/arm gcc/native/4.8.1429/arm-gnu-toolchain/bin/../lib/gcc/arm-none-eabi/4.8.3/../../../../arm-none-eabi/lib/armv7-m\libc.a(lib_a-init.o)
 .debug_loc     0x00003647      0x199 c:/program files (x86)/atmel/atmel toolchain/arm gcc/native/4.8.1429/arm-gnu-toolchain/bin/../lib/gcc/arm-none-eabi/4.8.3/../../../../arm-none-eabi/lib/armv7-m\libc.a(lib_a-__call_atexit.o)
 .debug_loc     0x000037e0       0x2c c:/program files (x86)/atmel/atmel toolchain/arm gcc/native/4.8.1429/arm-gnu-toolchain/bin/../lib/gcc/arm-none-eabi/4.8.3/../../../../arm-none-eabi/lib/armv7-m\libc.a(lib_a-atexit.o)
 .debug_loc     0x0000380c       0x5e c:/program files (x86)/atmel/atmel toolchain/arm gcc/native/4.8.1429/arm-gnu-toolchain/bin/../lib/gcc/arm-none-eabi/4.8.3/../../../../arm-none-eabi/lib/armv7-m\libc.a(lib_a-fini.o)
 .debug_loc     0x0000386a      0x148 c:/program files (x86)/atmel/atmel toolchain/arm gcc/native/4.8.1429/arm-gnu-toolchain/bin/../lib/gcc/arm-none-eabi/4.8.3/../../../../arm-none-eabi/lib/armv7-m\libc.a(lib_a-__atexit.o)

.debug_aranges  0x00000000      0x938
 .debug_aranges
                0x00000000       0x28 src/adcdac.o
 .debug_aranges
                0x00000028      0x178 src/ASF/sam/drivers/adc/adc.o
 .debug_aranges
                0x000001a0       0x28 src/sampel.o
 .debug_aranges
                0x000001c8       0x28 src/conf_tc.o
 .debug_aranges
                0x000001f0       0x28 src/my_delay.o
 .debug_aranges
                0x00000218       0xc0 src/ASF/sam/drivers/dacc/dacc.o
 .debug_aranges
                0x000002d8       0xd0 src/ASF/sam/drivers/tc/tc.o
 .debug_aranges
                0x000003a8       0x48 src/LCDShield.o
 .debug_aranges
                0x000003f0       0x20 src/main.o
 .debug_aranges
                0x00000410       0x40 src/ASF/common/services/clock/sam3x/sysclk.o
 .debug_aranges
                0x00000450       0x20 src/ASF/sam/boards/arduino_due_x/init.o
 .debug_aranges
                0x00000470      0x148 src/ASF/sam/drivers/pio/pio.o
 .debug_aranges
                0x000005b8       0x58 src/ASF/sam/drivers/pio/pio_handler.o
 .debug_aranges
                0x00000610      0x1f8 src/ASF/sam/drivers/pmc/pmc.o
 .debug_aranges
                0x00000808       0x20 src/ASF/sam/utils/cmsis/sam3x/source/templates/exceptions.o
 .debug_aranges
                0x00000828       0x20 src/ASF/sam/utils/cmsis/sam3x/source/templates/gcc/startup_sam3x.o
 .debug_aranges
                0x00000848       0x30 src/ASF/sam/utils/cmsis/sam3x/source/templates/system_sam3x.o
 .debug_aranges
                0x00000878       0x18 c:/program files (x86)/atmel/atmel toolchain/arm gcc/native/4.8.1429/arm-gnu-toolchain/bin/../lib/gcc/arm-none-eabi/4.8.3/../../../../arm-none-eabi/lib/armv7-m\libc.a(lib_a-impure.o)
 .debug_aranges
                0x00000890       0x20 c:/program files (x86)/atmel/atmel toolchain/arm gcc/native/4.8.1429/arm-gnu-toolchain/bin/../lib/gcc/arm-none-eabi/4.8.3/../../../../arm-none-eabi/lib/armv7-m\libc.a(lib_a-init.o)
 .debug_aranges
                0x000008b0       0x28 c:/program files (x86)/atmel/atmel toolchain/arm gcc/native/4.8.1429/arm-gnu-toolchain/bin/../lib/gcc/arm-none-eabi/4.8.3/../../../../arm-none-eabi/lib/armv7-m\libc.a(lib_a-__call_atexit.o)
 .debug_aranges
                0x000008d8       0x20 c:/program files (x86)/atmel/atmel toolchain/arm gcc/native/4.8.1429/arm-gnu-toolchain/bin/../lib/gcc/arm-none-eabi/4.8.3/../../../../arm-none-eabi/lib/armv7-m\libc.a(lib_a-atexit.o)
 .debug_aranges
                0x000008f8       0x20 c:/program files (x86)/atmel/atmel toolchain/arm gcc/native/4.8.1429/arm-gnu-toolchain/bin/../lib/gcc/arm-none-eabi/4.8.3/../../../../arm-none-eabi/lib/armv7-m\libc.a(lib_a-fini.o)
 .debug_aranges
                0x00000918       0x20 c:/program files (x86)/atmel/atmel toolchain/arm gcc/native/4.8.1429/arm-gnu-toolchain/bin/../lib/gcc/arm-none-eabi/4.8.3/../../../../arm-none-eabi/lib/armv7-m\libc.a(lib_a-__atexit.o)

.debug_ranges   0x00000000      0x780
 .debug_ranges  0x00000000       0x18 src/adcdac.o
 .debug_ranges  0x00000018      0x168 src/ASF/sam/drivers/adc/adc.o
 .debug_ranges  0x00000180       0x18 src/sampel.o
 .debug_ranges  0x00000198       0x18 src/conf_tc.o
 .debug_ranges  0x000001b0       0x18 src/my_delay.o
 .debug_ranges  0x000001c8       0xb0 src/ASF/sam/drivers/dacc/dacc.o
 .debug_ranges  0x00000278       0xc0 src/ASF/sam/drivers/tc/tc.o
 .debug_ranges  0x00000338       0x38 src/LCDShield.o
 .debug_ranges  0x00000370       0x10 src/main.o
 .debug_ranges  0x00000380       0x30 src/ASF/common/services/clock/sam3x/sysclk.o
 .debug_ranges  0x000003b0       0x10 src/ASF/sam/boards/arduino_due_x/init.o
 .debug_ranges  0x000003c0      0x138 src/ASF/sam/drivers/pio/pio.o
 .debug_ranges  0x000004f8       0x48 src/ASF/sam/drivers/pio/pio_handler.o
 .debug_ranges  0x00000540      0x1e8 src/ASF/sam/drivers/pmc/pmc.o
 .debug_ranges  0x00000728       0x10 src/ASF/sam/utils/cmsis/sam3x/source/templates/exceptions.o
 .debug_ranges  0x00000738       0x10 src/ASF/sam/utils/cmsis/sam3x/source/templates/gcc/startup_sam3x.o
 .debug_ranges  0x00000748       0x20 src/ASF/sam/utils/cmsis/sam3x/source/templates/system_sam3x.o
 .debug_ranges  0x00000768       0x18 c:/program files (x86)/atmel/atmel toolchain/arm gcc/native/4.8.1429/arm-gnu-toolchain/bin/../lib/gcc/arm-none-eabi/4.8.3/../../../../arm-none-eabi/lib/armv7-m\libc.a(lib_a-__call_atexit.o)

.debug_macro    0x00000000    0x1723c
 .debug_macro   0x00000000      0x5bb src/adcdac.o
 .debug_macro   0x000005bb      0x868 src/adcdac.o
 .debug_macro   0x00000e23      0x166 src/adcdac.o
 .debug_macro   0x00000f89      0x2ee src/adcdac.o
 .debug_macro   0x00001277       0x76 src/adcdac.o
 .debug_macro   0x000012ed       0x16 src/adcdac.o
 .debug_macro   0x00001303      0x6e1 src/adcdac.o
 .debug_macro   0x000019e4       0x52 src/adcdac.o
 .debug_macro   0x00001a36       0x16 src/adcdac.o
 .debug_macro   0x00001a4c       0x35 src/adcdac.o
 .debug_macro   0x00001a81       0xa3 src/adcdac.o
 .debug_macro   0x00001b24      0x20e src/adcdac.o
 .debug_macro   0x00001d32       0x20 src/adcdac.o
 .debug_macro   0x00001d52       0x3a src/adcdac.o
 .debug_macro   0x00001d8c       0x18 src/adcdac.o
 .debug_macro   0x00001da4      0xb08 src/adcdac.o
 .debug_macro   0x000028ac      0xab3 src/adcdac.o
 .debug_macro   0x0000335f      0x566 src/adcdac.o
 .debug_macro   0x000038c5      0x2b2 src/adcdac.o
 .debug_macro   0x00003b77      0x317 src/adcdac.o
 .debug_macro   0x00003e8e      0x74c src/adcdac.o
 .debug_macro   0x000045da       0x82 src/adcdac.o
 .debug_macro   0x0000465c      0x578 src/adcdac.o
 .debug_macro   0x00004bd4       0x1c src/adcdac.o
 .debug_macro   0x00004bf0      0x6b5 src/adcdac.o
 .debug_macro   0x000052a5      0x52a src/adcdac.o
 .debug_macro   0x000057cf       0xbe src/adcdac.o
 .debug_macro   0x0000588d     0x233f src/adcdac.o
 .debug_macro   0x00007bcc      0x85a src/adcdac.o
 .debug_macro   0x00008426      0xdc6 src/adcdac.o
 .debug_macro   0x000091ec       0x7c src/adcdac.o
 .debug_macro   0x00009268      0x261 src/adcdac.o
 .debug_macro   0x000094c9       0x58 src/adcdac.o
 .debug_macro   0x00009521      0x9a5 src/adcdac.o
 .debug_macro   0x00009ec6      0x246 src/adcdac.o
 .debug_macro   0x0000a10c      0x4dc src/adcdac.o
 .debug_macro   0x0000a5e8      0x6b0 src/adcdac.o
 .debug_macro   0x0000ac98      0x59c src/adcdac.o
 .debug_macro   0x0000b234       0x46 src/adcdac.o
 .debug_macro   0x0000b27a      0x34a src/adcdac.o
 .debug_macro   0x0000b5c4      0x289 src/adcdac.o
 .debug_macro   0x0000b84d     0x14d7 src/adcdac.o
 .debug_macro   0x0000cd24      0x7b7 src/adcdac.o
 .debug_macro   0x0000d4db       0x76 src/adcdac.o
 .debug_macro   0x0000d551       0x82 src/adcdac.o
 .debug_macro   0x0000d5d3       0x76 src/adcdac.o
 .debug_macro   0x0000d649       0x4c src/adcdac.o
 .debug_macro   0x0000d695      0x102 src/adcdac.o
 .debug_macro   0x0000d797      0x102 src/adcdac.o
 .debug_macro   0x0000d899      0x102 src/adcdac.o
 .debug_macro   0x0000d99b       0x88 src/adcdac.o
 .debug_macro   0x0000da23       0x88 src/adcdac.o
 .debug_macro   0x0000daab      0x3b4 src/adcdac.o
 .debug_macro   0x0000de5f       0xb8 src/adcdac.o
 .debug_macro   0x0000df17       0xb8 src/adcdac.o
 .debug_macro   0x0000dfcf       0xb8 src/adcdac.o
 .debug_macro   0x0000e087       0xb8 src/adcdac.o
 .debug_macro   0x0000e13f      0x2b8 src/adcdac.o
 .debug_macro   0x0000e3f7      0x122 src/adcdac.o
 .debug_macro   0x0000e519      0x222 src/adcdac.o
 .debug_macro   0x0000e73b      0x222 src/adcdac.o
 .debug_macro   0x0000e95d       0x2e src/adcdac.o
 .debug_macro   0x0000e98b       0xac src/adcdac.o
 .debug_macro   0x0000ea37      0x14a src/adcdac.o
 .debug_macro   0x0000eb81       0x7c src/adcdac.o
 .debug_macro   0x0000ebfd      0x202 src/adcdac.o
 .debug_macro   0x0000edff       0x64 src/adcdac.o
 .debug_macro   0x0000ee63       0xa6 src/adcdac.o
 .debug_macro   0x0000ef09       0x7c src/adcdac.o
 .debug_macro   0x0000ef85       0x16 src/adcdac.o
 .debug_macro   0x0000ef9b       0x22 src/adcdac.o
 .debug_macro   0x0000efbd       0x22 src/adcdac.o
 .debug_macro   0x0000efdf      0x112 src/adcdac.o
 .debug_macro   0x0000f0f1      0x112 src/adcdac.o
 .debug_macro   0x0000f203      0x112 src/adcdac.o
 .debug_macro   0x0000f315      0x112 src/adcdac.o
 .debug_macro   0x0000f427       0x1c src/adcdac.o
 .debug_macro   0x0000f443       0x2e src/adcdac.o
 .debug_macro   0x0000f471       0x22 src/adcdac.o
 .debug_macro   0x0000f493       0x1c src/adcdac.o
 .debug_macro   0x0000f4af       0x58 src/adcdac.o
 .debug_macro   0x0000f507       0x10 src/adcdac.o
 .debug_macro   0x0000f517      0x273 src/adcdac.o
 .debug_macro   0x0000f78a      0xd40 src/adcdac.o
 .debug_macro   0x000104ca      0x131 src/adcdac.o
 .debug_macro   0x000105fb       0x16 src/adcdac.o
 .debug_macro   0x00010611       0x35 src/adcdac.o
 .debug_macro   0x00010646       0x10 src/adcdac.o
 .debug_macro   0x00010656       0x3a src/adcdac.o
 .debug_macro   0x00010690       0x52 src/adcdac.o
 .debug_macro   0x000106e2       0x16 src/adcdac.o
 .debug_macro   0x000106f8       0x43 src/adcdac.o
 .debug_macro   0x0001073b      0x180 src/adcdac.o
 .debug_macro   0x000108bb       0x10 src/adcdac.o
 .debug_macro   0x000108cb       0x22 src/adcdac.o
 .debug_macro   0x000108ed       0xbd src/adcdac.o
 .debug_macro   0x000109aa       0x16 src/adcdac.o
 .debug_macro   0x000109c0      0x16c src/adcdac.o
 .debug_macro   0x00010b2c       0x22 src/adcdac.o
 .debug_macro   0x00010b4e       0x16 src/adcdac.o
 .debug_macro   0x00010b64       0x16 src/adcdac.o
 .debug_macro   0x00010b7a       0x29 src/adcdac.o
 .debug_macro   0x00010ba3       0x66 src/adcdac.o
 .debug_macro   0x00010c09       0x3e src/adcdac.o
 .debug_macro   0x00010c47      0x3c3 src/adcdac.o
 .debug_macro   0x0001100a       0x1c src/adcdac.o
 .debug_macro   0x00011026       0x16 src/adcdac.o
 .debug_macro   0x0001103c       0x94 src/adcdac.o
 .debug_macro   0x000110d0       0x40 src/adcdac.o
 .debug_macro   0x00011110      0x1e3 src/adcdac.o
 .debug_macro   0x000112f3      0x78f src/adcdac.o
 .debug_macro   0x00011a82       0x34 src/adcdac.o
 .debug_macro   0x00011ab6       0x58 src/adcdac.o
 .debug_macro   0x00011b0e       0x64 src/adcdac.o
 .debug_macro   0x00011b72       0x5f src/adcdac.o
 .debug_macro   0x00011bd1       0x90 src/adcdac.o
 .debug_macro   0x00011c61       0x6a src/adcdac.o
 .debug_macro   0x00011ccb       0x2e src/adcdac.o
 .debug_macro   0x00011cf9       0x1c src/adcdac.o
 .debug_macro   0x00011d15      0x4b6 src/ASF/sam/drivers/adc/adc.o
 .debug_macro   0x000121cb      0x5bb src/sampel.o
 .debug_macro   0x00012786       0x10 src/sampel.o
 .debug_macro   0x00012796       0x3a src/sampel.o
 .debug_macro   0x000127d0      0x5b2 src/conf_tc.o
 .debug_macro   0x00012d82      0x5ac src/my_delay.o
 .debug_macro   0x0001332e       0x97 src/my_delay.o
 .debug_macro   0x000133c5       0xef src/my_delay.o
 .debug_macro   0x000134b4      0x214 src/my_delay.o
 .debug_macro   0x000136c8      0x4c2 src/ASF/sam/drivers/dacc/dacc.o
 .debug_macro   0x00013b8a       0x10 src/ASF/sam/drivers/dacc/dacc.o
 .debug_macro   0x00013b9a      0x4c8 src/ASF/sam/drivers/tc/tc.o
 .debug_macro   0x00014062       0x16 src/ASF/sam/drivers/tc/tc.o
 .debug_macro   0x00014078       0x1c src/ASF/sam/drivers/tc/tc.o
 .debug_macro   0x00014094      0x5ba src/LCDShield.o
 .debug_macro   0x0001464e      0x5e5 src/main.o
 .debug_macro   0x00014c33      0x527 src/ASF/common/services/clock/sam3x/sysclk.o
 .debug_macro   0x0001515a      0x1dd src/ASF/common/services/clock/sam3x/sysclk.o
 .debug_macro   0x00015337      0x566 src/ASF/sam/boards/arduino_due_x/init.o
 .debug_macro   0x0001589d       0x16 src/ASF/sam/boards/arduino_due_x/init.o
 .debug_macro   0x000158b3      0x4c3 src/ASF/sam/drivers/pio/pio.o
 .debug_macro   0x00015d76       0x8e src/ASF/sam/drivers/pio/pio.o
 .debug_macro   0x00015e04      0x4d0 src/ASF/sam/drivers/pio/pio_handler.o
 .debug_macro   0x000162d4      0x4bc src/ASF/sam/drivers/pmc/pmc.o
 .debug_macro   0x00016790       0x52 src/ASF/sam/drivers/pmc/pmc.o
 .debug_macro   0x000167e2      0x35c src/ASF/sam/utils/cmsis/sam3x/source/templates/exceptions.o
 .debug_macro   0x00016b3e      0x36a src/ASF/sam/utils/cmsis/sam3x/source/templates/gcc/startup_sam3x.o
 .debug_macro   0x00016ea8      0x36e src/ASF/sam/utils/cmsis/sam3x/source/templates/system_sam3x.o
 .debug_macro   0x00017216       0x26 src/ASF/sam/utils/cmsis/sam3x/source/templates/system_sam3x.o

.debug_line     0x00000000     0xe252
 .debug_line    0x00000000      0xd92 src/adcdac.o
 .debug_line    0x00000d92      0xe49 src/ASF/sam/drivers/adc/adc.o
 .debug_line    0x00001bdb      0xdbf src/sampel.o
 .debug_line    0x0000299a      0xda1 src/conf_tc.o
 .debug_line    0x0000373b      0xd91 src/my_delay.o
 .debug_line    0x000044cc      0xc43 src/ASF/sam/drivers/dacc/dacc.o
 .debug_line    0x0000510f      0xc7a src/ASF/sam/drivers/tc/tc.o
 .debug_line    0x00005d89      0xee6 src/LCDShield.o
 .debug_line    0x00006c6f      0xded src/main.o
 .debug_line    0x00007a5c      0xc49 src/ASF/common/services/clock/sam3x/sysclk.o
 .debug_line    0x000086a5      0xcdf src/ASF/sam/boards/arduino_due_x/init.o
 .debug_line    0x00009384      0xe18 src/ASF/sam/drivers/pio/pio.o
 .debug_line    0x0000a19c      0xb97 src/ASF/sam/drivers/pio/pio_handler.o
 .debug_line    0x0000ad33     0x1029 src/ASF/sam/drivers/pmc/pmc.o
 .debug_line    0x0000bd5c      0x8ec src/ASF/sam/utils/cmsis/sam3x/source/templates/exceptions.o
 .debug_line    0x0000c648      0x93c src/ASF/sam/utils/cmsis/sam3x/source/templates/gcc/startup_sam3x.o
 .debug_line    0x0000cf84      0x964 src/ASF/sam/utils/cmsis/sam3x/source/templates/system_sam3x.o
 .debug_line    0x0000d8e8      0x183 c:/program files (x86)/atmel/atmel toolchain/arm gcc/native/4.8.1429/arm-gnu-toolchain/bin/../lib/gcc/arm-none-eabi/4.8.3/../../../../arm-none-eabi/lib/armv7-m\libc.a(lib_a-impure.o)
 .debug_line    0x0000da6b      0x134 c:/program files (x86)/atmel/atmel toolchain/arm gcc/native/4.8.1429/arm-gnu-toolchain/bin/../lib/gcc/arm-none-eabi/4.8.3/../../../../arm-none-eabi/lib/armv7-m\libc.a(lib_a-init.o)
 .debug_line    0x0000db9f      0x25b c:/program files (x86)/atmel/atmel toolchain/arm gcc/native/4.8.1429/arm-gnu-toolchain/bin/../lib/gcc/arm-none-eabi/4.8.3/../../../../arm-none-eabi/lib/armv7-m\libc.a(lib_a-__call_atexit.o)
 .debug_line    0x0000ddfa      0x109 c:/program files (x86)/atmel/atmel toolchain/arm gcc/native/4.8.1429/arm-gnu-toolchain/bin/../lib/gcc/arm-none-eabi/4.8.3/../../../../arm-none-eabi/lib/armv7-m\libc.a(lib_a-atexit.o)
 .debug_line    0x0000df03      0x11b c:/program files (x86)/atmel/atmel toolchain/arm gcc/native/4.8.1429/arm-gnu-toolchain/bin/../lib/gcc/arm-none-eabi/4.8.3/../../../../arm-none-eabi/lib/armv7-m\libc.a(lib_a-fini.o)
 .debug_line    0x0000e01e      0x234 c:/program files (x86)/atmel/atmel toolchain/arm gcc/native/4.8.1429/arm-gnu-toolchain/bin/../lib/gcc/arm-none-eabi/4.8.3/../../../../arm-none-eabi/lib/armv7-m\libc.a(lib_a-__atexit.o)

.debug_str      0x00000000    0x5eab9
 .debug_str     0x00000000    0x5baf5 src/adcdac.o
                              0x5be1d (size before relaxing)
 .debug_str     0x0005baf5      0x748 src/ASF/sam/drivers/adc/adc.o
                              0x58109 (size before relaxing)
 .debug_str     0x0005c23d      0x232 src/sampel.o
                              0x5be5e (size before relaxing)
 .debug_str     0x0005c46f      0x2d4 src/conf_tc.o
                              0x5bcfc (size before relaxing)
 .debug_str     0x0005c743       0x2c src/my_delay.o
                              0x5ba47 (size before relaxing)
 .debug_str     0x0005c76f      0x2c3 src/ASF/sam/drivers/dacc/dacc.o
                              0x57b05 (size before relaxing)
 .debug_str     0x0005ca32      0x2fe src/ASF/sam/drivers/tc/tc.o
                              0x57a4f (size before relaxing)
 .debug_str     0x0005cd30      0x3b0 src/LCDShield.o
                              0x5bebd (size before relaxing)
 .debug_str     0x0005d0e0       0x43 src/main.o
                              0x5bb51 (size before relaxing)
 .debug_str     0x0005d123      0x24c src/ASF/common/services/clock/sam3x/sysclk.o
                              0x5b331 (size before relaxing)
 .debug_str     0x0005d36f       0x9f src/ASF/sam/boards/arduino_due_x/init.o
                              0x5baf5 (size before relaxing)
 .debug_str     0x0005d40e      0x40d src/ASF/sam/drivers/pio/pio.o
                              0x5804b (size before relaxing)
 .debug_str     0x0005d81b      0x1bf src/ASF/sam/drivers/pio/pio_handler.o
                              0x5808d (size before relaxing)
 .debug_str     0x0005d9da      0x672 src/ASF/sam/drivers/pmc/pmc.o
                              0x58084 (size before relaxing)
 .debug_str     0x0005e04c       0x4d src/ASF/sam/utils/cmsis/sam3x/source/templates/exceptions.o
                              0x4c6c7 (size before relaxing)
 .debug_str     0x0005e099       0xb2 src/ASF/sam/utils/cmsis/sam3x/source/templates/gcc/startup_sam3x.o
                              0x4c79b (size before relaxing)
 .debug_str     0x0005e14b      0x1cd src/ASF/sam/utils/cmsis/sam3x/source/templates/system_sam3x.o
                              0x4c9b8 (size before relaxing)
 .debug_str     0x0005e318      0x481 c:/program files (x86)/atmel/atmel toolchain/arm gcc/native/4.8.1429/arm-gnu-toolchain/bin/../lib/gcc/arm-none-eabi/4.8.3/../../../../arm-none-eabi/lib/armv7-m\libc.a(lib_a-impure.o)
                                0x576 (size before relaxing)
 .debug_str     0x0005e799       0xc0 c:/program files (x86)/atmel/atmel toolchain/arm gcc/native/4.8.1429/arm-gnu-toolchain/bin/../lib/gcc/arm-none-eabi/4.8.3/../../../../arm-none-eabi/lib/armv7-m\libc.a(lib_a-init.o)
                                0x205 (size before relaxing)
 .debug_str     0x0005e859       0xce c:/program files (x86)/atmel/atmel toolchain/arm gcc/native/4.8.1429/arm-gnu-toolchain/bin/../lib/gcc/arm-none-eabi/4.8.3/../../../../arm-none-eabi/lib/armv7-m\libc.a(lib_a-__call_atexit.o)
                                0x5d5 (size before relaxing)
 .debug_str     0x0005e927       0xa8 c:/program files (x86)/atmel/atmel toolchain/arm gcc/native/4.8.1429/arm-gnu-toolchain/bin/../lib/gcc/arm-none-eabi/4.8.3/../../../../arm-none-eabi/lib/armv7-m\libc.a(lib_a-atexit.o)
                                0x1e1 (size before relaxing)
 .debug_str     0x0005e9cf       0x84 c:/program files (x86)/atmel/atmel toolchain/arm gcc/native/4.8.1429/arm-gnu-toolchain/bin/../lib/gcc/arm-none-eabi/4.8.3/../../../../arm-none-eabi/lib/armv7-m\libc.a(lib_a-fini.o)
                                0x1db (size before relaxing)
 .debug_str     0x0005ea53       0x66 c:/program files (x86)/atmel/atmel toolchain/arm gcc/native/4.8.1429/arm-gnu-toolchain/bin/../lib/gcc/arm-none-eabi/4.8.3/../../../../arm-none-eabi/lib/armv7-m\libc.a(lib_a-__atexit.o)
                                0x5bd (size before relaxing)

.debug_frame    0x00000000     0x11e0
 .debug_frame   0x00000000       0x48 src/adcdac.o
 .debug_frame   0x00000048      0x308 src/ASF/sam/drivers/adc/adc.o
 .debug_frame   0x00000350       0x4c src/sampel.o
 .debug_frame   0x0000039c       0x40 src/conf_tc.o
 .debug_frame   0x000003dc       0x48 src/my_delay.o
 .debug_frame   0x00000424      0x168 src/ASF/sam/drivers/dacc/dacc.o
 .debug_frame   0x0000058c      0x198 src/ASF/sam/drivers/tc/tc.o
 .debug_frame   0x00000724       0xcc src/LCDShield.o
 .debug_frame   0x000007f0       0x34 src/main.o
 .debug_frame   0x00000824       0x88 src/ASF/common/services/clock/sam3x/sysclk.o
 .debug_frame   0x000008ac       0x28 src/ASF/sam/boards/arduino_due_x/init.o
 .debug_frame   0x000008d4      0x2a8 src/ASF/sam/drivers/pio/pio.o
 .debug_frame   0x00000b7c       0xf0 src/ASF/sam/drivers/pio/pio_handler.o
 .debug_frame   0x00000c6c      0x3f8 src/ASF/sam/drivers/pmc/pmc.o
 .debug_frame   0x00001064       0x20 src/ASF/sam/utils/cmsis/sam3x/source/templates/exceptions.o
 .debug_frame   0x00001084       0x28 src/ASF/sam/utils/cmsis/sam3x/source/templates/gcc/startup_sam3x.o
 .debug_frame   0x000010ac       0x40 src/ASF/sam/utils/cmsis/sam3x/source/templates/system_sam3x.o
 .debug_frame   0x000010ec       0x2c c:/program files (x86)/atmel/atmel toolchain/arm gcc/native/4.8.1429/arm-gnu-toolchain/bin/../lib/gcc/arm-none-eabi/4.8.3/../../../../arm-none-eabi/lib/armv7-m\libc.a(lib_a-init.o)
 .debug_frame   0x00001118       0x48 c:/program files (x86)/atmel/atmel toolchain/arm gcc/native/4.8.1429/arm-gnu-toolchain/bin/../lib/gcc/arm-none-eabi/4.8.3/../../../../arm-none-eabi/lib/armv7-m\libc.a(lib_a-__call_atexit.o)
 .debug_frame   0x00001160       0x20 c:/program files (x86)/atmel/atmel toolchain/arm gcc/native/4.8.1429/arm-gnu-toolchain/bin/../lib/gcc/arm-none-eabi/4.8.3/../../../../arm-none-eabi/lib/armv7-m\libc.a(lib_a-atexit.o)
 .debug_frame   0x00001180       0x2c c:/program files (x86)/atmel/atmel toolchain/arm gcc/native/4.8.1429/arm-gnu-toolchain/bin/../lib/gcc/arm-none-eabi/4.8.3/../../../../arm-none-eabi/lib/armv7-m\libc.a(lib_a-fini.o)
 .debug_frame   0x000011ac       0x34 c:/program files (x86)/atmel/atmel toolchain/arm gcc/native/4.8.1429/arm-gnu-toolchain/bin/../lib/gcc/arm-none-eabi/4.8.3/../../../../arm-none-eabi/lib/armv7-m\libc.a(lib_a-__atexit.o)

Cross Reference Table

Symbol                                            File
ADC_Handler                                       src/ASF/sam/utils/cmsis/sam3x/source/templates/exceptions.o
                                                  src/ASF/sam/utils/cmsis/sam3x/source/templates/gcc/startup_sam3x.o
BusFault_Handler                                  src/ASF/sam/utils/cmsis/sam3x/source/templates/exceptions.o
                                                  src/ASF/sam/utils/cmsis/sam3x/source/templates/gcc/startup_sam3x.o
CAN0_Handler                                      src/ASF/sam/utils/cmsis/sam3x/source/templates/exceptions.o
                                                  src/ASF/sam/utils/cmsis/sam3x/source/templates/gcc/startup_sam3x.o
CAN1_Handler                                      src/ASF/sam/utils/cmsis/sam3x/source/templates/exceptions.o
                                                  src/ASF/sam/utils/cmsis/sam3x/source/templates/gcc/startup_sam3x.o
DACC_Handler                                      src/ASF/sam/utils/cmsis/sam3x/source/templates/exceptions.o
                                                  src/ASF/sam/utils/cmsis/sam3x/source/templates/gcc/startup_sam3x.o
DMAC_Handler                                      src/ASF/sam/utils/cmsis/sam3x/source/templates/exceptions.o
                                                  src/ASF/sam/utils/cmsis/sam3x/source/templates/gcc/startup_sam3x.o
DebugMon_Handler                                  src/ASF/sam/utils/cmsis/sam3x/source/templates/exceptions.o
                                                  src/ASF/sam/utils/cmsis/sam3x/source/templates/gcc/startup_sam3x.o
Dummy_Handler                                     src/ASF/sam/utils/cmsis/sam3x/source/templates/exceptions.o
EFC0_Handler                                      src/ASF/sam/utils/cmsis/sam3x/source/templates/exceptions.o
                                                  src/ASF/sam/utils/cmsis/sam3x/source/templates/gcc/startup_sam3x.o
EFC1_Handler                                      src/ASF/sam/utils/cmsis/sam3x/source/templates/exceptions.o
                                                  src/ASF/sam/utils/cmsis/sam3x/source/templates/gcc/startup_sam3x.o
EMAC_Handler                                      src/ASF/sam/utils/cmsis/sam3x/source/templates/exceptions.o
                                                  src/ASF/sam/utils/cmsis/sam3x/source/templates/gcc/startup_sam3x.o
HSMCI_Handler                                     src/ASF/sam/utils/cmsis/sam3x/source/templates/exceptions.o
                                                  src/ASF/sam/utils/cmsis/sam3x/source/templates/gcc/startup_sam3x.o
HardFault_Handler                                 src/ASF/sam/utils/cmsis/sam3x/source/templates/exceptions.o
                                                  src/ASF/sam/utils/cmsis/sam3x/source/templates/gcc/startup_sam3x.o
LCDInit                                           src/LCDShield.o
                                                  src/main.o
LCD_Clear_Display                                 src/LCDShield.o
                                                  src/main.o
LCDwriteString                                    src/LCDShield.o
                                                  src/main.o
MemManage_Handler                                 src/ASF/sam/utils/cmsis/sam3x/source/templates/exceptions.o
                                                  src/ASF/sam/utils/cmsis/sam3x/source/templates/gcc/startup_sam3x.o
NMI_Handler                                       src/ASF/sam/utils/cmsis/sam3x/source/templates/exceptions.o
                                                  src/ASF/sam/utils/cmsis/sam3x/source/templates/gcc/startup_sam3x.o
PIOA_Handler                                      src/ASF/sam/drivers/pio/pio_handler.o
                                                  src/ASF/sam/utils/cmsis/sam3x/source/templates/gcc/startup_sam3x.o
PIOB_Handler                                      src/ASF/sam/drivers/pio/pio_handler.o
                                                  src/ASF/sam/utils/cmsis/sam3x/source/templates/gcc/startup_sam3x.o
PIOB_init                                         src/main_io.o
PIOC_Handler                                      src/ASF/sam/drivers/pio/pio_handler.o
                                                  src/ASF/sam/utils/cmsis/sam3x/source/templates/gcc/startup_sam3x.o
PIOD_Handler                                      src/ASF/sam/drivers/pio/pio_handler.o
                                                  src/ASF/sam/utils/cmsis/sam3x/source/templates/gcc/startup_sam3x.o
PMC_Handler                                       src/ASF/sam/utils/cmsis/sam3x/source/templates/exceptions.o
                                                  src/ASF/sam/utils/cmsis/sam3x/source/templates/gcc/startup_sam3x.o
PWM_Handler                                       src/ASF/sam/utils/cmsis/sam3x/source/templates/exceptions.o
                                                  src/ASF/sam/utils/cmsis/sam3x/source/templates/gcc/startup_sam3x.o
PendSV_Handler                                    src/ASF/sam/utils/cmsis/sam3x/source/templates/exceptions.o
                                                  src/ASF/sam/utils/cmsis/sam3x/source/templates/gcc/startup_sam3x.o
RSTC_Handler                                      src/ASF/sam/utils/cmsis/sam3x/source/templates/exceptions.o
                                                  src/ASF/sam/utils/cmsis/sam3x/source/templates/gcc/startup_sam3x.o
RTC_Handler                                       src/ASF/sam/utils/cmsis/sam3x/source/templates/exceptions.o
                                                  src/ASF/sam/utils/cmsis/sam3x/source/templates/gcc/startup_sam3x.o
RTT_Handler                                       src/ASF/sam/utils/cmsis/sam3x/source/templates/exceptions.o
                                                  src/ASF/sam/utils/cmsis/sam3x/source/templates/gcc/startup_sam3x.o
Reset_Handler                                     src/ASF/sam/utils/cmsis/sam3x/source/templates/gcc/startup_sam3x.o
SMC_Handler                                       src/ASF/sam/utils/cmsis/sam3x/source/templates/exceptions.o
                                                  src/ASF/sam/utils/cmsis/sam3x/source/templates/gcc/startup_sam3x.o
SPI0_Handler                                      src/ASF/sam/utils/cmsis/sam3x/source/templates/exceptions.o
                                                  src/ASF/sam/utils/cmsis/sam3x/source/templates/gcc/startup_sam3x.o
SSC_Handler                                       src/ASF/sam/utils/cmsis/sam3x/source/templates/exceptions.o
                                                  src/ASF/sam/utils/cmsis/sam3x/source/templates/gcc/startup_sam3x.o
SUPC_Handler                                      src/ASF/sam/utils/cmsis/sam3x/source/templates/exceptions.o
                                                  src/ASF/sam/utils/cmsis/sam3x/source/templates/gcc/startup_sam3x.o
SVC_Handler                                       src/ASF/sam/utils/cmsis/sam3x/source/templates/exceptions.o
                                                  src/ASF/sam/utils/cmsis/sam3x/source/templates/gcc/startup_sam3x.o
SysTick_Handler                                   src/ASF/sam/utils/cmsis/sam3x/source/templates/exceptions.o
                                                  src/ASF/sam/utils/cmsis/sam3x/source/templates/gcc/startup_sam3x.o
SystemCoreClock                                   src/ASF/sam/utils/cmsis/sam3x/source/templates/system_sam3x.o
SystemCoreClockUpdate                             src/ASF/sam/utils/cmsis/sam3x/source/templates/system_sam3x.o
                                                  src/ASF/common/services/clock/sam3x/sysclk.o
SystemInit                                        src/ASF/sam/utils/cmsis/sam3x/source/templates/system_sam3x.o
TC0_Handler                                       src/sampel.o
                                                  src/ASF/sam/utils/cmsis/sam3x/source/templates/gcc/startup_sam3x.o
TC1_Handler                                       src/ASF/sam/utils/cmsis/sam3x/source/templates/exceptions.o
                                                  src/ASF/sam/utils/cmsis/sam3x/source/templates/gcc/startup_sam3x.o
TC2_Handler                                       src/ASF/sam/utils/cmsis/sam3x/source/templates/exceptions.o
                                                  src/ASF/sam/utils/cmsis/sam3x/source/templates/gcc/startup_sam3x.o
TC3_Handler                                       src/sampel.o
                                                  src/ASF/sam/utils/cmsis/sam3x/source/templates/gcc/startup_sam3x.o
TC4_Handler                                       src/ASF/sam/utils/cmsis/sam3x/source/templates/exceptions.o
                                                  src/ASF/sam/utils/cmsis/sam3x/source/templates/gcc/startup_sam3x.o
TC5_Handler                                       src/ASF/sam/utils/cmsis/sam3x/source/templates/exceptions.o
                                                  src/ASF/sam/utils/cmsis/sam3x/source/templates/gcc/startup_sam3x.o
TC6_Handler                                       src/ASF/sam/utils/cmsis/sam3x/source/templates/exceptions.o
                                                  src/ASF/sam/utils/cmsis/sam3x/source/templates/gcc/startup_sam3x.o
TC7_Handler                                       src/ASF/sam/utils/cmsis/sam3x/source/templates/exceptions.o
                                                  src/ASF/sam/utils/cmsis/sam3x/source/templates/gcc/startup_sam3x.o
TC8_Handler                                       src/ASF/sam/utils/cmsis/sam3x/source/templates/exceptions.o
                                                  src/ASF/sam/utils/cmsis/sam3x/source/templates/gcc/startup_sam3x.o
TRNG_Handler                                      src/ASF/sam/utils/cmsis/sam3x/source/templates/exceptions.o
                                                  src/ASF/sam/utils/cmsis/sam3x/source/templates/gcc/startup_sam3x.o
TWI0_Handler                                      src/ASF/sam/utils/cmsis/sam3x/source/templates/exceptions.o
                                                  src/ASF/sam/utils/cmsis/sam3x/source/templates/gcc/startup_sam3x.o
TWI1_Handler                                      src/ASF/sam/utils/cmsis/sam3x/source/templates/exceptions.o
                                                  src/ASF/sam/utils/cmsis/sam3x/source/templates/gcc/startup_sam3x.o
UART_Handler                                      src/ASF/sam/utils/cmsis/sam3x/source/templates/exceptions.o
                                                  src/ASF/sam/utils/cmsis/sam3x/source/templates/gcc/startup_sam3x.o
UOTGHS_Handler                                    src/ASF/sam/utils/cmsis/sam3x/source/templates/exceptions.o
                                                  src/ASF/sam/utils/cmsis/sam3x/source/templates/gcc/startup_sam3x.o
USART0_Handler                                    src/ASF/sam/utils/cmsis/sam3x/source/templates/exceptions.o
                                                  src/ASF/sam/utils/cmsis/sam3x/source/templates/gcc/startup_sam3x.o
USART1_Handler                                    src/ASF/sam/utils/cmsis/sam3x/source/templates/exceptions.o
                                                  src/ASF/sam/utils/cmsis/sam3x/source/templates/gcc/startup_sam3x.o
USART2_Handler                                    src/ASF/sam/utils/cmsis/sam3x/source/templates/exceptions.o
                                                  src/ASF/sam/utils/cmsis/sam3x/source/templates/gcc/startup_sam3x.o
USART3_Handler                                    src/ASF/sam/utils/cmsis/sam3x/source/templates/exceptions.o
                                                  src/ASF/sam/utils/cmsis/sam3x/source/templates/gcc/startup_sam3x.o
UsageFault_Handler                                src/ASF/sam/utils/cmsis/sam3x/source/templates/exceptions.o
                                                  src/ASF/sam/utils/cmsis/sam3x/source/templates/gcc/startup_sam3x.o
WDT_Handler                                       src/ASF/sam/utils/cmsis/sam3x/source/templates/exceptions.o
                                                  src/ASF/sam/utils/cmsis/sam3x/source/templates/gcc/startup_sam3x.o
_ITM_deregisterTMCloneTable                       c:/program files (x86)/atmel/atmel toolchain/arm gcc/native/4.8.1429/arm-gnu-toolchain/bin/../lib/gcc/arm-none-eabi/4.8.3/armv7-m/crtbegin.o
_ITM_registerTMCloneTable                         c:/program files (x86)/atmel/atmel toolchain/arm gcc/native/4.8.1429/arm-gnu-toolchain/bin/../lib/gcc/arm-none-eabi/4.8.3/armv7-m/crtbegin.o
_Jv_RegisterClasses                               c:/program files (x86)/atmel/atmel toolchain/arm gcc/native/4.8.1429/arm-gnu-toolchain/bin/../lib/gcc/arm-none-eabi/4.8.3/armv7-m/crtbegin.o
_PathLocale                                       c:/program files (x86)/atmel/atmel toolchain/arm gcc/native/4.8.1429/arm-gnu-toolchain/bin/../lib/gcc/arm-none-eabi/4.8.3/../../../../arm-none-eabi/lib/armv7-m\libc.a(lib_a-locale.o)
__TMC_END__                                       c:/program files (x86)/atmel/atmel toolchain/arm gcc/native/4.8.1429/arm-gnu-toolchain/bin/../lib/gcc/arm-none-eabi/4.8.3/armv7-m/crtend.o
                                                  c:/program files (x86)/atmel/atmel toolchain/arm gcc/native/4.8.1429/arm-gnu-toolchain/bin/../lib/gcc/arm-none-eabi/4.8.3/armv7-m/crtbegin.o
__aeabi_idiv0                                     c:/program files (x86)/atmel/atmel toolchain/arm gcc/native/4.8.1429/arm-gnu-toolchain/bin/../lib/gcc/arm-none-eabi/4.8.3/armv7-m\libgcc.a(_dvmd_tls.o)
__aeabi_ldiv0                                     c:/program files (x86)/atmel/atmel toolchain/arm gcc/native/4.8.1429/arm-gnu-toolchain/bin/../lib/gcc/arm-none-eabi/4.8.3/armv7-m\libgcc.a(_dvmd_tls.o)
                                                  c:/program files (x86)/atmel/atmel toolchain/arm gcc/native/4.8.1429/arm-gnu-toolchain/bin/../lib/gcc/arm-none-eabi/4.8.3/armv7-m\libgcc.a(_aeabi_uldivmod.o)
__aeabi_uldivmod                                  c:/program files (x86)/atmel/atmel toolchain/arm gcc/native/4.8.1429/arm-gnu-toolchain/bin/../lib/gcc/arm-none-eabi/4.8.3/armv7-m\libgcc.a(_aeabi_uldivmod.o)
                                                  c:/program files (x86)/atmel/atmel toolchain/arm gcc/native/4.8.1429/arm-gnu-toolchain/bin/../lib/gcc/arm-none-eabi/4.8.3/../../../../arm-none-eabi/lib/armv7-m\libc.a(lib_a-vfiprintf.o)
__ascii_wctomb                                    c:/program files (x86)/atmel/atmel toolchain/arm gcc/native/4.8.1429/arm-gnu-toolchain/bin/../lib/gcc/arm-none-eabi/4.8.3/../../../../arm-none-eabi/lib/armv7-m\libc.a(lib_a-wctomb_r.o)
__bss_end__                                       c:/program files (x86)/atmel/atmel toolchain/arm gcc/native/4.8.1429/arm-gnu-toolchain/bin/../lib/gcc/arm-none-eabi/4.8.3/../../../../arm-none-eabi/lib/armv7-m/crt0.o
__bss_start__                                     c:/program files (x86)/atmel/atmel toolchain/arm gcc/native/4.8.1429/arm-gnu-toolchain/bin/../lib/gcc/arm-none-eabi/4.8.3/../../../../arm-none-eabi/lib/armv7-m/crt0.o
__call_exitprocs                                  c:/program files (x86)/atmel/atmel toolchain/arm gcc/native/4.8.1429/arm-gnu-toolchain/bin/../lib/gcc/arm-none-eabi/4.8.3/../../../../arm-none-eabi/lib/armv7-m\libc.a(lib_a-__call_atexit.o)
                                                  c:/program files (x86)/atmel/atmel toolchain/arm gcc/native/4.8.1429/arm-gnu-toolchain/bin/../lib/gcc/arm-none-eabi/4.8.3/../../../../arm-none-eabi/lib/armv7-m\libc.a(lib_a-exit.o)
__deregister_frame_info                           c:/program files (x86)/atmel/atmel toolchain/arm gcc/native/4.8.1429/arm-gnu-toolchain/bin/../lib/gcc/arm-none-eabi/4.8.3/armv7-m/crtbegin.o
__divdi3                                          c:/program files (x86)/atmel/atmel toolchain/arm gcc/native/4.8.1429/arm-gnu-toolchain/bin/../lib/gcc/arm-none-eabi/4.8.3/armv7-m\libgcc.a(_divdi3.o)
                                                  c:/program files (x86)/atmel/atmel toolchain/arm gcc/native/4.8.1429/arm-gnu-toolchain/bin/../lib/gcc/arm-none-eabi/4.8.3/armv7-m\libgcc.a(bpabi.o)
__dso_handle                                      c:/program files (x86)/atmel/atmel toolchain/arm gcc/native/4.8.1429/arm-gnu-toolchain/bin/../lib/gcc/arm-none-eabi/4.8.3/armv7-m/crtbegin.o
__fini_array_end                                  c:/program files (x86)/atmel/atmel toolchain/arm gcc/native/4.8.1429/arm-gnu-toolchain/bin/../lib/gcc/arm-none-eabi/4.8.3/../../../../arm-none-eabi/lib/armv7-m\libc.a(lib_a-fini.o)
__fini_array_start                                c:/program files (x86)/atmel/atmel toolchain/arm gcc/native/4.8.1429/arm-gnu-toolchain/bin/../lib/gcc/arm-none-eabi/4.8.3/../../../../arm-none-eabi/lib/armv7-m\libc.a(lib_a-fini.o)
__fp_lock_all                                     c:/program files (x86)/atmel/atmel toolchain/arm gcc/native/4.8.1429/arm-gnu-toolchain/bin/../lib/gcc/arm-none-eabi/4.8.3/../../../../arm-none-eabi/lib/armv7-m\libc.a(lib_a-findfp.o)
__fp_unlock_all                                   c:/program files (x86)/atmel/atmel toolchain/arm gcc/native/4.8.1429/arm-gnu-toolchain/bin/../lib/gcc/arm-none-eabi/4.8.3/../../../../arm-none-eabi/lib/armv7-m\libc.a(lib_a-findfp.o)
__gnu_ldivmod_helper                              c:/program files (x86)/atmel/atmel toolchain/arm gcc/native/4.8.1429/arm-gnu-toolchain/bin/../lib/gcc/arm-none-eabi/4.8.3/armv7-m\libgcc.a(bpabi.o)
__gnu_uldivmod_helper                             c:/program files (x86)/atmel/atmel toolchain/arm gcc/native/4.8.1429/arm-gnu-toolchain/bin/../lib/gcc/arm-none-eabi/4.8.3/armv7-m\libgcc.a(bpabi.o)
                                                  c:/program files (x86)/atmel/atmel toolchain/arm gcc/native/4.8.1429/arm-gnu-toolchain/bin/../lib/gcc/arm-none-eabi/4.8.3/armv7-m\libgcc.a(_aeabi_uldivmod.o)
__init_array_end                                  c:/program files (x86)/atmel/atmel toolchain/arm gcc/native/4.8.1429/arm-gnu-toolchain/bin/../lib/gcc/arm-none-eabi/4.8.3/../../../../arm-none-eabi/lib/armv7-m\libc.a(lib_a-init.o)
__init_array_start                                c:/program files (x86)/atmel/atmel toolchain/arm gcc/native/4.8.1429/arm-gnu-toolchain/bin/../lib/gcc/arm-none-eabi/4.8.3/../../../../arm-none-eabi/lib/armv7-m\libc.a(lib_a-init.o)
__libc_fini                                       c:/program files (x86)/atmel/atmel toolchain/arm gcc/native/4.8.1429/arm-gnu-toolchain/bin/../lib/gcc/arm-none-eabi/4.8.3/../../../../arm-none-eabi/lib/armv7-m\libc.a(lib_a-__call_atexit.o)
__libc_fini_array                                 c:/program files (x86)/atmel/atmel toolchain/arm gcc/native/4.8.1429/arm-gnu-toolchain/bin/../lib/gcc/arm-none-eabi/4.8.3/../../../../arm-none-eabi/lib/armv7-m\libc.a(lib_a-fini.o)
                                                  c:/program files (x86)/atmel/atmel toolchain/arm gcc/native/4.8.1429/arm-gnu-toolchain/bin/../lib/gcc/arm-none-eabi/4.8.3/../../../../arm-none-eabi/lib/armv7-m\libc.a(lib_a-__call_atexit.o)
                                                  c:/program files (x86)/atmel/atmel toolchain/arm gcc/native/4.8.1429/arm-gnu-toolchain/bin/../lib/gcc/arm-none-eabi/4.8.3/../../../../arm-none-eabi/lib/armv7-m/crt0.o
__libc_init_array                                 c:/program files (x86)/atmel/atmel toolchain/arm gcc/native/4.8.1429/arm-gnu-toolchain/bin/../lib/gcc/arm-none-eabi/4.8.3/../../../../arm-none-eabi/lib/armv7-m\libc.a(lib_a-init.o)
                                                  src/ASF/sam/utils/cmsis/sam3x/source/templates/gcc/startup_sam3x.o
                                                  c:/program files (x86)/atmel/atmel toolchain/arm gcc/native/4.8.1429/arm-gnu-toolchain/bin/../lib/gcc/arm-none-eabi/4.8.3/../../../../arm-none-eabi/lib/armv7-m/crt0.o
__locale_charset                                  c:/program files (x86)/atmel/atmel toolchain/arm gcc/native/4.8.1429/arm-gnu-toolchain/bin/../lib/gcc/arm-none-eabi/4.8.3/../../../../arm-none-eabi/lib/armv7-m\libc.a(lib_a-locale.o)
                                                  c:/program files (x86)/atmel/atmel toolchain/arm gcc/native/4.8.1429/arm-gnu-toolchain/bin/../lib/gcc/arm-none-eabi/4.8.3/../../../../arm-none-eabi/lib/armv7-m\libc.a(lib_a-wctomb_r.o)
                                                  c:/program files (x86)/atmel/atmel toolchain/arm gcc/native/4.8.1429/arm-gnu-toolchain/bin/../lib/gcc/arm-none-eabi/4.8.3/../../../../arm-none-eabi/lib/armv7-m\libc.a(lib_a-wcrtomb.o)
__locale_cjk_lang                                 c:/program files (x86)/atmel/atmel toolchain/arm gcc/native/4.8.1429/arm-gnu-toolchain/bin/../lib/gcc/arm-none-eabi/4.8.3/../../../../arm-none-eabi/lib/armv7-m\libc.a(lib_a-locale.o)
__locale_mb_cur_max                               c:/program files (x86)/atmel/atmel toolchain/arm gcc/native/4.8.1429/arm-gnu-toolchain/bin/../lib/gcc/arm-none-eabi/4.8.3/../../../../arm-none-eabi/lib/armv7-m\libc.a(lib_a-locale.o)
                                                  c:/program files (x86)/atmel/atmel toolchain/arm gcc/native/4.8.1429/arm-gnu-toolchain/bin/../lib/gcc/arm-none-eabi/4.8.3/../../../../arm-none-eabi/lib/armv7-m\libc.a(lib_a-fputwc.o)
__locale_msgcharset                               c:/program files (x86)/atmel/atmel toolchain/arm gcc/native/4.8.1429/arm-gnu-toolchain/bin/../lib/gcc/arm-none-eabi/4.8.3/../../../../arm-none-eabi/lib/armv7-m\libc.a(lib_a-locale.o)
__malloc_av_                                      c:/program files (x86)/atmel/atmel toolchain/arm gcc/native/4.8.1429/arm-gnu-toolchain/bin/../lib/gcc/arm-none-eabi/4.8.3/../../../../arm-none-eabi/lib/armv7-m\libc.a(lib_a-mallocr.o)
                                                  c:/program files (x86)/atmel/atmel toolchain/arm gcc/native/4.8.1429/arm-gnu-toolchain/bin/../lib/gcc/arm-none-eabi/4.8.3/../../../../arm-none-eabi/lib/armv7-m\libc.a(lib_a-reallocr.o)
                                                  c:/program files (x86)/atmel/atmel toolchain/arm gcc/native/4.8.1429/arm-gnu-toolchain/bin/../lib/gcc/arm-none-eabi/4.8.3/../../../../arm-none-eabi/lib/armv7-m\libc.a(lib_a-freer.o)
__malloc_current_mallinfo                         c:/program files (x86)/atmel/atmel toolchain/arm gcc/native/4.8.1429/arm-gnu-toolchain/bin/../lib/gcc/arm-none-eabi/4.8.3/../../../../arm-none-eabi/lib/armv7-m\libc.a(lib_a-mallocr.o)
                                                  c:/program files (x86)/atmel/atmel toolchain/arm gcc/native/4.8.1429/arm-gnu-toolchain/bin/../lib/gcc/arm-none-eabi/4.8.3/../../../../arm-none-eabi/lib/armv7-m\libc.a(lib_a-freer.o)
__malloc_lock                                     c:/program files (x86)/atmel/atmel toolchain/arm gcc/native/4.8.1429/arm-gnu-toolchain/bin/../lib/gcc/arm-none-eabi/4.8.3/../../../../arm-none-eabi/lib/armv7-m\libc.a(lib_a-mlock.o)
                                                  c:/program files (x86)/atmel/atmel toolchain/arm gcc/native/4.8.1429/arm-gnu-toolchain/bin/../lib/gcc/arm-none-eabi/4.8.3/../../../../arm-none-eabi/lib/armv7-m\libc.a(lib_a-reallocr.o)
                                                  c:/program files (x86)/atmel/atmel toolchain/arm gcc/native/4.8.1429/arm-gnu-toolchain/bin/../lib/gcc/arm-none-eabi/4.8.3/../../../../arm-none-eabi/lib/armv7-m\libc.a(lib_a-mallocr.o)
                                                  c:/program files (x86)/atmel/atmel toolchain/arm gcc/native/4.8.1429/arm-gnu-toolchain/bin/../lib/gcc/arm-none-eabi/4.8.3/../../../../arm-none-eabi/lib/armv7-m\libc.a(lib_a-freer.o)
__malloc_max_sbrked_mem                           c:/program files (x86)/atmel/atmel toolchain/arm gcc/native/4.8.1429/arm-gnu-toolchain/bin/../lib/gcc/arm-none-eabi/4.8.3/../../../../arm-none-eabi/lib/armv7-m\libc.a(lib_a-mallocr.o)
__malloc_max_total_mem                            c:/program files (x86)/atmel/atmel toolchain/arm gcc/native/4.8.1429/arm-gnu-toolchain/bin/../lib/gcc/arm-none-eabi/4.8.3/../../../../arm-none-eabi/lib/armv7-m\libc.a(lib_a-mallocr.o)
__malloc_sbrk_base                                c:/program files (x86)/atmel/atmel toolchain/arm gcc/native/4.8.1429/arm-gnu-toolchain/bin/../lib/gcc/arm-none-eabi/4.8.3/../../../../arm-none-eabi/lib/armv7-m\libc.a(lib_a-mallocr.o)
                                                  c:/program files (x86)/atmel/atmel toolchain/arm gcc/native/4.8.1429/arm-gnu-toolchain/bin/../lib/gcc/arm-none-eabi/4.8.3/../../../../arm-none-eabi/lib/armv7-m\libc.a(lib_a-freer.o)
__malloc_top_pad                                  c:/program files (x86)/atmel/atmel toolchain/arm gcc/native/4.8.1429/arm-gnu-toolchain/bin/../lib/gcc/arm-none-eabi/4.8.3/../../../../arm-none-eabi/lib/armv7-m\libc.a(lib_a-mallocr.o)
                                                  c:/program files (x86)/atmel/atmel toolchain/arm gcc/native/4.8.1429/arm-gnu-toolchain/bin/../lib/gcc/arm-none-eabi/4.8.3/../../../../arm-none-eabi/lib/armv7-m\libc.a(lib_a-freer.o)
__malloc_trim_threshold                           c:/program files (x86)/atmel/atmel toolchain/arm gcc/native/4.8.1429/arm-gnu-toolchain/bin/../lib/gcc/arm-none-eabi/4.8.3/../../../../arm-none-eabi/lib/armv7-m\libc.a(lib_a-mallocr.o)
                                                  c:/program files (x86)/atmel/atmel toolchain/arm gcc/native/4.8.1429/arm-gnu-toolchain/bin/../lib/gcc/arm-none-eabi/4.8.3/../../../../arm-none-eabi/lib/armv7-m\libc.a(lib_a-freer.o)
__malloc_unlock                                   c:/program files (x86)/atmel/atmel toolchain/arm gcc/native/4.8.1429/arm-gnu-toolchain/bin/../lib/gcc/arm-none-eabi/4.8.3/../../../../arm-none-eabi/lib/armv7-m\libc.a(lib_a-mlock.o)
                                                  c:/program files (x86)/atmel/atmel toolchain/arm gcc/native/4.8.1429/arm-gnu-toolchain/bin/../lib/gcc/arm-none-eabi/4.8.3/../../../../arm-none-eabi/lib/armv7-m\libc.a(lib_a-reallocr.o)
                                                  c:/program files (x86)/atmel/atmel toolchain/arm gcc/native/4.8.1429/arm-gnu-toolchain/bin/../lib/gcc/arm-none-eabi/4.8.3/../../../../arm-none-eabi/lib/armv7-m\libc.a(lib_a-mallocr.o)
                                                  c:/program files (x86)/atmel/atmel toolchain/arm gcc/native/4.8.1429/arm-gnu-toolchain/bin/../lib/gcc/arm-none-eabi/4.8.3/../../../../arm-none-eabi/lib/armv7-m\libc.a(lib_a-freer.o)
__mb_cur_max                                      c:/program files (x86)/atmel/atmel toolchain/arm gcc/native/4.8.1429/arm-gnu-toolchain/bin/../lib/gcc/arm-none-eabi/4.8.3/../../../../arm-none-eabi/lib/armv7-m\libc.a(lib_a-locale.o)
__mlocale_changed                                 c:/program files (x86)/atmel/atmel toolchain/arm gcc/native/4.8.1429/arm-gnu-toolchain/bin/../lib/gcc/arm-none-eabi/4.8.3/../../../../arm-none-eabi/lib/armv7-m\libc.a(lib_a-locale.o)
__nlocale_changed                                 c:/program files (x86)/atmel/atmel toolchain/arm gcc/native/4.8.1429/arm-gnu-toolchain/bin/../lib/gcc/arm-none-eabi/4.8.3/../../../../arm-none-eabi/lib/armv7-m\libc.a(lib_a-locale.o)
__preinit_array_end                               c:/program files (x86)/atmel/atmel toolchain/arm gcc/native/4.8.1429/arm-gnu-toolchain/bin/../lib/gcc/arm-none-eabi/4.8.3/../../../../arm-none-eabi/lib/armv7-m\libc.a(lib_a-init.o)
__preinit_array_start                             c:/program files (x86)/atmel/atmel toolchain/arm gcc/native/4.8.1429/arm-gnu-toolchain/bin/../lib/gcc/arm-none-eabi/4.8.3/../../../../arm-none-eabi/lib/armv7-m\libc.a(lib_a-init.o)
__register_exitproc                               c:/program files (x86)/atmel/atmel toolchain/arm gcc/native/4.8.1429/arm-gnu-toolchain/bin/../lib/gcc/arm-none-eabi/4.8.3/../../../../arm-none-eabi/lib/armv7-m\libc.a(lib_a-__atexit.o)
                                                  c:/program files (x86)/atmel/atmel toolchain/arm gcc/native/4.8.1429/arm-gnu-toolchain/bin/../lib/gcc/arm-none-eabi/4.8.3/../../../../arm-none-eabi/lib/armv7-m\libc.a(lib_a-atexit.o)
__register_frame_info                             c:/program files (x86)/atmel/atmel toolchain/arm gcc/native/4.8.1429/arm-gnu-toolchain/bin/../lib/gcc/arm-none-eabi/4.8.3/armv7-m/crtbegin.o
__sclose                                          c:/program files (x86)/atmel/atmel toolchain/arm gcc/native/4.8.1429/arm-gnu-toolchain/bin/../lib/gcc/arm-none-eabi/4.8.3/../../../../arm-none-eabi/lib/armv7-m\libc.a(lib_a-stdio.o)
                                                  c:/program files (x86)/atmel/atmel toolchain/arm gcc/native/4.8.1429/arm-gnu-toolchain/bin/../lib/gcc/arm-none-eabi/4.8.3/../../../../arm-none-eabi/lib/armv7-m\libc.a(lib_a-findfp.o)
__seofread                                        c:/program files (x86)/atmel/atmel toolchain/arm gcc/native/4.8.1429/arm-gnu-toolchain/bin/../lib/gcc/arm-none-eabi/4.8.3/../../../../arm-none-eabi/lib/armv7-m\libc.a(lib_a-stdio.o)
__sflush_r                                        c:/program files (x86)/atmel/atmel toolchain/arm gcc/native/4.8.1429/arm-gnu-toolchain/bin/../lib/gcc/arm-none-eabi/4.8.3/../../../../arm-none-eabi/lib/armv7-m\libc.a(lib_a-fflush.o)
__sfmoreglue                                      c:/program files (x86)/atmel/atmel toolchain/arm gcc/native/4.8.1429/arm-gnu-toolchain/bin/../lib/gcc/arm-none-eabi/4.8.3/../../../../arm-none-eabi/lib/armv7-m\libc.a(lib_a-findfp.o)
__sfp                                             c:/program files (x86)/atmel/atmel toolchain/arm gcc/native/4.8.1429/arm-gnu-toolchain/bin/../lib/gcc/arm-none-eabi/4.8.3/../../../../arm-none-eabi/lib/armv7-m\libc.a(lib_a-findfp.o)
__sfp_lock_acquire                                c:/program files (x86)/atmel/atmel toolchain/arm gcc/native/4.8.1429/arm-gnu-toolchain/bin/../lib/gcc/arm-none-eabi/4.8.3/../../../../arm-none-eabi/lib/armv7-m\libc.a(lib_a-findfp.o)
                                                  c:/program files (x86)/atmel/atmel toolchain/arm gcc/native/4.8.1429/arm-gnu-toolchain/bin/../lib/gcc/arm-none-eabi/4.8.3/../../../../arm-none-eabi/lib/armv7-m\libc.a(lib_a-fclose.o)
__sfp_lock_release                                c:/program files (x86)/atmel/atmel toolchain/arm gcc/native/4.8.1429/arm-gnu-toolchain/bin/../lib/gcc/arm-none-eabi/4.8.3/../../../../arm-none-eabi/lib/armv7-m\libc.a(lib_a-findfp.o)
                                                  c:/program files (x86)/atmel/atmel toolchain/arm gcc/native/4.8.1429/arm-gnu-toolchain/bin/../lib/gcc/arm-none-eabi/4.8.3/../../../../arm-none-eabi/lib/armv7-m\libc.a(lib_a-fclose.o)
__sfvwrite_r                                      c:/program files (x86)/atmel/atmel toolchain/arm gcc/native/4.8.1429/arm-gnu-toolchain/bin/../lib/gcc/arm-none-eabi/4.8.3/../../../../arm-none-eabi/lib/armv7-m\libc.a(lib_a-fvwrite.o)
                                                  c:/program files (x86)/atmel/atmel toolchain/arm gcc/native/4.8.1429/arm-gnu-toolchain/bin/../lib/gcc/arm-none-eabi/4.8.3/../../../../arm-none-eabi/lib/armv7-m\libc.a(lib_a-vfiprintf.o)
                                                  c:/program files (x86)/atmel/atmel toolchain/arm gcc/native/4.8.1429/arm-gnu-toolchain/bin/../lib/gcc/arm-none-eabi/4.8.3/../../../../arm-none-eabi/lib/armv7-m\libc.a(lib_a-puts.o)
__sinit                                           c:/program files (x86)/atmel/atmel toolchain/arm gcc/native/4.8.1429/arm-gnu-toolchain/bin/../lib/gcc/arm-none-eabi/4.8.3/../../../../arm-none-eabi/lib/armv7-m\libc.a(lib_a-findfp.o)
                                                  c:/program files (x86)/atmel/atmel toolchain/arm gcc/native/4.8.1429/arm-gnu-toolchain/bin/../lib/gcc/arm-none-eabi/4.8.3/../../../../arm-none-eabi/lib/armv7-m\libc.a(lib_a-fclose.o)
                                                  c:/program files (x86)/atmel/atmel toolchain/arm gcc/native/4.8.1429/arm-gnu-toolchain/bin/../lib/gcc/arm-none-eabi/4.8.3/../../../../arm-none-eabi/lib/armv7-m\libc.a(lib_a-wbuf.o)
                                                  c:/program files (x86)/atmel/atmel toolchain/arm gcc/native/4.8.1429/arm-gnu-toolchain/bin/../lib/gcc/arm-none-eabi/4.8.3/../../../../arm-none-eabi/lib/armv7-m\libc.a(lib_a-fputwc.o)
                                                  c:/program files (x86)/atmel/atmel toolchain/arm gcc/native/4.8.1429/arm-gnu-toolchain/bin/../lib/gcc/arm-none-eabi/4.8.3/../../../../arm-none-eabi/lib/armv7-m\libc.a(lib_a-fflush.o)
                                                  c:/program files (x86)/atmel/atmel toolchain/arm gcc/native/4.8.1429/arm-gnu-toolchain/bin/../lib/gcc/arm-none-eabi/4.8.3/../../../../arm-none-eabi/lib/armv7-m\libc.a(lib_a-wsetup.o)
                                                  c:/program files (x86)/atmel/atmel toolchain/arm gcc/native/4.8.1429/arm-gnu-toolchain/bin/../lib/gcc/arm-none-eabi/4.8.3/../../../../arm-none-eabi/lib/armv7-m\libc.a(lib_a-vfiprintf.o)
__sinit_lock_acquire                              c:/program files (x86)/atmel/atmel toolchain/arm gcc/native/4.8.1429/arm-gnu-toolchain/bin/../lib/gcc/arm-none-eabi/4.8.3/../../../../arm-none-eabi/lib/armv7-m\libc.a(lib_a-findfp.o)
__sinit_lock_release                              c:/program files (x86)/atmel/atmel toolchain/arm gcc/native/4.8.1429/arm-gnu-toolchain/bin/../lib/gcc/arm-none-eabi/4.8.3/../../../../arm-none-eabi/lib/armv7-m\libc.a(lib_a-findfp.o)
__smakebuf_r                                      c:/program files (x86)/atmel/atmel toolchain/arm gcc/native/4.8.1429/arm-gnu-toolchain/bin/../lib/gcc/arm-none-eabi/4.8.3/../../../../arm-none-eabi/lib/armv7-m\libc.a(lib_a-makebuf.o)
                                                  c:/program files (x86)/atmel/atmel toolchain/arm gcc/native/4.8.1429/arm-gnu-toolchain/bin/../lib/gcc/arm-none-eabi/4.8.3/../../../../arm-none-eabi/lib/armv7-m\libc.a(lib_a-wsetup.o)
__sprint_r                                        c:/program files (x86)/atmel/atmel toolchain/arm gcc/native/4.8.1429/arm-gnu-toolchain/bin/../lib/gcc/arm-none-eabi/4.8.3/../../../../arm-none-eabi/lib/armv7-m\libc.a(lib_a-vfiprintf.o)
__sread                                           c:/program files (x86)/atmel/atmel toolchain/arm gcc/native/4.8.1429/arm-gnu-toolchain/bin/../lib/gcc/arm-none-eabi/4.8.3/../../../../arm-none-eabi/lib/armv7-m\libc.a(lib_a-stdio.o)
                                                  c:/program files (x86)/atmel/atmel toolchain/arm gcc/native/4.8.1429/arm-gnu-toolchain/bin/../lib/gcc/arm-none-eabi/4.8.3/../../../../arm-none-eabi/lib/armv7-m\libc.a(lib_a-findfp.o)