Archive member included because of file (symbol)

c:/program files (x86)/atmel/atmel toolchain/arm gcc/native/4.8.1443/arm-gnu-toolchain/bin/../lib/gcc/arm-none-eabi/4.8.4/../../../../arm-none-eabi/lib/armv7-m\libc.a(lib_a-exit.o)
                              c:/program files (x86)/atmel/atmel toolchain/arm gcc/native/4.8.1443/arm-gnu-toolchain/bin/../lib/gcc/arm-none-eabi/4.8.4/../../../../arm-none-eabi/lib/armv7-m/crt0.o (exit)
c:/program files (x86)/atmel/atmel toolchain/arm gcc/native/4.8.1443/arm-gnu-toolchain/bin/../lib/gcc/arm-none-eabi/4.8.4/../../../../arm-none-eabi/lib/armv7-m\libc.a(lib_a-impure.o)
                              c:/program files (x86)/atmel/atmel toolchain/arm gcc/native/4.8.1443/arm-gnu-toolchain/bin/../lib/gcc/arm-none-eabi/4.8.4/../../../../arm-none-eabi/lib/armv7-m\libc.a(lib_a-exit.o) (_global_impure_ptr)
c:/program files (x86)/atmel/atmel toolchain/arm gcc/native/4.8.1443/arm-gnu-toolchain/bin/../lib/gcc/arm-none-eabi/4.8.4/../../../../arm-none-eabi/lib/armv7-m\libc.a(lib_a-init.o)
                              c:/program files (x86)/atmel/atmel toolchain/arm gcc/native/4.8.1443/arm-gnu-toolchain/bin/../lib/gcc/arm-none-eabi/4.8.4/../../../../arm-none-eabi/lib/armv7-m/crt0.o (__libc_init_array)
c:/program files (x86)/atmel/atmel toolchain/arm gcc/native/4.8.1443/arm-gnu-toolchain/bin/../lib/gcc/arm-none-eabi/4.8.4/../../../../arm-none-eabi/lib/armv7-m\libc.a(lib_a-iprintf.o)
                              src/ASF/sam/drivers/adc/adc.o (iprintf)
c:/program files (x86)/atmel/atmel toolchain/arm gcc/native/4.8.1443/arm-gnu-toolchain/bin/../lib/gcc/arm-none-eabi/4.8.4/../../../../arm-none-eabi/lib/armv7-m\libc.a(lib_a-memset.o)
                              c:/program files (x86)/atmel/atmel toolchain/arm gcc/native/4.8.1443/arm-gnu-toolchain/bin/../lib/gcc/arm-none-eabi/4.8.4/../../../../arm-none-eabi/lib/armv7-m/crt0.o (memset)
c:/program files (x86)/atmel/atmel toolchain/arm gcc/native/4.8.1443/arm-gnu-toolchain/bin/../lib/gcc/arm-none-eabi/4.8.4/../../../../arm-none-eabi/lib/armv7-m\libc.a(lib_a-puts.o)
                              src/ASF/sam/drivers/adc/adc.o (puts)
c:/program files (x86)/atmel/atmel toolchain/arm gcc/native/4.8.1443/arm-gnu-toolchain/bin/../lib/gcc/arm-none-eabi/4.8.4/../../../../arm-none-eabi/lib/armv7-m\libc.a(lib_a-sprintf.o)
                              src/sampel.o (sprintf)
c:/program files (x86)/atmel/atmel toolchain/arm gcc/native/4.8.1443/arm-gnu-toolchain/bin/../lib/gcc/arm-none-eabi/4.8.4/../../../../arm-none-eabi/lib/armv7-m\libc.a(lib_a-strlen.o)
                              c:/program files (x86)/atmel/atmel toolchain/arm gcc/native/4.8.1443/arm-gnu-toolchain/bin/../lib/gcc/arm-none-eabi/4.8.4/../../../../arm-none-eabi/lib/armv7-m\libc.a(lib_a-puts.o) (strlen)
c:/program files (x86)/atmel/atmel toolchain/arm gcc/native/4.8.1443/arm-gnu-toolchain/bin/../lib/gcc/arm-none-eabi/4.8.4/../../../../arm-none-eabi/lib/armv7-m\libc.a(lib_a-svfprintf.o)
                              c:/program files (x86)/atmel/atmel toolchain/arm gcc/native/4.8.1443/arm-gnu-toolchain/bin/../lib/gcc/arm-none-eabi/4.8.4/../../../../arm-none-eabi/lib/armv7-m\libc.a(lib_a-sprintf.o) (_svfprintf_r)
c:/program files (x86)/atmel/atmel toolchain/arm gcc/native/4.8.1443/arm-gnu-toolchain/bin/../lib/gcc/arm-none-eabi/4.8.4/../../../../arm-none-eabi/lib/armv7-m\libc.a(lib_a-vfiprintf.o)
                              c:/program files (x86)/atmel/atmel toolchain/arm gcc/native/4.8.1443/arm-gnu-toolchain/bin/../lib/gcc/arm-none-eabi/4.8.4/../../../../arm-none-eabi/lib/armv7-m\libc.a(lib_a-iprintf.o) (_vfiprintf_r)
c:/program files (x86)/atmel/atmel toolchain/arm gcc/native/4.8.1443/arm-gnu-toolchain/bin/../lib/gcc/arm-none-eabi/4.8.4/../../../../arm-none-eabi/lib/armv7-m\libc.a(lib_a-wsetup.o)
                              c:/program files (x86)/atmel/atmel toolchain/arm gcc/native/4.8.1443/arm-gnu-toolchain/bin/../lib/gcc/arm-none-eabi/4.8.4/../../../../arm-none-eabi/lib/armv7-m\libc.a(lib_a-vfiprintf.o) (__swsetup_r)
c:/program files (x86)/atmel/atmel toolchain/arm gcc/native/4.8.1443/arm-gnu-toolchain/bin/../lib/gcc/arm-none-eabi/4.8.4/../../../../arm-none-eabi/lib/armv7-m\libc.a(lib_a-__call_atexit.o)
                              c:/program files (x86)/atmel/atmel toolchain/arm gcc/native/4.8.1443/arm-gnu-toolchain/bin/../lib/gcc/arm-none-eabi/4.8.4/../../../../arm-none-eabi/lib/armv7-m\libc.a(lib_a-exit.o) (__call_exitprocs)
c:/program files (x86)/atmel/atmel toolchain/arm gcc/native/4.8.1443/arm-gnu-toolchain/bin/../lib/gcc/arm-none-eabi/4.8.4/../../../../arm-none-eabi/lib/armv7-m\libc.a(lib_a-atexit.o)
                              c:/program files (x86)/atmel/atmel toolchain/arm gcc/native/4.8.1443/arm-gnu-toolchain/bin/../lib/gcc/arm-none-eabi/4.8.4/../../../../arm-none-eabi/lib/armv7-m\libc.a(lib_a-__call_atexit.o) (atexit)
[...]
Memory Configuration

Name             Origin             Length             Attributes
rom              0x00080000         0x00080000         xr
sram0            0x20000000         0x00010000         xrw
sram1            0x20080000         0x00008000         xrw
ram              0x20070000         0x00018000         xrw
*default*        0x00000000         0xffffffff

Linker script and memory map

LOAD c:/program files (x86)/atmel/atmel toolchain/arm gcc/native/4.8.1443/arm-gnu-toolchain/bin/../lib/gcc/arm-none-eabi/4.8.4/armv7-m/crti.o
LOAD c:/program files (x86)/atmel/atmel toolchain/arm gcc/native/4.8.1443/arm-gnu-toolchain/bin/../lib/gcc/arm-none-eabi/4.8.4/armv7-m/crtbegin.o
LOAD c:/program files (x86)/atmel/atmel toolchain/arm gcc/native/4.8.1443/arm-gnu-toolchain/bin/../lib/gcc/arm-none-eabi/4.8.4/../../../../arm-none-eabi/lib/armv7-m/crt0.o
LOAD src/ASF/common/services/clock/sam3x/sysclk.o
LOAD src/ASF/common/utils/interrupt/interrupt_sam_nvic.o
LOAD src/ASF/sam/boards/arduino_due_x/init.o
LOAD src/ASF/sam/drivers/adc/adc.o
LOAD src/ASF/sam/drivers/adc/adc_sam3u.o
LOAD src/ASF/sam/drivers/dacc/dacc.o
LOAD src/ASF/sam/drivers/pio/pio.o
LOAD src/ASF/sam/drivers/pio/pio_handler.o
LOAD src/ASF/sam/drivers/pmc/pmc.o
LOAD src/ASF/sam/drivers/pmc/sleep.o
LOAD src/ASF/sam/drivers/tc/tc.o
LOAD src/ASF/sam/utils/cmsis/sam3x/source/templates/exceptions.o
LOAD src/ASF/sam/utils/cmsis/sam3x/source/templates/gcc/startup_sam3x.o
LOAD src/ASF/sam/utils/cmsis/sam3x/source/templates/system_sam3x.o
LOAD src/ASF/sam/utils/syscalls/gcc/syscalls.o
LOAD src/adcdac.o
LOAD src/sampel.o
LOAD src/main.o
LOAD src/LCDShield.o
LOAD src/conf_tc.o
START GROUP
LOAD ../src/ASF/thirdparty/CMSIS/Lib/GCC\libarm_cortexM3l_math.a
LOAD c:/program files (x86)/atmel/atmel toolchain/arm gcc/native/4.8.1443/arm-gnu-toolchain/bin/../lib/gcc/arm-none-eabi/4.8.4/../../../../arm-none-eabi/lib/armv7-m\libm.a
END GROUP
START GROUP
LOAD c:/program files (x86)/atmel/atmel toolchain/arm gcc/native/4.8.1443/arm-gnu-toolchain/bin/../lib/gcc/arm-none-eabi/4.8.4/armv7-m\libgcc.a
LOAD c:/program files (x86)/atmel/atmel toolchain/arm gcc/native/4.8.1443/arm-gnu-toolchain/bin/../lib/gcc/arm-none-eabi/4.8.4/../../../../arm-none-eabi/lib/armv7-m\libc.a
END GROUP
LOAD c:/program files (x86)/atmel/atmel toolchain/arm gcc/native/4.8.1443/arm-gnu-toolchain/bin/../lib/gcc/arm-none-eabi/4.8.4/armv7-m/crtend.o
LOAD c:/program files (x86)/atmel/atmel toolchain/arm gcc/native/4.8.1443/arm-gnu-toolchain/bin/../lib/gcc/arm-none-eabi/4.8.4/armv7-m/crtn.o
                0x00002000                __stack_size__ = DEFINED (__stack_size__)?__stack_size__:0x2000

.text           0x00080000     0x5e60
                0x00080000                . = ALIGN (0x4)
                0x00080000                _sfixed = .
 *(.vectors .vectors.*)
 .vectors       0x00080000       0xf4 src/ASF/sam/utils/cmsis/sam3x/source/templates/gcc/startup_sam3x.o
                0x00080000                exception_table
 *(.text .text.* .gnu.linkonce.t.*)
 .text          0x000800f4       0x54 c:/program files (x86)/atmel/atmel toolchain/arm gcc/native/4.8.1443/arm-gnu-toolchain/bin/../lib/gcc/arm-none-eabi/4.8.4/armv7-m/crtbegin.o
 .text.sysclk_init
                0x00080148       0x60 src/ASF/common/services/clock/sam3x/sysclk.o
                0x00080148                sysclk_init
 .text.board_init
                0x000801a8       0x80 src/ASF/sam/boards/arduino_due_x/init.o
                0x000801a8                board_init
 .text.adc_init
                0x00080228       0x34 src/ASF/sam/drivers/adc/adc.o
                0x00080228                adc_init
 .text.adc_set_resolution
                0x0008025c       0x10 src/ASF/sam/drivers/adc/adc.o
                0x0008025c                adc_set_resolution
 .text.adc_configure_trigger
                0x0008026c       0x10 src/ASF/sam/drivers/adc/adc.o
                0x0008026c                adc_configure_trigger
 .text.adc_configure_timing
                0x0008027c       0x20 src/ASF/sam/drivers/adc/adc.o
                0x0008027c                adc_configure_timing
 .text.adc_start
                0x0008029c        0x8 src/ASF/sam/drivers/adc/adc.o
                0x0008029c                adc_start
 .text.adc_enable_channel
                0x000802a4        0xc src/ASF/sam/drivers/adc/adc.o
                0x000802a4                adc_enable_channel
 .text.adc_get_channel_value
                0x000802b0       0x10 src/ASF/sam/drivers/adc/adc.o
                0x000802b0                adc_get_channel_value
 .text.adc_get_status
                0x000802c0        0x4 src/ASF/sam/drivers/adc/adc.o
                0x000802c0                adc_get_status
 .text.dacc_reset
                0x000802c4        0x8 src/ASF/sam/drivers/dacc/dacc.o
                0x000802c4                dacc_reset
 .text.dacc_set_transfer_mode
                0x000802cc       0x18 src/ASF/sam/drivers/dacc/dacc.o
                0x000802cc                dacc_set_transfer_mode
 .text.dacc_write_conversion_data
                0x000802e4        0x4 src/ASF/sam/drivers/dacc/dacc.o
                0x000802e4                dacc_write_conversion_data
 .text.dacc_set_channel_selection
                0x000802e8       0x18 src/ASF/sam/drivers/dacc/dacc.o
                0x000802e8                dacc_set_channel_selection
 .text.dacc_set_timing
                0x00080300       0x30 src/ASF/sam/drivers/dacc/dacc.o
                0x00080300                dacc_set_timing
 .text.dacc_enable_channel
                0x00080330       0x14 src/ASF/sam/drivers/dacc/dacc.o
                0x00080330                dacc_enable_channel
 .text.pio_set_peripheral
                0x00080344       0x40 src/ASF/sam/drivers/pio/pio.o
                0x00080344                pio_set_peripheral
 .text.pio_set_input
                0x00080384       0x34 src/ASF/sam/drivers/pio/pio.o
                0x00080384                pio_set_input
 .text.pio_set_output
                0x000803b8       0x28 src/ASF/sam/drivers/pio/pio.o
                0x000803b8                pio_set_output
 .text.pio_get_interrupt_status
                0x000803e0        0x4 src/ASF/sam/drivers/pio/pio.o
                0x000803e0                pio_get_interrupt_status
 .text.pio_get_interrupt_mask
                0x000803e4        0x4 src/ASF/sam/drivers/pio/pio.o
                0x000803e4                pio_get_interrupt_mask
 .text.pio_configure_pin
                0x000803e8       0xd4 src/ASF/sam/drivers/pio/pio.o
                0x000803e8                pio_configure_pin
 .text.pio_configure_pin_group
                0x000804bc       0xa0 src/ASF/sam/drivers/pio/pio.o
                0x000804bc                pio_configure_pin_group
 .text.pio_handler_process
                0x0008055c       0x4c src/ASF/sam/drivers/pio/pio_handler.o
                0x0008055c                pio_handler_process
 .text.PIOA_Handler
                0x000805a8       0x14 src/ASF/sam/drivers/pio/pio_handler.o
                0x000805a8                PIOA_Handler
 .text.PIOB_Handler
                0x000805bc       0x14 src/ASF/sam/drivers/pio/pio_handler.o
                0x000805bc                PIOB_Handler
 .text.PIOC_Handler
                0x000805d0       0x14 src/ASF/sam/drivers/pio/pio_handler.o
                0x000805d0                PIOC_Handler
 .text.PIOD_Handler
                0x000805e4       0x14 src/ASF/sam/drivers/pio/pio_handler.o
                0x000805e4                PIOD_Handler
 .text.pmc_switch_mck_to_pllack
                0x000805f8       0x64 src/ASF/sam/drivers/pmc/pmc.o
                0x000805f8                pmc_switch_mck_to_pllack
 .text.pmc_switch_mainck_to_xtal
                0x0008065c       0x54 src/ASF/sam/drivers/pmc/pmc.o
                0x0008065c                pmc_switch_mainck_to_xtal
 .text.pmc_osc_is_ready_mainck
                0x000806b0       0x10 src/ASF/sam/drivers/pmc/pmc.o
                0x000806b0                pmc_osc_is_ready_mainck
 .text.pmc_disable_pllack
                0x000806c0       0x10 src/ASF/sam/drivers/pmc/pmc.o
                0x000806c0                pmc_disable_pllack
 .text.pmc_is_locked_pllack
                0x000806d0       0x10 src/ASF/sam/drivers/pmc/pmc.o
                0x000806d0                pmc_is_locked_pllack
 .text.pmc_enable_periph_clk
                0x000806e0       0x58 src/ASF/sam/drivers/pmc/pmc.o
                0x000806e0                pmc_enable_periph_clk
 .text.tc_init  0x00080738       0x1c src/ASF/sam/drivers/tc/tc.o
                0x00080738                tc_init
 .text.tc_set_block_mode
                0x00080754        0x8 src/ASF/sam/drivers/tc/tc.o
                0x00080754                tc_set_block_mode
 .text.tc_start
                0x0008075c        0x8 src/ASF/sam/drivers/tc/tc.o
                0x0008075c                tc_start
 .text.tc_stop  0x00080764        0x8 src/ASF/sam/drivers/tc/tc.o
                0x00080764                tc_stop
 .text.tc_read_cv
                0x0008076c        0x8 src/ASF/sam/drivers/tc/tc.o
                0x0008076c                tc_read_cv
 .text.tc_write_rc
                0x00080774        0x8 src/ASF/sam/drivers/tc/tc.o
                0x00080774                tc_write_rc
 .text.tc_enable_interrupt
                0x0008077c        0x8 src/ASF/sam/drivers/tc/tc.o
                0x0008077c                tc_enable_interrupt
 .text.tc_get_status
                0x00080784        0x8 src/ASF/sam/drivers/tc/tc.o
                0x00080784                tc_get_status
 .text.tc_find_mck_divisor
                0x0008078c       0x78 src/ASF/sam/drivers/tc/tc.o
                0x0008078c                tc_find_mck_divisor
 .text.Dummy_Handler
                0x00080804        0x4 src/ASF/sam/utils/cmsis/sam3x/source/templates/exceptions.o
                0x00080804                DACC_Handler
                0x00080804                DebugMon_Handler
                0x00080804                DMAC_Handler
                0x00080804                TRNG_Handler
                0x00080804                HardFault_Handler
                0x00080804                TC2_Handler
                0x00080804                SysTick_Handler
                0x00080804                USART3_Handler
                0x00080804                TWI1_Handler
                0x00080804                PendSV_Handler
                0x00080804                NMI_Handler
                0x00080804                TC7_Handler
                0x00080804                ADC_Handler
                0x00080804                SMC_Handler
                0x00080804                USART0_Handler
                0x00080804                RTT_Handler
                0x00080804                EFC1_Handler
                0x00080804                RTC_Handler
                0x00080804                UsageFault_Handler
                0x00080804                TC6_Handler
                0x00080804                WDT_Handler
                0x00080804                CAN0_Handler
                0x00080804                TC4_Handler
                0x00080804                TC1_Handler
                0x00080804                HSMCI_Handler
                0x00080804                TC3_Handler
                0x00080804                Dummy_Handler
                0x00080804                TWI0_Handler
                0x00080804                USART1_Handler
                0x00080804                SSC_Handler
                0x00080804                EFC0_Handler
                0x00080804                PMC_Handler
                0x00080804                PWM_Handler
                0x00080804                CAN1_Handler
                0x00080804                MemManage_Handler
                0x00080804                SUPC_Handler
                0x00080804                SVC_Handler
                0x00080804                TC8_Handler
                0x00080804                USART2_Handler
                0x00080804                EMAC_Handler
                0x00080804                UART_Handler
                0x00080804                BusFault_Handler
                0x00080804                RSTC_Handler
                0x00080804                TC5_Handler
                0x00080804                UOTGHS_Handler
                0x00080804                SPI0_Handler
 .text.Reset_Handler
                0x00080808       0xb0 src/ASF/sam/utils/cmsis/sam3x/source/templates/gcc/startup_sam3x.o
                0x00080808                Reset_Handler
 .text.SystemCoreClockUpdate
                0x000808b8      0x11c src/ASF/sam/utils/cmsis/sam3x/source/templates/system_sam3x.o
                0x000808b8                SystemCoreClockUpdate
 .text.system_init_flash
                0x000809d4       0x88 src/ASF/sam/utils/cmsis/sam3x/source/templates/system_sam3x.o
                0x000809d4                system_init_flash
 .text._sbrk    0x00080a5c       0x20 src/ASF/sam/utils/syscalls/gcc/syscalls.o
                0x00080a5c                _sbrk
 .text.adc_setup
                0x00080a7c       0x70 src/adcdac.o
                0x00080a7c                adc_setup
 .text.dac_setup
                0x00080aec       0x5c src/adcdac.o
                0x00080aec                dac_setup
 .text.lcd_update_time
                0x00080b48       0x4c src/sampel.o
                0x00080b48                lcd_update_time
 .text.lcd_update_strength
                0x00080b94       0x4c src/sampel.o
                0x00080b94                lcd_update_strength
 .text.TC0_Handler
                0x00080be0      0x1c8 src/sampel.o
                0x00080be0                TC0_Handler
 .text.main     0x00080da8       0xbc src/main.o
                0x00080da8                main
 .text.lcd_write
                0x00080e64       0xa0 src/LCDShield.o
                0x00080e64                lcd_write
 .text.lcd_clear
                0x00080f04       0x20 src/LCDShield.o
                0x00080f04                lcd_clear
 .text.lcd_set_cursor
                0x00080f24       0x14 src/LCDShield.o
                0x00080f24                lcd_set_cursor
 .text.LCDinit  0x00080f38       0xf4 src/LCDShield.o
                0x00080f38                LCDinit
 .text.lcd_put_cursor
                0x0008102c       0x24 src/LCDShield.o
                0x0008102c                lcd_put_cursor
 .text.LCDwriteString
                0x00081050       0x20 src/LCDShield.o
                0x00081050                LCDwriteString
 .text.configure_tc_audio
                0x00081070       0x88 src/conf_tc.o
                0x00081070                configure_tc_audio
 .text.configure_tc_buttons
                0x000810f8       0x3c src/conf_tc.o
                0x000810f8                configure_tc_buttons
 .text.delay    0x00081134       0x3c src/conf_tc.o
                0x00081134                delay
 .text.__libc_init_array
                0x00081170       0x50 c:/program files (x86)/atmel/atmel toolchain/arm gcc/native/4.8.1443/arm-gnu-toolchain/bin/../lib/gcc/arm-none-eabi/4.8.4/../../../../arm-none-eabi/lib/armv7-m\libc.a(lib_a-init.o)
                0x00081170                __libc_init_array
 .text.memset   0x000811c0       0x94 c:/program files (x86)/atmel/atmel toolchain/arm gcc/native/4.8.1443/arm-gnu-toolchain/bin/../lib/gcc/arm-none-eabi/4.8.4/../../../../arm-none-eabi/lib/armv7-m\libc.a(lib_a-memset.o)
                0x000811c0                memset
 .text.sprintf  0x00081254       0x4c c:/program files (x86)/atmel/atmel toolchain/arm gcc/native/4.8.1443/arm-gnu-toolchain/bin/../lib/gcc/arm-none-eabi/4.8.4/../../../../arm-none-eabi/lib/armv7-m\libc.a(lib_a-sprintf.o)
                0x00081254                sprintf
 .text.strlen   0x000812a0       0x60 c:/program files (x86)/atmel/atmel toolchain/arm gcc/native/4.8.1443/arm-gnu-toolchain/bin/../lib/gcc/arm-none-eabi/4.8.4/../../../../arm-none-eabi/lib/armv7-m\libc.a(lib_a-strlen.o)
                0x000812a0                strlen
 .text._svfprintf_r
                0x00081300     0x14e0 c:/program files (x86)/atmel/atmel toolchain/arm gcc/native/4.8.1443/arm-gnu-toolchain/bin/../lib/gcc/arm-none-eabi/4.8.4/../../../../arm-none-eabi/lib/armv7-m\libc.a(lib_a-svfprintf.o)
                0x00081300                _svfprintf_r
 .text.startup.register_fini
                0x000827e0       0x14 c:/program files (x86)/atmel/atmel toolchain/arm gcc/native/4.8.1443/arm-gnu-toolchain/bin/../lib/gcc/arm-none-eabi/4.8.4/../../../../arm-none-eabi/lib/armv7-m\libc.a(lib_a-__call_atexit.o)
 .text.atexit   0x000827f4        0xc c:/program files (x86)/atmel/atmel toolchain/arm gcc/native/4.8.1443/arm-gnu-toolchain/bin/../lib/gcc/arm-none-eabi/4.8.4/../../../../arm-none-eabi/lib/armv7-m\libc.a(lib_a-atexit.o)
                0x000827f4                atexit
 .text.quorem   0x00082800      0x134 c:/program files (x86)/atmel/atmel toolchain/arm gcc/native/4.8.1443/arm-gnu-toolchain/bin/../lib/gcc/arm-none-eabi/4.8.4/../../../../arm-none-eabi/lib/armv7-m\libc.a(lib_a-dtoa.o)
 *fill*         0x00082934        0x4 
 .text._dtoa_r  0x00082938      0xe38 c:/program files (x86)/atmel/atmel toolchain/arm gcc/native/4.8.1443/arm-gnu-toolchain/bin/../lib/gcc/arm-none-eabi/4.8.4/../../../../arm-none-eabi/lib/armv7-m\libc.a(lib_a-dtoa.o)
                0x00082938                _dtoa_r
 .text.__libc_fini_array
                0x00083770       0x30 c:/program files (x86)/atmel/atmel toolchain/arm gcc/native/4.8.1443/arm-gnu-toolchain/bin/../lib/gcc/arm-none-eabi/4.8.4/../../../../arm-none-eabi/lib/armv7-m\libc.a(lib_a-fini.o)
                0x00083770                __libc_fini_array
 .text._malloc_trim_r
                0x000837a0       0x9c c:/program files (x86)/atmel/atmel toolchain/arm gcc/native/4.8.1443/arm-gnu-toolchain/bin/../lib/gcc/arm-none-eabi/4.8.4/../../../../arm-none-eabi/lib/armv7-m\libc.a(lib_a-freer.o)
                0x000837a0                _malloc_trim_r
 .text._free_r  0x0008383c      0x198 c:/program files (x86)/atmel/atmel toolchain/arm gcc/native/4.8.1443/arm-gnu-toolchain/bin/../lib/gcc/arm-none-eabi/4.8.4/../../../../arm-none-eabi/lib/armv7-m\libc.a(lib_a-freer.o)
                0x0008383c                _free_r
 .text._localeconv_r
                0x000839d4        0x8 c:/program files (x86)/atmel/atmel toolchain/arm gcc/native/4.8.1443/arm-gnu-toolchain/bin/../lib/gcc/arm-none-eabi/4.8.4/../../../../arm-none-eabi/lib/armv7-m\libc.a(lib_a-locale.o)
                0x000839d4                _localeconv_r
 .text._malloc_r
                0x000839dc      0x538 c:/program files (x86)/atmel/atmel toolchain/arm gcc/native/4.8.1443/arm-gnu-toolchain/bin/../lib/gcc/arm-none-eabi/4.8.4/../../../../arm-none-eabi/lib/armv7-m\libc.a(lib_a-mallocr.o)
                0x000839dc                _malloc_r
 .text.memchr   0x00083f14       0x94 c:/program files (x86)/atmel/atmel toolchain/arm gcc/native/4.8.1443/arm-gnu-toolchain/bin/../lib/gcc/arm-none-eabi/4.8.4/../../../../arm-none-eabi/lib/armv7-m\libc.a(lib_a-memchr-stub.o)
                0x00083f14                memchr
 .text          0x00083fa8       0xec c:/program files (x86)/atmel/atmel toolchain/arm gcc/native/4.8.1443/arm-gnu-toolchain/bin/../lib/gcc/arm-none-eabi/4.8.4/../../../../arm-none-eabi/lib/armv7-m\libc.a(lib_a-memcpy.o)
                0x00083fa8                memcpy
 .text.memmove  0x00084094       0xcc c:/program files (x86)/atmel/atmel toolchain/arm gcc/native/4.8.1443/arm-gnu-toolchain/bin/../lib/gcc/arm-none-eabi/4.8.4/../../../../arm-none-eabi/lib/armv7-m\libc.a(lib_a-memmove.o)
                0x00084094                memmove
 .text.__malloc_lock
                0x00084160        0x4 c:/program files (x86)/atmel/atmel toolchain/arm gcc/native/4.8.1443/arm-gnu-toolchain/bin/../lib/gcc/arm-none-eabi/4.8.4/../../../../arm-none-eabi/lib/armv7-m\libc.a(lib_a-mlock.o)
                0x00084160                __malloc_lock
 .text.__malloc_unlock
                0x00084164        0x4 c:/program files (x86)/atmel/atmel toolchain/arm gcc/native/4.8.1443/arm-gnu-toolchain/bin/../lib/gcc/arm-none-eabi/4.8.4/../../../../arm-none-eabi/lib/armv7-m\libc.a(lib_a-mlock.o)
                0x00084164                __malloc_unlock
 .text._Balloc  0x00084168       0x4c c:/program files (x86)/atmel/atmel toolchain/arm gcc/native/4.8.1443/arm-gnu-toolchain/bin/../lib/gcc/arm-none-eabi/4.8.4/../../../../arm-none-eabi/lib/armv7-m\libc.a(lib_a-mprec.o)
                0x00084168                _Balloc
 .text._Bfree   0x000841b4       0x14 c:/program files (x86)/atmel/atmel toolchain/arm gcc/native/4.8.1443/arm-gnu-toolchain/bin/../lib/gcc/arm-none-eabi/4.8.4/../../../../arm-none-eabi/lib/armv7-m\libc.a(lib_a-mprec.o)
                0x000841b4                _Bfree
 .text.__multadd
                0x000841c8       0x94 c:/program files (x86)/atmel/atmel toolchain/arm gcc/native/4.8.1443/arm-gnu-toolchain/bin/../lib/gcc/arm-none-eabi/4.8.4/../../../../arm-none-eabi/lib/armv7-m\libc.a(lib_a-mprec.o)
                0x000841c8                __multadd
 .text.__hi0bits
                0x0008425c       0x40 c:/program files (x86)/atmel/atmel toolchain/arm gcc/native/4.8.1443/arm-gnu-toolchain/bin/../lib/gcc/arm-none-eabi/4.8.4/../../../../arm-none-eabi/lib/armv7-m\libc.a(lib_a-mprec.o)
                0x0008425c                __hi0bits
 .text.__lo0bits
                0x0008429c       0x5c c:/program files (x86)/atmel/atmel toolchain/arm gcc/native/4.8.1443/arm-gnu-toolchain/bin/../lib/gcc/arm-none-eabi/4.8.4/../../../../arm-none-eabi/lib/armv7-m\libc.a(lib_a-mprec.o)
                0x0008429c                __lo0bits
 .text.__i2b    0x000842f8       0x14 c:/program files (x86)/atmel/atmel toolchain/arm gcc/native/4.8.1443/arm-gnu-toolchain/bin/../lib/gcc/arm-none-eabi/4.8.4/../../../../arm-none-eabi/lib/armv7-m\libc.a(lib_a-mprec.o)
                0x000842f8                __i2b
 .text.__multiply
                0x0008430c      0x13c c:/program files (x86)/atmel/atmel toolchain/arm gcc/native/4.8.1443/arm-gnu-toolchain/bin/../lib/gcc/arm-none-eabi/4.8.4/../../../../arm-none-eabi/lib/armv7-m\libc.a(lib_a-mprec.o)
                0x0008430c                __multiply
 .text.__pow5mult
                0x00084448       0x9c c:/program files (x86)/atmel/atmel toolchain/arm gcc/native/4.8.1443/arm-gnu-toolchain/bin/../lib/gcc/arm-none-eabi/4.8.4/../../../../arm-none-eabi/lib/armv7-m\libc.a(lib_a-mprec.o)
                0x00084448                __pow5mult
 .text.__lshift
                0x000844e4       0xbc c:/program files (x86)/atmel/atmel toolchain/arm gcc/native/4.8.1443/arm-gnu-toolchain/bin/../lib/gcc/arm-none-eabi/4.8.4/../../../../arm-none-eabi/lib/armv7-m\libc.a(lib_a-mprec.o)
                0x000844e4                __lshift
 .text.__mcmp   0x000845a0       0x48 c:/program files (x86)/atmel/atmel toolchain/arm gcc/native/4.8.1443/arm-gnu-toolchain/bin/../lib/gcc/arm-none-eabi/4.8.4/../../../../arm-none-eabi/lib/armv7-m\libc.a(lib_a-mprec.o)
                0x000845a0                __mcmp
 .text.__mdiff  0x000845e8       0xd8 c:/program files (x86)/atmel/atmel toolchain/arm gcc/native/4.8.1443/arm-gnu-toolchain/bin/../lib/gcc/arm-none-eabi/4.8.4/../../../../arm-none-eabi/lib/armv7-m\libc.a(lib_a-mprec.o)
                0x000845e8                __mdiff
 .text.__d2b    0x000846c0       0xbc c:/program files (x86)/atmel/atmel toolchain/arm gcc/native/4.8.1443/arm-gnu-toolchain/bin/../lib/gcc/arm-none-eabi/4.8.4/../../../../arm-none-eabi/lib/armv7-m\libc.a(lib_a-mprec.o)
                0x000846c0                __d2b
 .text._realloc_r
                0x0008477c      0x3c0 c:/program files (x86)/atmel/atmel toolchain/arm gcc/native/4.8.1443/arm-gnu-toolchain/bin/../lib/gcc/arm-none-eabi/4.8.4/../../../../arm-none-eabi/lib/armv7-m\libc.a(lib_a-reallocr.o)
                0x0008477c                _realloc_r
 .text.__fpclassifyd
                0x00084b3c       0x50 c:/program files (x86)/atmel/atmel toolchain/arm gcc/native/4.8.1443/arm-gnu-toolchain/bin/../lib/gcc/arm-none-eabi/4.8.4/../../../../arm-none-eabi/lib/armv7-m\libc.a(lib_a-s_fpclassify.o)
                0x00084b3c                __fpclassifyd
 .text._sbrk_r  0x00084b8c       0x24 c:/program files (x86)/atmel/atmel toolchain/arm gcc/native/4.8.1443/arm-gnu-toolchain/bin/../lib/gcc/arm-none-eabi/4.8.4/../../../../arm-none-eabi/lib/armv7-m\libc.a(lib_a-sbrkr.o)
                0x00084b8c                _sbrk_r
 .text.__ssprint_r
                0x00084bb0      0x100 c:/program files (x86)/atmel/atmel toolchain/arm gcc/native/4.8.1443/arm-gnu-toolchain/bin/../lib/gcc/arm-none-eabi/4.8.4/../../../../arm-none-eabi/lib/armv7-m\libc.a(lib_a-svfiprintf.o)
                0x00084bb0                __ssprint_r
 .text.__register_exitproc
                0x00084cb0       0xa8 c:/program files (x86)/atmel/atmel toolchain/arm gcc/native/4.8.1443/arm-gnu-toolchain/bin/../lib/gcc/arm-none-eabi/4.8.4/../../../../arm-none-eabi/lib/armv7-m\libc.a(lib_a-__atexit.o)
                0x00084cb0                __register_exitproc
 .text._calloc_r
                0x00084d58       0x60 c:/program files (x86)/atmel/atmel toolchain/arm gcc/native/4.8.1443/arm-gnu-toolchain/bin/../lib/gcc/arm-none-eabi/4.8.4/../../../../arm-none-eabi/lib/armv7-m\libc.a(lib_a-callocr.o)
                0x00084d58                _calloc_r
 .text          0x00084db8      0x370 c:/program files (x86)/atmel/atmel toolchain/arm gcc/native/4.8.1443/arm-gnu-toolchain/bin/../lib/gcc/arm-none-eabi/4.8.4/armv7-m\libgcc.a(_arm_addsubdf3.o)
                0x00084db8                __aeabi_drsub
                0x00084dc0                __aeabi_dsub
                0x00084dc0                __subdf3
                0x00084dc4                __aeabi_dadd
                0x00084dc4                __adddf3
                0x0008503c                __floatunsidf
                0x0008503c                __aeabi_ui2d
                0x0008505c                __floatsidf
                0x0008505c                __aeabi_i2d
                0x00085080                __aeabi_f2d
                0x00085080                __extendsfdf2
                0x000850bc                __floatundidf
                0x000850bc                __aeabi_ul2d
                0x000850cc                __floatdidf
                0x000850cc                __aeabi_l2d
 .text          0x00085128      0x424 c:/program files (x86)/atmel/atmel toolchain/arm gcc/native/4.8.1443/arm-gnu-toolchain/bin/../lib/gcc/arm-none-eabi/4.8.4/armv7-m\libgcc.a(_arm_muldivdf3.o)
                0x00085128                __aeabi_dmul
                0x00085128                __muldf3
                0x0008537c                __divdf3
                0x0008537c                __aeabi_ddiv
 .text          0x0008554c      0x110 c:/program files (x86)/atmel/atmel toolchain/arm gcc/native/4.8.1443/arm-gnu-toolchain/bin/../lib/gcc/arm-none-eabi/4.8.4/armv7-m\libgcc.a(_arm_cmpdf2.o)
                0x0008554c                __gtdf2
                0x0008554c                __gedf2
                0x00085554                __ltdf2
                0x00085554                __ledf2
                0x0008555c                __nedf2
                0x0008555c                __eqdf2
                0x0008555c                __cmpdf2
                0x000855d8                __aeabi_cdrcmple
                0x000855e8                __aeabi_cdcmpeq
                0x000855e8                __aeabi_cdcmple
                0x000855f8                __aeabi_dcmpeq
                0x0008560c                __aeabi_dcmplt
                0x00085620                __aeabi_dcmple
                0x00085634                __aeabi_dcmpge
                0x00085648                __aeabi_dcmpgt
 .text          0x0008565c       0x50 c:/program files (x86)/atmel/atmel toolchain/arm gcc/native/4.8.1443/arm-gnu-toolchain/bin/../lib/gcc/arm-none-eabi/4.8.4/armv7-m\libgcc.a(_arm_fixdfsi.o)
                0x0008565c                __aeabi_d2iz
                0x0008565c                __fixdfsi
 .text          0x000856ac       0x2c c:/program files (x86)/atmel/atmel toolchain/arm gcc/native/4.8.1443/arm-gnu-toolchain/bin/../lib/gcc/arm-none-eabi/4.8.4/armv7-m\libgcc.a(_aeabi_uldivmod.o)
                0x000856ac                __aeabi_uldivmod
 .text          0x000856d8       0x60 c:/program files (x86)/atmel/atmel toolchain/arm gcc/native/4.8.1443/arm-gnu-toolchain/bin/../lib/gcc/arm-none-eabi/4.8.4/armv7-m\libgcc.a(bpabi.o)
                0x000856d8                __gnu_ldivmod_helper
                0x00085708                __gnu_uldivmod_helper
 .text          0x00085738        0x4 c:/program files (x86)/atmel/atmel toolchain/arm gcc/native/4.8.1443/arm-gnu-toolchain/bin/../lib/gcc/arm-none-eabi/4.8.4/armv7-m\libgcc.a(_dvmd_tls.o)
                0x00085738                __aeabi_idiv0
                0x00085738                __aeabi_ldiv0
 .text          0x0008573c      0x2a0 c:/program files (x86)/atmel/atmel toolchain/arm gcc/native/4.8.1443/arm-gnu-toolchain/bin/../lib/gcc/arm-none-eabi/4.8.4/armv7-m\libgcc.a(_divdi3.o)
                0x0008573c                __divdi3
 .text          0x000859dc      0x290 c:/program files (x86)/atmel/atmel toolchain/arm gcc/native/4.8.1443/arm-gnu-toolchain/bin/../lib/gcc/arm-none-eabi/4.8.4/armv7-m\libgcc.a(_udivdi3.o)
                0x000859dc                __udivdi3
 *(.glue_7t)
 .glue_7t       0x00000000        0x0 linker stubs
 *(.glue_7)
 .glue_7        0x00000000        0x0 linker stubs
 *(.rodata .rodata* .gnu.linkonce.r.*)
 .rodata.str1.4
                0x00085c6c        0xf src/sampel.o
                                 0x10 (size before relaxing)
 *fill*         0x00085c7b        0x1 
 .rodata.str1.4
                0x00085c7c       0x2c src/main.o
                                 0x34 (size before relaxing)
 .rodata        0x00085ca8       0x10 src/LCDShield.o
 .rodata.str1.4
                0x00085cb8        0x2 c:/program files (x86)/atmel/atmel toolchain/arm gcc/native/4.8.1443/arm-gnu-toolchain/bin/../lib/gcc/arm-none-eabi/4.8.4/../../../../arm-none-eabi/lib/armv7-m\libc.a(lib_a-impure.o)
                                  0x4 (size before relaxing)
 *fill*         0x00085cba        0x2 
 .rodata._global_impure_ptr
                0x00085cbc        0x4 c:/program files (x86)/atmel/atmel toolchain/arm gcc/native/4.8.1443/arm-gnu-toolchain/bin/../lib/gcc/arm-none-eabi/4.8.4/../../../../arm-none-eabi/lib/armv7-m\libc.a(lib_a-impure.o)
                0x00085cbc                _global_impure_ptr
 .rodata.zeroes.6763
                0x00085cc0       0x10 c:/program files (x86)/atmel/atmel toolchain/arm gcc/native/4.8.1443/arm-gnu-toolchain/bin/../lib/gcc/arm-none-eabi/4.8.4/../../../../arm-none-eabi/lib/armv7-m\libc.a(lib_a-svfprintf.o)
 .rodata.str1.4
                0x00085cd0       0x42 c:/program files (x86)/atmel/atmel toolchain/arm gcc/native/4.8.1443/arm-gnu-toolchain/bin/../lib/gcc/arm-none-eabi/4.8.4/../../../../arm-none-eabi/lib/armv7-m\libc.a(lib_a-svfprintf.o)
                                 0x44 (size before relaxing)
 *fill*         0x00085d12        0x2 
 .rodata.blanks.6762
                0x00085d14       0x10 c:/program files (x86)/atmel/atmel toolchain/arm gcc/native/4.8.1443/arm-gnu-toolchain/bin/../lib/gcc/arm-none-eabi/4.8.4/../../../../arm-none-eabi/lib/armv7-m\libc.a(lib_a-svfprintf.o)
 .rodata.str1.4
                0x00085d24       0x10 c:/program files (x86)/atmel/atmel toolchain/arm gcc/native/4.8.1443/arm-gnu-toolchain/bin/../lib/gcc/arm-none-eabi/4.8.4/../../../../arm-none-eabi/lib/armv7-m\libc.a(lib_a-dtoa.o)
                                 0x14 (size before relaxing)
 .rodata.str1.4
                0x00085d34        0xc c:/program files (x86)/atmel/atmel toolchain/arm gcc/native/4.8.1443/arm-gnu-toolchain/bin/../lib/gcc/arm-none-eabi/4.8.4/../../../../arm-none-eabi/lib/armv7-m\libc.a(lib_a-locale.o)
                                 0x14 (size before relaxing)
 .rodata.__mprec_tens
                0x00085d40       0xc8 c:/program files (x86)/atmel/atmel toolchain/arm gcc/native/4.8.1443/arm-gnu-toolchain/bin/../lib/gcc/arm-none-eabi/4.8.4/../../../../arm-none-eabi/lib/armv7-m\libc.a(lib_a-mprec.o)
                0x00085d40                __mprec_tens
 .rodata.__mprec_bigtens
                0x00085e08       0x28 c:/program files (x86)/atmel/atmel toolchain/arm gcc/native/4.8.1443/arm-gnu-toolchain/bin/../lib/gcc/arm-none-eabi/4.8.4/../../../../arm-none-eabi/lib/armv7-m\libc.a(lib_a-mprec.o)
                0x00085e08                __mprec_bigtens
 .rodata.p05.5269
                0x00085e30        0xc c:/program files (x86)/atmel/atmel toolchain/arm gcc/native/4.8.1443/arm-gnu-toolchain/bin/../lib/gcc/arm-none-eabi/4.8.4/../../../../arm-none-eabi/lib/armv7-m\libc.a(lib_a-mprec.o)
 *(.ARM.extab* .gnu.linkonce.armextab.*)
                0x00085e3c                . = ALIGN (0x4)
 *(.init)
 .init          0x00085e3c        0x4 c:/program files (x86)/atmel/atmel toolchain/arm gcc/native/4.8.1443/arm-gnu-toolchain/bin/../lib/gcc/arm-none-eabi/4.8.4/armv7-m/crti.o
                0x00085e3c                _init
 .init          0x00085e40        0x8 c:/program files (x86)/atmel/atmel toolchain/arm gcc/native/4.8.1443/arm-gnu-toolchain/bin/../lib/gcc/arm-none-eabi/4.8.4/armv7-m/crtn.o
                0x00085e48                . = ALIGN (0x4)
                0x00085e48                __preinit_array_start = .
 *(.preinit_array)
                0x00085e48                __preinit_array_end = .
                0x00085e48                . = ALIGN (0x4)
                0x00085e48                __init_array_start = .
 *(SORT(.init_array.*))
 .init_array.00000
                0x00085e48        0x4 c:/program files (x86)/atmel/atmel toolchain/arm gcc/native/4.8.1443/arm-gnu-toolchain/bin/../lib/gcc/arm-none-eabi/4.8.4/../../../../arm-none-eabi/lib/armv7-m\libc.a(lib_a-__call_atexit.o)
 *(.init_array)
 .init_array    0x00085e4c        0x4 c:/program files (x86)/atmel/atmel toolchain/arm gcc/native/4.8.1443/arm-gnu-toolchain/bin/../lib/gcc/arm-none-eabi/4.8.4/armv7-m/crtbegin.o
                0x00085e50                __init_array_end = .
                0x00085e50                . = ALIGN (0x4)
 *crtbegin.o(.ctors)
 *(EXCLUDE_FILE(*crtend.o) .ctors)
 *(SORT(.ctors.*))
 *crtend.o(.ctors)
                0x00085e50                . = ALIGN (0x4)
 *(.fini)
 .fini          0x00085e50        0x4 c:/program files (x86)/atmel/atmel toolchain/arm gcc/native/4.8.1443/arm-gnu-toolchain/bin/../lib/gcc/arm-none-eabi/4.8.4/armv7-m/crti.o
                0x00085e50                _fini
 .fini          0x00085e54        0x8 c:/program files (x86)/atmel/atmel toolchain/arm gcc/native/4.8.1443/arm-gnu-toolchain/bin/../lib/gcc/arm-none-eabi/4.8.4/armv7-m/crtn.o
                0x00085e5c                . = ALIGN (0x4)
                0x00085e5c                __fini_array_start = .
 *(.fini_array)
 .fini_array    0x00085e5c        0x4 c:/program files (x86)/atmel/atmel toolchain/arm gcc/native/4.8.1443/arm-gnu-toolchain/bin/../lib/gcc/arm-none-eabi/4.8.4/armv7-m/crtbegin.o
 *(SORT(.fini_array.*))
                0x00085e60                __fini_array_end = .
 *crtbegin.o(.dtors)
 *(EXCLUDE_FILE(*crtend.o) .dtors)
 *(SORT(.dtors.*))
 *crtend.o(.dtors)
                0x00085e60                . = ALIGN (0x4)
                0x00085e60                _efixed = .
                0x00085e60                PROVIDE (__exidx_start, .)

.vfp11_veneer   0x00085e60        0x0
 .vfp11_veneer  0x00000000        0x0 linker stubs

.v4_bx          0x00085e60        0x0
 .v4_bx         0x00000000        0x0 linker stubs

.iplt           0x00085e60        0x0
 .iplt          0x00000000        0x0 c:/program files (x86)/atmel/atmel toolchain/arm gcc/native/4.8.1443/arm-gnu-toolchain/bin/../lib/gcc/arm-none-eabi/4.8.4/armv7-m/crtbegin.o

.ARM.exidx      0x00085e60        0x8
 *(.ARM.exidx* .gnu.linkonce.armexidx.*)
 .ARM.exidx     0x00085e60        0x8 c:/program files (x86)/atmel/atmel toolchain/arm gcc/native/4.8.1443/arm-gnu-toolchain/bin/../lib/gcc/arm-none-eabi/4.8.4/armv7-m\libgcc.a(_divdi3.o)
 .ARM.exidx     0x00085e68        0x0 c:/program files (x86)/atmel/atmel toolchain/arm gcc/native/4.8.1443/arm-gnu-toolchain/bin/../lib/gcc/arm-none-eabi/4.8.4/armv7-m\libgcc.a(_udivdi3.o)
                                  0x8 (size before relaxing)
                0x00085e68                PROVIDE (__exidx_end, .)

.eh_frame       0x00085e68        0x0
 .eh_frame      0x00085e68        0x0 c:/program files (x86)/atmel/atmel toolchain/arm gcc/native/4.8.1443/arm-gnu-toolchain/bin/../lib/gcc/arm-none-eabi/4.8.4/armv7-m/crtbegin.o

.rel.dyn        0x00085e68        0x0
 .rel.iplt      0x00000000        0x0 c:/program files (x86)/atmel/atmel toolchain/arm gcc/native/4.8.1443/arm-gnu-toolchain/bin/../lib/gcc/arm-none-eabi/4.8.4/armv7-m/crtbegin.o

.jcr            0x00085e68        0x0
 .jcr           0x00085e68        0x0 c:/program files (x86)/atmel/atmel toolchain/arm gcc/native/4.8.1443/arm-gnu-toolchain/bin/../lib/gcc/arm-none-eabi/4.8.4/armv7-m/crtbegin.o

.igot.plt       0x00085e68        0x0
 .igot.plt      0x00000000        0x0 c:/program files (x86)/atmel/atmel toolchain/arm gcc/native/4.8.1443/arm-gnu-toolchain/bin/../lib/gcc/arm-none-eabi/4.8.4/armv7-m/crtbegin.o
                0x00085e68                . = ALIGN (0x4)
                0x00085e68                _etext = .

.relocate       0x20070000      0x87c load address 0x00085e68
                0x20070000                . = ALIGN (0x4)
                0x20070000                _srelocate = .
 *(.ramfunc .ramfunc.*)
 *(.data .data.*)
 .data.SystemCoreClock
                0x20070000        0x4 src/ASF/sam/utils/cmsis/sam3x/source/templates/system_sam3x.o
                0x20070000                SystemCoreClock
 *fill*         0x20070004        0x4 
 .data.impure_data
                0x20070008      0x428 c:/program files (x86)/atmel/atmel toolchain/arm gcc/native/4.8.1443/arm-gnu-toolchain/bin/../lib/gcc/arm-none-eabi/4.8.4/../../../../arm-none-eabi/lib/armv7-m\libc.a(lib_a-impure.o)
 .data._impure_ptr
                0x20070430        0x4 c:/program files (x86)/atmel/atmel toolchain/arm gcc/native/4.8.1443/arm-gnu-toolchain/bin/../lib/gcc/arm-none-eabi/4.8.4/../../../../arm-none-eabi/lib/armv7-m\libc.a(lib_a-impure.o)
                0x20070430                _impure_ptr
 .data.lconv    0x20070434       0x38 c:/program files (x86)/atmel/atmel toolchain/arm gcc/native/4.8.1443/arm-gnu-toolchain/bin/../lib/gcc/arm-none-eabi/4.8.4/../../../../arm-none-eabi/lib/armv7-m\libc.a(lib_a-locale.o)
 .data.__malloc_av_
                0x2007046c      0x408 c:/program files (x86)/atmel/atmel toolchain/arm gcc/native/4.8.1443/arm-gnu-toolchain/bin/../lib/gcc/arm-none-eabi/4.8.4/../../../../arm-none-eabi/lib/armv7-m\libc.a(lib_a-mallocr.o)
                0x2007046c                __malloc_av_
 .data.__malloc_trim_threshold
                0x20070874        0x4 c:/program files (x86)/atmel/atmel toolchain/arm gcc/native/4.8.1443/arm-gnu-toolchain/bin/../lib/gcc/arm-none-eabi/4.8.4/../../../../arm-none-eabi/lib/armv7-m\libc.a(lib_a-mallocr.o)
                0x20070874                __malloc_trim_threshold
 .data.__malloc_sbrk_base
                0x20070878        0x4 c:/program files (x86)/atmel/atmel toolchain/arm gcc/native/4.8.1443/arm-gnu-toolchain/bin/../lib/gcc/arm-none-eabi/4.8.4/../../../../arm-none-eabi/lib/armv7-m\libc.a(lib_a-mallocr.o)
                0x20070878                __malloc_sbrk_base
                0x2007087c                . = ALIGN (0x4)
                0x2007087c                _erelocate = .

.bss            0x2007087c     0x27e0 load address 0x000866e4
                0x2007087c                . = ALIGN (0x4)
                0x2007087c                _sbss = .
                0x2007087c                _szero = .
 *(.bss .bss.*)
 .bss           0x2007087c       0x1c c:/program files (x86)/atmel/atmel toolchain/arm gcc/native/4.8.1443/arm-gnu-toolchain/bin/../lib/gcc/arm-none-eabi/4.8.4/armv7-m/crtbegin.o
 .bss.gs_interrupt_sources
                0x20070898       0x70 src/ASF/sam/drivers/pio/pio_handler.o
 .bss.heap.5097
                0x20070908        0x4 src/ASF/sam/utils/syscalls/gcc/syscalls.o
 .bss.strength.8084
                0x2007090c        0x1 src/sampel.o
 *fill*         0x2007090d        0x1 
 .bss.i.8086    0x2007090e        0x2 src/sampel.o
 .bss.buffer.8085
                0x20070910     0x2710 src/sampel.o
 .bss.delay_time.8083
                0x20073020        0x2 src/sampel.o
 *fill*         0x20073022        0x2 
 .bss.__malloc_max_total_mem
                0x20073024        0x4 c:/program files (x86)/atmel/atmel toolchain/arm gcc/native/4.8.1443/arm-gnu-toolchain/bin/../lib/gcc/arm-none-eabi/4.8.4/../../../../arm-none-eabi/lib/armv7-m\libc.a(lib_a-mallocr.o)
                0x20073024                __malloc_max_total_mem
 .bss.__malloc_max_sbrked_mem
                0x20073028        0x4 c:/program files (x86)/atmel/atmel toolchain/arm gcc/native/4.8.1443/arm-gnu-toolchain/bin/../lib/gcc/arm-none-eabi/4.8.4/../../../../arm-none-eabi/lib/armv7-m\libc.a(lib_a-mallocr.o)
                0x20073028                __malloc_max_sbrked_mem
 .bss.__malloc_top_pad
                0x2007302c        0x4 c:/program files (x86)/atmel/atmel toolchain/arm gcc/native/4.8.1443/arm-gnu-toolchain/bin/../lib/gcc/arm-none-eabi/4.8.4/../../../../arm-none-eabi/lib/armv7-m\libc.a(lib_a-mallocr.o)
                0x2007302c                __malloc_top_pad
 .bss.__malloc_current_mallinfo
                0x20073030       0x28 c:/program files (x86)/atmel/atmel toolchain/arm gcc/native/4.8.1443/arm-gnu-toolchain/bin/../lib/gcc/arm-none-eabi/4.8.4/../../../../arm-none-eabi/lib/armv7-m\libc.a(lib_a-mallocr.o)
                0x20073030                __malloc_current_mallinfo
 *(COMMON)
 COMMON         0x20073058        0x4 c:/program files (x86)/atmel/atmel toolchain/arm gcc/native/4.8.1443/arm-gnu-toolchain/bin/../lib/gcc/arm-none-eabi/4.8.4/../../../../arm-none-eabi/lib/armv7-m\libc.a(lib_a-reent.o)
                0x20073058                errno
                0x2007305c                . = ALIGN (0x4)
                0x2007305c                _ebss = .
                0x2007305c                _ezero = .

.stack          0x2007305c     0x2004 load address 0x00088ec4
                0x20073060                . = ALIGN (0x8)
 *fill*         0x2007305c        0x4 
                0x20073060                _sstack = .
                0x20075060                . = (. + __stack_size__)
 *fill*         0x20073060     0x2000 
                0x20075060                . = ALIGN (0x8)
                0x20075060                _estack = .
                0x20075060                . = ALIGN (0x4)
                0x20075060                _end = .
OUTPUT(inl2final.elf elf32-littlearm)

.ARM.attributes
                0x00000000       0x29
 .ARM.attributes
                0x00000000       0x1d c:/program files (x86)/atmel/atmel toolchain/arm gcc/native/4.8.1443/arm-gnu-toolchain/bin/../lib/gcc/arm-none-eabi/4.8.4/armv7-m/crti.o
 .ARM.attributes
                0x0000001d       0x2d c:/program files (x86)/atmel/atmel toolchain/arm gcc/native/4.8.1443/arm-gnu-toolchain/bin/../lib/gcc/arm-none-eabi/4.8.4/armv7-m/crtbegin.o
 .ARM.attributes
                0x0000004a       0x33 src/ASF/common/services/clock/sam3x/sysclk.o
 .ARM.attributes
                0x0000007d       0x33 src/ASF/sam/boards/arduino_due_x/init.o
 .ARM.attributes
                0x000000b0       0x33 src/ASF/sam/drivers/adc/adc.o
 .ARM.attributes
                0x000000e3       0x33 src/ASF/sam/drivers/dacc/dacc.o
 .ARM.attributes
                0x00000116       0x33 src/ASF/sam/drivers/pio/pio.o
 .ARM.attributes
                0x00000149       0x33 src/ASF/sam/drivers/pio/pio_handler.o
 .ARM.attributes
                0x0000017c       0x33 src/ASF/sam/drivers/pmc/pmc.o
 .ARM.attributes
                0x000001af       0x33 src/ASF/sam/drivers/tc/tc.o
 .ARM.attributes
                0x000001e2       0x33 src/ASF/sam/utils/cmsis/sam3x/source/templates/exceptions.o
 .ARM.attributes
                0x00000215       0x33 src/ASF/sam/utils/cmsis/sam3x/source/templates/gcc/startup_sam3x.o
 .ARM.attributes
                0x00000248       0x33 src/ASF/sam/utils/cmsis/sam3x/source/templates/system_sam3x.o
 .ARM.attributes
                0x0000027b       0x33 src/ASF/sam/utils/syscalls/gcc/syscalls.o
 .ARM.attributes
                0x000002ae       0x33 src/adcdac.o
 .ARM.attributes
                0x000002e1       0x33 src/sampel.o
 .ARM.attributes
                0x00000314       0x33 src/main.o
 .ARM.attributes
                0x00000347       0x33 src/LCDShield.o
 .ARM.attributes
                0x0000037a       0x33 src/conf_tc.o
 .ARM.attributes
                0x000003ad       0x2d c:/program files (x86)/atmel/atmel toolchain/arm gcc/native/4.8.1443/arm-gnu-toolchain/bin/../lib/gcc/arm-none-eabi/4.8.4/../../../../arm-none-eabi/lib/armv7-m\libc.a(lib_a-impure.o)
 .ARM.attributes
                0x000003da       0x2d c:/program files (x86)/atmel/atmel toolchain/arm gcc/native/4.8.1443/arm-gnu-toolchain/bin/../lib/gcc/arm-none-eabi/4.8.4/../../../../arm-none-eabi/lib/armv7-m\libc.a(lib_a-init.o)
 .ARM.attributes
                0x00000407       0x2d c:/program files (x86)/atmel/atmel toolchain/arm gcc/native/4.8.1443/arm-gnu-toolchain/bin/../lib/gcc/arm-none-eabi/4.8.4/../../../../arm-none-eabi/lib/armv7-m\libc.a(lib_a-memset.o)
 .ARM.attributes
                0x00000434       0x2d c:/program files (x86)/atmel/atmel toolchain/arm gcc/native/4.8.1443/arm-gnu-toolchain/bin/../lib/gcc/arm-none-eabi/4.8.4/../../../../arm-none-eabi/lib/armv7-m\libc.a(lib_a-sprintf.o)
 .ARM.attributes
                0x00000461       0x2d c:/program files (x86)/atmel/atmel toolchain/arm gcc/native/4.8.1443/arm-gnu-toolchain/bin/../lib/gcc/arm-none-eabi/4.8.4/../../../../arm-none-eabi/lib/armv7-m\libc.a(lib_a-strlen.o)
 .ARM.attributes
                0x0000048e       0x2d c:/program files (x86)/atmel/atmel toolchain/arm gcc/native/4.8.1443/arm-gnu-toolchain/bin/../lib/gcc/arm-none-eabi/4.8.4/../../../../arm-none-eabi/lib/armv7-m\libc.a(lib_a-svfprintf.o)
 .ARM.attributes
                0x000004bb       0x2d c:/program files (x86)/atmel/atmel toolchain/arm gcc/native/4.8.1443/arm-gnu-toolchain/bin/../lib/gcc/arm-none-eabi/4.8.4/../../../../arm-none-eabi/lib/armv7-m\libc.a(lib_a-__call_atexit.o)
 .ARM.attributes
                0x000004e8       0x2d c:/program files (x86)/atmel/atmel toolchain/arm gcc/native/4.8.1443/arm-gnu-toolchain/bin/../lib/gcc/arm-none-eabi/4.8.4/../../../../arm-none-eabi/lib/armv7-m\libc.a(lib_a-atexit.o)
 .ARM.attributes
                0x00000515       0x2d c:/program files (x86)/atmel/atmel toolchain/arm gcc/native/4.8.1443/arm-gnu-toolchain/bin/../lib/gcc/arm-none-eabi/4.8.4/../../../../arm-none-eabi/lib/armv7-m\libc.a(lib_a-dtoa.o)
 .ARM.attributes
                0x00000542       0x2d c:/program files (x86)/atmel/atmel toolchain/arm gcc/native/4.8.1443/arm-gnu-toolchain/bin/../lib/gcc/arm-none-eabi/4.8.4/../../../../arm-none-eabi/lib/armv7-m\libc.a(lib_a-fini.o)
 .ARM.attributes
                0x0000056f       0x2d c:/program files (x86)/atmel/atmel toolchain/arm gcc/native/4.8.1443/arm-gnu-toolchain/bin/../lib/gcc/arm-none-eabi/4.8.4/../../../../arm-none-eabi/lib/armv7-m\libc.a(lib_a-freer.o)
 .ARM.attributes
                0x0000059c       0x2d c:/program files (x86)/atmel/atmel toolchain/arm gcc/native/4.8.1443/arm-gnu-toolchain/bin/../lib/gcc/arm-none-eabi/4.8.4/../../../../arm-none-eabi/lib/armv7-m\libc.a(lib_a-locale.o)
 .ARM.attributes
                0x000005c9       0x2d c:/program files (x86)/atmel/atmel toolchain/arm gcc/native/4.8.1443/arm-gnu-toolchain/bin/../lib/gcc/arm-none-eabi/4.8.4/../../../../arm-none-eabi/lib/armv7-m\libc.a(lib_a-mallocr.o)
 .ARM.attributes
                0x000005f6       0x2d c:/program files (x86)/atmel/atmel toolchain/arm gcc/native/4.8.1443/arm-gnu-toolchain/bin/../lib/gcc/arm-none-eabi/4.8.4/../../../../arm-none-eabi/lib/armv7-m\libc.a(lib_a-memchr-stub.o)
 .ARM.attributes
                0x00000623       0x1b c:/program files (x86)/atmel/atmel toolchain/arm gcc/native/4.8.1443/arm-gnu-toolchain/bin/../lib/gcc/arm-none-eabi/4.8.4/../../../../arm-none-eabi/lib/armv7-m\libc.a(lib_a-memcpy.o)
 .ARM.attributes
                0x0000063e       0x2d c:/program files (x86)/atmel/atmel toolchain/arm gcc/native/4.8.1443/arm-gnu-toolchain/bin/../lib/gcc/arm-none-eabi/4.8.4/../../../../arm-none-eabi/lib/armv7-m\libc.a(lib_a-memmove.o)
 .ARM.attributes
                0x0000066b       0x2d c:/program files (x86)/atmel/atmel toolchain/arm gcc/native/4.8.1443/arm-gnu-toolchain/bin/../lib/gcc/arm-none-eabi/4.8.4/../../../../arm-none-eabi/lib/armv7-m\libc.a(lib_a-mlock.o)
 .ARM.attributes
                0x00000698       0x2d c:/program files (x86)/atmel/atmel toolchain/arm gcc/native/4.8.1443/arm-gnu-toolchain/bin/../lib/gcc/arm-none-eabi/4.8.4/../../../../arm-none-eabi/lib/armv7-m\libc.a(lib_a-mprec.o)
 .ARM.attributes
                0x000006c5       0x2d c:/program files (x86)/atmel/atmel toolchain/arm gcc/native/4.8.1443/arm-gnu-toolchain/bin/../lib/gcc/arm-none-eabi/4.8.4/../../../../arm-none-eabi/lib/armv7-m\libc.a(lib_a-reallocr.o)
 .ARM.attributes
                0x000006f2       0x2d c:/program files (x86)/atmel/atmel toolchain/arm gcc/native/4.8.1443/arm-gnu-toolchain/bin/../lib/gcc/arm-none-eabi/4.8.4/../../../../arm-none-eabi/lib/armv7-m\libc.a(lib_a-s_fpclassify.o)
 .ARM.attributes
                0x0000071f       0x2d c:/program files (x86)/atmel/atmel toolchain/arm gcc/native/4.8.1443/arm-gnu-toolchain/bin/../lib/gcc/arm-none-eabi/4.8.4/../../../../arm-none-eabi/lib/armv7-m\libc.a(lib_a-sbrkr.o)
 .ARM.attributes
                0x0000074c       0x2d c:/program files (x86)/atmel/atmel toolchain/arm gcc/native/4.8.1443/arm-gnu-toolchain/bin/../lib/gcc/arm-none-eabi/4.8.4/../../../../arm-none-eabi/lib/armv7-m\libc.a(lib_a-svfiprintf.o)
 .ARM.attributes
                0x00000779       0x2d c:/program files (x86)/atmel/atmel toolchain/arm gcc/native/4.8.1443/arm-gnu-toolchain/bin/../lib/gcc/arm-none-eabi/4.8.4/../../../../arm-none-eabi/lib/armv7-m\libc.a(lib_a-__atexit.o)
 .ARM.attributes
                0x000007a6       0x2d c:/program files (x86)/atmel/atmel toolchain/arm gcc/native/4.8.1443/arm-gnu-toolchain/bin/../lib/gcc/arm-none-eabi/4.8.4/../../../../arm-none-eabi/lib/armv7-m\libc.a(lib_a-callocr.o)
 .ARM.attributes
                0x000007d3       0x2d c:/program files (x86)/atmel/atmel toolchain/arm gcc/native/4.8.1443/arm-gnu-toolchain/bin/../lib/gcc/arm-none-eabi/4.8.4/../../../../arm-none-eabi/lib/armv7-m\libc.a(lib_a-reent.o)
 .ARM.attributes
                0x00000800       0x1d c:/program files (x86)/atmel/atmel toolchain/arm gcc/native/4.8.1443/arm-gnu-toolchain/bin/../lib/gcc/arm-none-eabi/4.8.4/armv7-m\libgcc.a(_arm_addsubdf3.o)
 .ARM.attributes
                0x0000081d       0x1d c:/program files (x86)/atmel/atmel toolchain/arm gcc/native/4.8.1443/arm-gnu-toolchain/bin/../lib/gcc/arm-none-eabi/4.8.4/armv7-m\libgcc.a(_arm_muldivdf3.o)
 .ARM.attributes
                0x0000083a       0x1d c:/program files (x86)/atmel/atmel toolchain/arm gcc/native/4.8.1443/arm-gnu-toolchain/bin/../lib/gcc/arm-none-eabi/4.8.4/armv7-m\libgcc.a(_arm_cmpdf2.o)
 .ARM.attributes
                0x00000857       0x1d c:/program files (x86)/atmel/atmel toolchain/arm gcc/native/4.8.1443/arm-gnu-toolchain/bin/../lib/gcc/arm-none-eabi/4.8.4/armv7-m\libgcc.a(_arm_fixdfsi.o)
 .ARM.attributes
                0x00000874       0x1d c:/program files (x86)/atmel/atmel toolchain/arm gcc/native/4.8.1443/arm-gnu-toolchain/bin/../lib/gcc/arm-none-eabi/4.8.4/armv7-m\libgcc.a(_aeabi_uldivmod.o)
 .ARM.attributes
                0x00000891       0x2d c:/program files (x86)/atmel/atmel toolchain/arm gcc/native/4.8.1443/arm-gnu-toolchain/bin/../lib/gcc/arm-none-eabi/4.8.4/armv7-m\libgcc.a(bpabi.o)
 .ARM.attributes
                0x000008be       0x1d c:/program files (x86)/atmel/atmel toolchain/arm gcc/native/4.8.1443/arm-gnu-toolchain/bin/../lib/gcc/arm-none-eabi/4.8.4/armv7-m\libgcc.a(_dvmd_tls.o)
 .ARM.attributes
                0x000008db       0x2d c:/program files (x86)/atmel/atmel toolchain/arm gcc/native/4.8.1443/arm-gnu-toolchain/bin/../lib/gcc/arm-none-eabi/4.8.4/armv7-m\libgcc.a(_divdi3.o)
 .ARM.attributes
                0x00000908       0x2d c:/program files (x86)/atmel/atmel toolchain/arm gcc/native/4.8.1443/arm-gnu-toolchain/bin/../lib/gcc/arm-none-eabi/4.8.4/armv7-m\libgcc.a(_udivdi3.o)
 .ARM.attributes
                0x00000935       0x1d c:/program files (x86)/atmel/atmel toolchain/arm gcc/native/4.8.1443/arm-gnu-toolchain/bin/../lib/gcc/arm-none-eabi/4.8.4/armv7-m/crtn.o

.comment        0x00000000       0x5b
 .comment       0x00000000       0x5b src/ASF/common/services/clock/sam3x/sysclk.o
                                 0x5c (size before relaxing)
 .comment       0x00000000       0x5c src/ASF/sam/boards/arduino_due_x/init.o
 .comment       0x00000000       0x5c src/ASF/sam/drivers/adc/adc.o
 .comment       0x00000000       0x5c src/ASF/sam/drivers/dacc/dacc.o
 .comment       0x00000000       0x5c src/ASF/sam/drivers/pio/pio.o
 .comment       0x00000000       0x5c src/ASF/sam/drivers/pio/pio_handler.o
 .comment       0x00000000       0x5c src/ASF/sam/drivers/pmc/pmc.o
 .comment       0x00000000       0x5c src/ASF/sam/drivers/tc/tc.o
 .comment       0x00000000       0x5c src/ASF/sam/utils/cmsis/sam3x/source/templates/exceptions.o
 .comment       0x00000000       0x5c src/ASF/sam/utils/cmsis/sam3x/source/templates/gcc/startup_sam3x.o
 .comment       0x00000000       0x5c src/ASF/sam/utils/cmsis/sam3x/source/templates/system_sam3x.o
 .comment       0x00000000       0x5c src/ASF/sam/utils/syscalls/gcc/syscalls.o
 .comment       0x00000000       0x5c src/adcdac.o
 .comment       0x00000000       0x5c src/sampel.o
 .comment       0x00000000       0x5c src/main.o
 .comment       0x00000000       0x5c src/LCDShield.o
 .comment       0x00000000       0x5c src/conf_tc.o

.debug_info     0x00000000     0xa4cc
 .debug_info    0x00000000      0x787 src/ASF/common/services/clock/sam3x/sysclk.o
 .debug_info    0x00000787      0x75a src/ASF/sam/boards/arduino_due_x/init.o
 .debug_info    0x00000ee1     0x116e src/ASF/sam/drivers/adc/adc.o
 .debug_info    0x0000204f      0x8ac src/ASF/sam/drivers/dacc/dacc.o
 .debug_info    0x000028fb     0x123d src/ASF/sam/drivers/pio/pio.o
 .debug_info    0x00003b38      0xe0e src/ASF/sam/drivers/pio/pio_handler.o
 .debug_info    0x00004946     0x103d src/ASF/sam/drivers/pmc/pmc.o
 .debug_info    0x00005983      0x945 src/ASF/sam/drivers/tc/tc.o
 .debug_info    0x000062c8       0xb9 src/ASF/sam/utils/cmsis/sam3x/source/templates/exceptions.o
 .debug_info    0x00006381      0x36d src/ASF/sam/utils/cmsis/sam3x/source/templates/gcc/startup_sam3x.o
 .debug_info    0x000066ee      0x476 src/ASF/sam/utils/cmsis/sam3x/source/templates/system_sam3x.o
 .debug_info    0x00006b64      0x427 src/ASF/sam/utils/syscalls/gcc/syscalls.o
 .debug_info    0x00006f8b      0x825 src/adcdac.o
 .debug_info    0x000077b0      0xb59 src/sampel.o
 .debug_info    0x00008309      0x300 src/main.o
 .debug_info    0x00008609     0x16a8 src/LCDShield.o
 .debug_info    0x00009cb1      0x81b src/conf_tc.o

.debug_abbrev   0x00000000     0x1c55
 .debug_abbrev  0x00000000      0x227 src/ASF/common/services/clock/sam3x/sysclk.o
 .debug_abbrev  0x00000227      0x16f src/ASF/sam/boards/arduino_due_x/init.o
 .debug_abbrev  0x00000396      0x226 src/ASF/sam/drivers/adc/adc.o
 .debug_abbrev  0x000005bc      0x1c6 src/ASF/sam/drivers/dacc/dacc.o
 .debug_abbrev  0x00000782      0x298 src/ASF/sam/drivers/pio/pio.o
 .debug_abbrev  0x00000a1a      0x257 src/ASF/sam/drivers/pio/pio_handler.o
 .debug_abbrev  0x00000c71      0x268 src/ASF/sam/drivers/pmc/pmc.o
 .debug_abbrev  0x00000ed9      0x1bb src/ASF/sam/drivers/tc/tc.o
 .debug_abbrev  0x00001094       0x6c src/ASF/sam/utils/cmsis/sam3x/source/templates/exceptions.o
 .debug_abbrev  0x00001100      0x109 src/ASF/sam/utils/cmsis/sam3x/source/templates/gcc/startup_sam3x.o
 .debug_abbrev  0x00001209       0xf5 src/ASF/sam/utils/cmsis/sam3x/source/templates/system_sam3x.o
 .debug_abbrev  0x000012fe      0x141 src/ASF/sam/utils/syscalls/gcc/syscalls.o
 .debug_abbrev  0x0000143f      0x149 src/adcdac.o
 .debug_abbrev  0x00001588      0x17d src/sampel.o
 .debug_abbrev  0x00001705      0x120 src/main.o
 .debug_abbrev  0x00001825      0x243 src/LCDShield.o
 .debug_abbrev  0x00001a68      0x1ed src/conf_tc.o

.debug_loc      0x00000000     0x365f
 .debug_loc     0x00000000      0x12d src/ASF/common/services/clock/sam3x/sysclk.o
 .debug_loc     0x0000012d       0x20 src/ASF/sam/boards/arduino_due_x/init.o
 .debug_loc     0x0000014d      0x980 src/ASF/sam/drivers/adc/adc.o
 .debug_loc     0x00000acd      0x3a7 src/ASF/sam/drivers/dacc/dacc.o
 .debug_loc     0x00000e74      0x9dd src/ASF/sam/drivers/pio/pio.o
 .debug_loc     0x00001851      0x4d9 src/ASF/sam/drivers/pio/pio_handler.o
 .debug_loc     0x00001d2a      0xbf2 src/ASF/sam/drivers/pmc/pmc.o
 .debug_loc     0x0000291c      0x57a src/ASF/sam/drivers/tc/tc.o
 .debug_loc     0x00002e96       0x7e src/ASF/sam/utils/cmsis/sam3x/source/templates/gcc/startup_sam3x.o
 .debug_loc     0x00002f14      0x112 src/ASF/sam/utils/syscalls/gcc/syscalls.o
 .debug_loc     0x00003026       0x40 src/adcdac.o
 .debug_loc     0x00003066      0x1e3 src/sampel.o
 .debug_loc     0x00003249       0x20 src/main.o
 .debug_loc     0x00003269      0x35e src/LCDShield.o
 .debug_loc     0x000035c7       0x98 src/conf_tc.o

.debug_aranges  0x00000000      0x8c8
 .debug_aranges
                0x00000000       0x40 src/ASF/common/services/clock/sam3x/sysclk.o
 .debug_aranges
                0x00000040       0x20 src/ASF/sam/boards/arduino_due_x/init.o
 .debug_aranges
                0x00000060      0x178 src/ASF/sam/drivers/adc/adc.o
 .debug_aranges
                0x000001d8       0xc0 src/ASF/sam/drivers/dacc/dacc.o
 .debug_aranges
                0x00000298      0x148 src/ASF/sam/drivers/pio/pio.o
 .debug_aranges
                0x000003e0       0x58 src/ASF/sam/drivers/pio/pio_handler.o
 .debug_aranges
                0x00000438      0x1f8 src/ASF/sam/drivers/pmc/pmc.o
 .debug_aranges
                0x00000630       0xd0 src/ASF/sam/drivers/tc/tc.o
 .debug_aranges
                0x00000700       0x20 src/ASF/sam/utils/cmsis/sam3x/source/templates/exceptions.o
 .debug_aranges
                0x00000720       0x20 src/ASF/sam/utils/cmsis/sam3x/source/templates/gcc/startup_sam3x.o
 .debug_aranges
                0x00000740       0x30 src/ASF/sam/utils/cmsis/sam3x/source/templates/system_sam3x.o
 .debug_aranges
                0x00000770       0x60 src/ASF/sam/utils/syscalls/gcc/syscalls.o
 .debug_aranges
                0x000007d0       0x28 src/adcdac.o
 .debug_aranges
                0x000007f8       0x30 src/sampel.o
 .debug_aranges
                0x00000828       0x20 src/main.o
 .debug_aranges
                0x00000848       0x50 src/LCDShield.o
 .debug_aranges
                0x00000898       0x30 src/conf_tc.o

.debug_ranges   0x00000000      0x7b8
 .debug_ranges  0x00000000       0x30 src/ASF/common/services/clock/sam3x/sysclk.o
 .debug_ranges  0x00000030       0x10 src/ASF/sam/boards/arduino_due_x/init.o
 .debug_ranges  0x00000040      0x168 src/ASF/sam/drivers/adc/adc.o
 .debug_ranges  0x000001a8       0xb0 src/ASF/sam/drivers/dacc/dacc.o
 .debug_ranges  0x00000258      0x138 src/ASF/sam/drivers/pio/pio.o
 .debug_ranges  0x00000390       0x48 src/ASF/sam/drivers/pio/pio_handler.o
 .debug_ranges  0x000003d8      0x1e8 src/ASF/sam/drivers/pmc/pmc.o
 .debug_ranges  0x000005c0       0xc0 src/ASF/sam/drivers/tc/tc.o
 .debug_ranges  0x00000680       0x10 src/ASF/sam/utils/cmsis/sam3x/source/templates/exceptions.o
 .debug_ranges  0x00000690       0x10 src/ASF/sam/utils/cmsis/sam3x/source/templates/gcc/startup_sam3x.o
 .debug_ranges  0x000006a0       0x20 src/ASF/sam/utils/cmsis/sam3x/source/templates/system_sam3x.o
 .debug_ranges  0x000006c0       0x50 src/ASF/sam/utils/syscalls/gcc/syscalls.o
 .debug_ranges  0x00000710       0x18 src/adcdac.o
 .debug_ranges  0x00000728       0x20 src/sampel.o
 .debug_ranges  0x00000748       0x10 src/main.o
 .debug_ranges  0x00000758       0x40 src/LCDShield.o
 .debug_ranges  0x00000798       0x20 src/conf_tc.o

.debug_macro    0x00000000    0x173f8
 .debug_macro   0x00000000      0x52d src/ASF/common/services/clock/sam3x/sysclk.o
 .debug_macro   0x0000052d      0x868 src/ASF/common/services/clock/sam3x/sysclk.o
 .debug_macro   0x00000d95      0x2ee src/ASF/common/services/clock/sam3x/sysclk.o
 .debug_macro   0x00001083       0x34 src/ASF/common/services/clock/sam3x/sysclk.o
 .debug_macro   0x000010b7      0x166 src/ASF/common/services/clock/sam3x/sysclk.o
 .debug_macro   0x0000121d       0x76 src/ASF/common/services/clock/sam3x/sysclk.o
 .debug_macro   0x00001293       0x16 src/ASF/common/services/clock/sam3x/sysclk.o
 .debug_macro   0x000012a9      0x6e1 src/ASF/common/services/clock/sam3x/sysclk.o
 .debug_macro   0x0000198a       0x16 src/ASF/common/services/clock/sam3x/sysclk.o
 .debug_macro   0x000019a0       0x44 src/ASF/common/services/clock/sam3x/sysclk.o
 .debug_macro   0x000019e4      0x209 src/ASF/common/services/clock/sam3x/sysclk.o
 .debug_macro   0x00001bed       0x20 src/ASF/common/services/clock/sam3x/sysclk.o
 .debug_macro   0x00001c0d       0x3a src/ASF/common/services/clock/sam3x/sysclk.o
 .debug_macro   0x00001c47       0x18 src/ASF/common/services/clock/sam3x/sysclk.o
 .debug_macro   0x00001c5f      0xb08 src/ASF/common/services/clock/sam3x/sysclk.o
 .debug_macro   0x00002767      0xab3 src/ASF/common/services/clock/sam3x/sysclk.o
 .debug_macro   0x0000321a      0x566 src/ASF/common/services/clock/sam3x/sysclk.o
 .debug_macro   0x00003780      0x2b2 src/ASF/common/services/clock/sam3x/sysclk.o
 .debug_macro   0x00003a32      0x317 src/ASF/common/services/clock/sam3x/sysclk.o
 .debug_macro   0x00003d49      0x74c src/ASF/common/services/clock/sam3x/sysclk.o
 .debug_macro   0x00004495       0x82 src/ASF/common/services/clock/sam3x/sysclk.o
 .debug_macro   0x00004517      0x578 src/ASF/common/services/clock/sam3x/sysclk.o
 .debug_macro   0x00004a8f       0x1c src/ASF/common/services/clock/sam3x/sysclk.o
 .debug_macro   0x00004aab      0x6b5 src/ASF/common/services/clock/sam3x/sysclk.o
 .debug_macro   0x00005160      0x52a src/ASF/common/services/clock/sam3x/sysclk.o
 .debug_macro   0x0000568a       0xbe src/ASF/common/services/clock/sam3x/sysclk.o
 .debug_macro   0x00005748     0x233f src/ASF/common/services/clock/sam3x/sysclk.o
 .debug_macro   0x00007a87      0x85a src/ASF/common/services/clock/sam3x/sysclk.o
 .debug_macro   0x000082e1      0xdc6 src/ASF/common/services/clock/sam3x/sysclk.o
 .debug_macro   0x000090a7       0x7c src/ASF/common/services/clock/sam3x/sysclk.o
 .debug_macro   0x00009123      0x261 src/ASF/common/services/clock/sam3x/sysclk.o
 .debug_macro   0x00009384       0x58 src/ASF/common/services/clock/sam3x/sysclk.o
 .debug_macro   0x000093dc      0x9a5 src/ASF/common/services/clock/sam3x/sysclk.o
 .debug_macro   0x00009d81      0x246 src/ASF/common/services/clock/sam3x/sysclk.o
 .debug_macro   0x00009fc7      0x4dc src/ASF/common/services/clock/sam3x/sysclk.o
 .debug_macro   0x0000a4a3      0x6b0 src/ASF/common/services/clock/sam3x/sysclk.o
 .debug_macro   0x0000ab53      0x59c src/ASF/common/services/clock/sam3x/sysclk.o
 .debug_macro   0x0000b0ef       0x46 src/ASF/common/services/clock/sam3x/sysclk.o
 .debug_macro   0x0000b135      0x34a src/ASF/common/services/clock/sam3x/sysclk.o
 .debug_macro   0x0000b47f      0x289 src/ASF/common/services/clock/sam3x/sysclk.o
 .debug_macro   0x0000b708     0x14d7 src/ASF/common/services/clock/sam3x/sysclk.o
 .debug_macro   0x0000cbdf      0x7b7 src/ASF/common/services/clock/sam3x/sysclk.o
 .debug_macro   0x0000d396       0x76 src/ASF/common/services/clock/sam3x/sysclk.o
 .debug_macro   0x0000d40c       0x82 src/ASF/common/services/clock/sam3x/sysclk.o
 .debug_macro   0x0000d48e       0x76 src/ASF/common/services/clock/sam3x/sysclk.o
 .debug_macro   0x0000d504       0x4c src/ASF/common/services/clock/sam3x/sysclk.o
 .debug_macro   0x0000d550      0x102 src/ASF/common/services/clock/sam3x/sysclk.o
 .debug_macro   0x0000d652      0x102 src/ASF/common/services/clock/sam3x/sysclk.o
 .debug_macro   0x0000d754      0x102 src/ASF/common/services/clock/sam3x/sysclk.o
 .debug_macro   0x0000d856       0x88 src/ASF/common/services/clock/sam3x/sysclk.o
 .debug_macro   0x0000d8de       0x88 src/ASF/common/services/clock/sam3x/sysclk.o
 .debug_macro   0x0000d966      0x3b4 src/ASF/common/services/clock/sam3x/sysclk.o
 .debug_macro   0x0000dd1a       0xb8 src/ASF/common/services/clock/sam3x/sysclk.o
 .debug_macro   0x0000ddd2       0xb8 src/ASF/common/services/clock/sam3x/sysclk.o
 .debug_macro   0x0000de8a       0xb8 src/ASF/common/services/clock/sam3x/sysclk.o
 .debug_macro   0x0000df42       0xb8 src/ASF/common/services/clock/sam3x/sysclk.o
 .debug_macro   0x0000dffa      0x2b8 src/ASF/common/services/clock/sam3x/sysclk.o
 .debug_macro   0x0000e2b2      0x122 src/ASF/common/services/clock/sam3x/sysclk.o
 .debug_macro   0x0000e3d4      0x222 src/ASF/common/services/clock/sam3x/sysclk.o
 .debug_macro   0x0000e5f6      0x222 src/ASF/common/services/clock/sam3x/sysclk.o
 .debug_macro   0x0000e818       0x2e src/ASF/common/services/clock/sam3x/sysclk.o
 .debug_macro   0x0000e846       0xac src/ASF/common/services/clock/sam3x/sysclk.o
 .debug_macro   0x0000e8f2      0x14a src/ASF/common/services/clock/sam3x/sysclk.o
 .debug_macro   0x0000ea3c       0x7c src/ASF/common/services/clock/sam3x/sysclk.o
 .debug_macro   0x0000eab8      0x202 src/ASF/common/services/clock/sam3x/sysclk.o
 .debug_macro   0x0000ecba       0x64 src/ASF/common/services/clock/sam3x/sysclk.o
 .debug_macro   0x0000ed1e       0xa6 src/ASF/common/services/clock/sam3x/sysclk.o
 .debug_macro   0x0000edc4       0x7c src/ASF/common/services/clock/sam3x/sysclk.o
 .debug_macro   0x0000ee40       0x16 src/ASF/common/services/clock/sam3x/sysclk.o
 .debug_macro   0x0000ee56       0x22 src/ASF/common/services/clock/sam3x/sysclk.o
 .debug_macro   0x0000ee78       0x22 src/ASF/common/services/clock/sam3x/sysclk.o
 .debug_macro   0x0000ee9a      0x112 src/ASF/common/services/clock/sam3x/sysclk.o
 .debug_macro   0x0000efac      0x112 src/ASF/common/services/clock/sam3x/sysclk.o
 .debug_macro   0x0000f0be      0x112 src/ASF/common/services/clock/sam3x/sysclk.o
 .debug_macro   0x0000f1d0      0x112 src/ASF/common/services/clock/sam3x/sysclk.o
 .debug_macro   0x0000f2e2       0x1c src/ASF/common/services/clock/sam3x/sysclk.o
 .debug_macro   0x0000f2fe       0x2e src/ASF/common/services/clock/sam3x/sysclk.o
 .debug_macro   0x0000f32c       0x22 src/ASF/common/services/clock/sam3x/sysclk.o
 .debug_macro   0x0000f34e       0x1c src/ASF/common/services/clock/sam3x/sysclk.o
 .debug_macro   0x0000f36a       0x58 src/ASF/common/services/clock/sam3x/sysclk.o
 .debug_macro   0x0000f3c2       0x10 src/ASF/common/services/clock/sam3x/sysclk.o
 .debug_macro   0x0000f3d2      0x273 src/ASF/common/services/clock/sam3x/sysclk.o
 .debug_macro   0x0000f645      0xd40 src/ASF/common/services/clock/sam3x/sysclk.o
 .debug_macro   0x00010385      0x131 src/ASF/common/services/clock/sam3x/sysclk.o
 .debug_macro   0x000104b6       0x58 src/ASF/common/services/clock/sam3x/sysclk.o
 .debug_macro   0x0001050e       0x35 src/ASF/common/services/clock/sam3x/sysclk.o
 .debug_macro   0x00010543       0xa3 src/ASF/common/services/clock/sam3x/sysclk.o
 .debug_macro   0x000105e6       0x16 src/ASF/common/services/clock/sam3x/sysclk.o
 .debug_macro   0x000105fc       0x35 src/ASF/common/services/clock/sam3x/sysclk.o
 .debug_macro   0x00010631       0x10 src/ASF/common/services/clock/sam3x/sysclk.o
 .debug_macro   0x00010641       0x52 src/ASF/common/services/clock/sam3x/sysclk.o
 .debug_macro   0x00010693       0x16 src/ASF/common/services/clock/sam3x/sysclk.o
 .debug_macro   0x000106a9       0x43 src/ASF/common/services/clock/sam3x/sysclk.o
 .debug_macro   0x000106ec      0x180 src/ASF/common/services/clock/sam3x/sysclk.o
 .debug_macro   0x0001086c       0x10 src/ASF/common/services/clock/sam3x/sysclk.o
 .debug_macro   0x0001087c       0x22 src/ASF/common/services/clock/sam3x/sysclk.o
 .debug_macro   0x0001089e       0xbd src/ASF/common/services/clock/sam3x/sysclk.o
 .debug_macro   0x0001095b       0x16 src/ASF/common/services/clock/sam3x/sysclk.o
 .debug_macro   0x00010971      0x16c src/ASF/common/services/clock/sam3x/sysclk.o
 .debug_macro   0x00010add       0x22 src/ASF/common/services/clock/sam3x/sysclk.o
 .debug_macro   0x00010aff       0x16 src/ASF/common/services/clock/sam3x/sysclk.o
 .debug_macro   0x00010b15       0x16 src/ASF/common/services/clock/sam3x/sysclk.o
 .debug_macro   0x00010b2b       0x29 src/ASF/common/services/clock/sam3x/sysclk.o
 .debug_macro   0x00010b54       0x66 src/ASF/common/services/clock/sam3x/sysclk.o
 .debug_macro   0x00010bba       0x3e src/ASF/common/services/clock/sam3x/sysclk.o
 .debug_macro   0x00010bf8      0x3c3 src/ASF/common/services/clock/sam3x/sysclk.o
 .debug_macro   0x00010fbb      0x1dd src/ASF/common/services/clock/sam3x/sysclk.o
 .debug_macro   0x00011198      0x78f src/ASF/common/services/clock/sam3x/sysclk.o
 .debug_macro   0x00011927       0x58 src/ASF/common/services/clock/sam3x/sysclk.o
 .debug_macro   0x0001197f       0x64 src/ASF/common/services/clock/sam3x/sysclk.o
 .debug_macro   0x000119e3       0x5f src/ASF/common/services/clock/sam3x/sysclk.o
 .debug_macro   0x00011a42       0x90 src/ASF/common/services/clock/sam3x/sysclk.o
 .debug_macro   0x00011ad2      0x56c src/ASF/sam/boards/arduino_due_x/init.o
 .debug_macro   0x0001203e      0x1e3 src/ASF/sam/boards/arduino_due_x/init.o
 .debug_macro   0x00012221       0x16 src/ASF/sam/boards/arduino_due_x/init.o
 .debug_macro   0x00012237       0x94 src/ASF/sam/boards/arduino_due_x/init.o
 .debug_macro   0x000122cb       0x40 src/ASF/sam/boards/arduino_due_x/init.o
 .debug_macro   0x0001230b       0x6a src/ASF/sam/boards/arduino_due_x/init.o
 .debug_macro   0x00012375      0x4bc src/ASF/sam/drivers/adc/adc.o
 .debug_macro   0x00012831       0x1c src/ASF/sam/drivers/adc/adc.o
 .debug_macro   0x0001284d      0x4c8 src/ASF/sam/drivers/dacc/dacc.o
 .debug_macro   0x00012d15       0x10 src/ASF/sam/drivers/dacc/dacc.o
 .debug_macro   0x00012d25      0x4c9 src/ASF/sam/drivers/pio/pio.o
 .debug_macro   0x000131ee       0x8e src/ASF/sam/drivers/pio/pio.o
 .debug_macro   0x0001327c      0x4d6 src/ASF/sam/drivers/pio/pio_handler.o
 .debug_macro   0x00013752      0x4c2 src/ASF/sam/drivers/pmc/pmc.o
 .debug_macro   0x00013c14       0x52 src/ASF/sam/drivers/pmc/pmc.o
 .debug_macro   0x00013c66      0x4c8 src/ASF/sam/drivers/tc/tc.o
 .debug_macro   0x0001412e       0x16 src/ASF/sam/drivers/tc/tc.o
 .debug_macro   0x00014144       0x4a src/ASF/sam/drivers/tc/tc.o
 .debug_macro   0x0001418e       0x1c src/ASF/sam/drivers/tc/tc.o
 .debug_macro   0x000141aa      0x33a src/ASF/sam/utils/cmsis/sam3x/source/templates/exceptions.o
 .debug_macro   0x000144e4      0x348 src/ASF/sam/utils/cmsis/sam3x/source/templates/gcc/startup_sam3x.o
 .debug_macro   0x0001482c      0x34c src/ASF/sam/utils/cmsis/sam3x/source/templates/system_sam3x.o
 .debug_macro   0x00014b78       0x26 src/ASF/sam/utils/cmsis/sam3x/source/templates/system_sam3x.o
 .debug_macro   0x00014b9e      0x129 src/ASF/sam/utils/syscalls/gcc/syscalls.o
 .debug_macro   0x00014cc7       0x97 src/ASF/sam/utils/syscalls/gcc/syscalls.o
 .debug_macro   0x00014d5e       0xef src/ASF/sam/utils/syscalls/gcc/syscalls.o
 .debug_macro   0x00014e4d       0x52 src/ASF/sam/utils/syscalls/gcc/syscalls.o
 .debug_macro   0x00014e9f       0x16 src/ASF/sam/utils/syscalls/gcc/syscalls.o
 .debug_macro   0x00014eb5       0x10 src/ASF/sam/utils/syscalls/gcc/syscalls.o
 .debug_macro   0x00014ec5       0x41 src/ASF/sam/utils/syscalls/gcc/syscalls.o
 .debug_macro   0x00014f06      0x120 src/ASF/sam/utils/syscalls/gcc/syscalls.o
 .debug_macro   0x00015026      0x5bd src/adcdac.o
 .debug_macro   0x000155e3       0x16 src/adcdac.o
 .debug_macro   0x000155f9       0x1c src/adcdac.o
 .debug_macro   0x00015615      0x61d src/sampel.o
 .debug_macro   0x00015c32      0x2a6 src/sampel.o
 .debug_macro   0x00015ed8       0x10 src/sampel.o
 .debug_macro   0x00015ee8       0x1f src/sampel.o
 .debug_macro   0x00015f07       0x10 src/sampel.o
 .debug_macro   0x00015f17       0x70 src/sampel.o
 .debug_macro   0x00015f87       0x22 src/sampel.o
 .debug_macro   0x00015fa9       0x34 src/sampel.o
 .debug_macro   0x00015fdd      0x61d src/main.o
 .debug_macro   0x000165fa       0x3a src/main.o
 .debug_macro   0x00016634      0x5fe src/LCDShield.o
 .debug_macro   0x00016c32      0x20f src/LCDShield.o
 .debug_macro   0x00016e41      0x5b7 src/conf_tc.o

.debug_line     0x00000000     0xd06f
 .debug_line    0x00000000      0xc49 src/ASF/common/services/clock/sam3x/sysclk.o
 .debug_line    0x00000c49      0xcdf src/ASF/sam/boards/arduino_due_x/init.o
 .debug_line    0x00001928      0xe49 src/ASF/sam/drivers/adc/adc.o
 .debug_line    0x00002771      0xc43 src/ASF/sam/drivers/dacc/dacc.o
 .debug_line    0x000033b4      0xe18 src/ASF/sam/drivers/pio/pio.o
 .debug_line    0x000041cc      0xb97 src/ASF/sam/drivers/pio/pio_handler.o
 .debug_line    0x00004d63     0x1021 src/ASF/sam/drivers/pmc/pmc.o
 .debug_line    0x00005d84      0xc7a src/ASF/sam/drivers/tc/tc.o
 .debug_line    0x000069fe      0x8d1 src/ASF/sam/utils/cmsis/sam3x/source/templates/exceptions.o
 .debug_line    0x000072cf      0x921 src/ASF/sam/utils/cmsis/sam3x/source/templates/gcc/startup_sam3x.o
 .debug_line    0x00007bf0      0x949 src/ASF/sam/utils/cmsis/sam3x/source/templates/system_sam3x.o
 .debug_line    0x00008539      0x398 src/ASF/sam/utils/syscalls/gcc/syscalls.o
 .debug_line    0x000088d1      0xd92 src/adcdac.o
 .debug_line    0x00009663      0xe98 src/sampel.o
 .debug_line    0x0000a4fb      0xe57 src/main.o
 .debug_line    0x0000b352      0xf6d src/LCDShield.o
 .debug_line    0x0000c2bf      0xdb0 src/conf_tc.o

.debug_str      0x00000000    0x5fd18
 .debug_str     0x00000000    0x5b14f src/ASF/common/services/clock/sam3x/sysclk.o
                              0x5b488 (size before relaxing)
 .debug_str     0x0005b14f      0xa69 src/ASF/sam/boards/arduino_due_x/init.o
                              0x5bc42 (size before relaxing)
 .debug_str     0x0005bbb8      0x9fe src/ASF/sam/drivers/adc/adc.o
                              0x5826b (size before relaxing)
 .debug_str     0x0005c5b6      0x3c9 src/ASF/sam/drivers/dacc/dacc.o
                              0x57c52 (size before relaxing)
 .debug_str     0x0005c97f      0x427 src/ASF/sam/drivers/pio/pio.o
                              0x58198 (size before relaxing)
 .debug_str     0x0005cda6      0x466 src/ASF/sam/drivers/pio/pio_handler.o
                              0x581e4 (size before relaxing)
 .debug_str     0x0005d20c      0x67d src/ASF/sam/drivers/pmc/pmc.o
                              0x581db (size before relaxing)
 .debug_str     0x0005d889      0x383 src/ASF/sam/drivers/tc/tc.o
                              0x57b9c (size before relaxing)
 .debug_str     0x0005dc0c       0x4d src/ASF/sam/utils/cmsis/sam3x/source/templates/exceptions.o
                              0x4c487 (size before relaxing)
 .debug_str     0x0005dc59       0xb2 src/ASF/sam/utils/cmsis/sam3x/source/templates/gcc/startup_sam3x.o
                              0x4c570 (size before relaxing)
 .debug_str     0x0005dd0b      0x1cd src/ASF/sam/utils/cmsis/sam3x/source/templates/system_sam3x.o
                              0x4c783 (size before relaxing)
 .debug_str     0x0005ded8      0x745 src/ASF/sam/utils/syscalls/gcc/syscalls.o
                               0x4ed9 (size before relaxing)
 .debug_str     0x0005e61d      0x148 src/adcdac.o
                              0x5bf6a (size before relaxing)
 .debug_str     0x0005e765     0x1354 src/sampel.o
                              0x5d231 (size before relaxing)
 .debug_str     0x0005fab9       0x13 src/main.o
                              0x5ce45 (size before relaxing)
 .debug_str     0x0005facc      0x1f9 src/LCDShield.o
                              0x5d0f9 (size before relaxing)
 .debug_str     0x0005fcc5       0x53 src/conf_tc.o
                              0x5bf42 (size before relaxing)

.debug_frame    0x00000000     0x19b4
 .debug_frame   0x00000000       0x88 src/ASF/common/services/clock/sam3x/sysclk.o
 .debug_frame   0x00000088       0x28 src/ASF/sam/boards/arduino_due_x/init.o
 .debug_frame   0x000000b0      0x308 src/ASF/sam/drivers/adc/adc.o
 .debug_frame   0x000003b8      0x168 src/ASF/sam/drivers/dacc/dacc.o
 .debug_frame   0x00000520      0x2a8 src/ASF/sam/drivers/pio/pio.o
 .debug_frame   0x000007c8       0xf0 src/ASF/sam/drivers/pio/pio_handler.o
 .debug_frame   0x000008b8      0x3f8 src/ASF/sam/drivers/pmc/pmc.o
 .debug_frame   0x00000cb0      0x198 src/ASF/sam/drivers/tc/tc.o
 .debug_frame   0x00000e48       0x20 src/ASF/sam/utils/cmsis/sam3x/source/templates/exceptions.o
 .debug_frame   0x00000e68       0x28 src/ASF/sam/utils/cmsis/sam3x/source/templates/gcc/startup_sam3x.o
 .debug_frame   0x00000e90       0x40 src/ASF/sam/utils/cmsis/sam3x/source/templates/system_sam3x.o
 .debug_frame   0x00000ed0       0xa8 src/ASF/sam/utils/syscalls/gcc/syscalls.o
 .debug_frame   0x00000f78       0x48 src/adcdac.o
 .debug_frame   0x00000fc0       0x64 src/sampel.o
 .debug_frame   0x00001024       0x28 src/main.o
 .debug_frame   0x0000104c       0xd4 src/LCDShield.o
 .debug_frame   0x00001120       0x64 src/conf_tc.o
 .debug_frame   0x00001184       0x2c c:/program files (x86)/atmel/atmel toolchain/arm gcc/native/4.8.1443/arm-gnu-toolchain/bin/../lib/gcc/arm-none-eabi/4.8.4/../../../../arm-none-eabi/lib/armv7-m\libc.a(lib_a-init.o)
 .debug_frame   0x000011b0       0x2c c:/program files (x86)/atmel/atmel toolchain/arm gcc/native/4.8.1443/arm-gnu-toolchain/bin/../lib/gcc/arm-none-eabi/4.8.4/../../../../arm-none-eabi/lib/armv7-m\libc.a(lib_a-memset.o)
 .debug_frame   0x000011dc       0x64 c:/program files (x86)/atmel/atmel toolchain/arm gcc/native/4.8.1443/arm-gnu-toolchain/bin/../lib/gcc/arm-none-eabi/4.8.4/../../../../arm-none-eabi/lib/armv7-m\libc.a(lib_a-sprintf.o)
 .debug_frame   0x00001240       0x20 c:/program files (x86)/atmel/atmel toolchain/arm gcc/native/4.8.1443/arm-gnu-toolchain/bin/../lib/gcc/arm-none-eabi/4.8.4/../../../../arm-none-eabi/lib/armv7-m\libc.a(lib_a-strlen.o)
 .debug_frame   0x00001260       0x3c c:/program files (x86)/atmel/atmel toolchain/arm gcc/native/4.8.1443/arm-gnu-toolchain/bin/../lib/gcc/arm-none-eabi/4.8.4/../../../../arm-none-eabi/lib/armv7-m\libc.a(lib_a-svfprintf.o)
 .debug_frame   0x0000129c       0x48 c:/program files (x86)/atmel/atmel toolchain/arm gcc/native/4.8.1443/arm-gnu-toolchain/bin/../lib/gcc/arm-none-eabi/4.8.4/../../../../arm-none-eabi/lib/armv7-m\libc.a(lib_a-__call_atexit.o)
 .debug_frame   0x000012e4       0x20 c:/program files (x86)/atmel/atmel toolchain/arm gcc/native/4.8.1443/arm-gnu-toolchain/bin/../lib/gcc/arm-none-eabi/4.8.4/../../../../arm-none-eabi/lib/armv7-m\libc.a(lib_a-atexit.o)
 .debug_frame   0x00001304       0x64 c:/program files (x86)/atmel/atmel toolchain/arm gcc/native/4.8.1443/arm-gnu-toolchain/bin/../lib/gcc/arm-none-eabi/4.8.4/../../../../arm-none-eabi/lib/armv7-m\libc.a(lib_a-dtoa.o)
 .debug_frame   0x00001368       0x2c c:/program files (x86)/atmel/atmel toolchain/arm gcc/native/4.8.1443/arm-gnu-toolchain/bin/../lib/gcc/arm-none-eabi/4.8.4/../../../../arm-none-eabi/lib/armv7-m\libc.a(lib_a-fini.o)
 .debug_frame   0x00001394       0x50 c:/program files (x86)/atmel/atmel toolchain/arm gcc/native/4.8.1443/arm-gnu-toolchain/bin/../lib/gcc/arm-none-eabi/4.8.4/../../../../arm-none-eabi/lib/armv7-m\libc.a(lib_a-freer.o)
 .debug_frame   0x000013e4       0x98 c:/program files (x86)/atmel/atmel toolchain/arm gcc/native/4.8.1443/arm-gnu-toolchain/bin/../lib/gcc/arm-none-eabi/4.8.4/../../../../arm-none-eabi/lib/armv7-m\libc.a(lib_a-locale.o)
 .debug_frame   0x0000147c       0x38 c:/program files (x86)/atmel/atmel toolchain/arm gcc/native/4.8.1443/arm-gnu-toolchain/bin/../lib/gcc/arm-none-eabi/4.8.4/../../../../arm-none-eabi/lib/armv7-m\libc.a(lib_a-mallocr.o)
 .debug_frame   0x000014b4       0x2c c:/program files (x86)/atmel/atmel toolchain/arm gcc/native/4.8.1443/arm-gnu-toolchain/bin/../lib/gcc/arm-none-eabi/4.8.4/../../../../arm-none-eabi/lib/armv7-m\libc.a(lib_a-memchr-stub.o)
 .debug_frame   0x000014e0       0x2c c:/program files (x86)/atmel/atmel toolchain/arm gcc/native/4.8.1443/arm-gnu-toolchain/bin/../lib/gcc/arm-none-eabi/4.8.4/../../../../arm-none-eabi/lib/armv7-m\libc.a(lib_a-memmove.o)
 .debug_frame   0x0000150c       0x30 c:/program files (x86)/atmel/atmel toolchain/arm gcc/native/4.8.1443/arm-gnu-toolchain/bin/../lib/gcc/arm-none-eabi/4.8.4/../../../../arm-none-eabi/lib/armv7-m\libc.a(lib_a-mlock.o)
 .debug_frame   0x0000153c      0x228 c:/program files (x86)/atmel/atmel toolchain/arm gcc/native/4.8.1443/arm-gnu-toolchain/bin/../lib/gcc/arm-none-eabi/4.8.4/../../../../arm-none-eabi/lib/armv7-m\libc.a(lib_a-mprec.o)
 .debug_frame   0x00001764       0x38 c:/program files (x86)/atmel/atmel toolchain/arm gcc/native/4.8.1443/arm-gnu-toolchain/bin/../lib/gcc/arm-none-eabi/4.8.4/../../../../arm-none-eabi/lib/armv7-m\libc.a(lib_a-reallocr.o)
 .debug_frame   0x0000179c       0x28 c:/program files (x86)/atmel/atmel toolchain/arm gcc/native/4.8.1443/arm-gnu-toolchain/bin/../lib/gcc/arm-none-eabi/4.8.4/../../../../arm-none-eabi/lib/armv7-m\libc.a(lib_a-s_fpclassify.o)
 .debug_frame   0x000017c4       0x2c c:/program files (x86)/atmel/atmel toolchain/arm gcc/native/4.8.1443/arm-gnu-toolchain/bin/../lib/gcc/arm-none-eabi/4.8.4/../../../../arm-none-eabi/lib/armv7-m\libc.a(lib_a-sbrkr.o)
 .debug_frame   0x000017f0       0x64 c:/program files (x86)/atmel/atmel toolchain/arm gcc/native/4.8.1443/arm-gnu-toolchain/bin/../lib/gcc/arm-none-eabi/4.8.4/../../../../arm-none-eabi/lib/armv7-m\libc.a(lib_a-svfiprintf.o)
 .debug_frame   0x00001854       0x30 c:/program files (x86)/atmel/atmel toolchain/arm gcc/native/4.8.1443/arm-gnu-toolchain/bin/../lib/gcc/arm-none-eabi/4.8.4/../../../../arm-none-eabi/lib/armv7-m\libc.a(lib_a-__atexit.o)
 .debug_frame   0x00001884       0x28 c:/program files (x86)/atmel/atmel toolchain/arm gcc/native/4.8.1443/arm-gnu-toolchain/bin/../lib/gcc/arm-none-eabi/4.8.4/../../../../arm-none-eabi/lib/armv7-m\libc.a(lib_a-callocr.o)
 .debug_frame   0x000018ac       0x48 c:/program files (x86)/atmel/atmel toolchain/arm gcc/native/4.8.1443/arm-gnu-toolchain/bin/../lib/gcc/arm-none-eabi/4.8.4/../../../../arm-none-eabi/lib/armv7-m\libc.a(lib_a-reent.o)
 .debug_frame   0x000018f4       0x58 c:/program files (x86)/atmel/atmel toolchain/arm gcc/native/4.8.1443/arm-gnu-toolchain/bin/../lib/gcc/arm-none-eabi/4.8.4/armv7-m\libgcc.a(bpabi.o)
 .debug_frame   0x0000194c       0x34 c:/program files (x86)/atmel/atmel toolchain/arm gcc/native/4.8.1443/arm-gnu-toolchain/bin/../lib/gcc/arm-none-eabi/4.8.4/armv7-m\libgcc.a(_divdi3.o)
 .debug_frame   0x00001980       0x34 c:/program files (x86)/atmel/atmel toolchain/arm gcc/native/4.8.1443/arm-gnu-toolchain/bin/../lib/gcc/arm-none-eabi/4.8.4/armv7-m\libgcc.a(_udivdi3.o)

Cross Reference Table

Symbol                                            File
ADC_Handler                                       src/ASF/sam/utils/cmsis/sam3x/source/templates/exceptions.o
                                                  src/ASF/sam/utils/cmsis/sam3x/source/templates/gcc/startup_sam3x.o
BusFault_Handler                                  src/ASF/sam/utils/cmsis/sam3x/source/templates/exceptions.o
                                                  src/ASF/sam/utils/cmsis/sam3x/source/templates/gcc/startup_sam3x.o
CAN0_Handler                                      src/ASF/sam/utils/cmsis/sam3x/source/templates/exceptions.o
                                                  src/ASF/sam/utils/cmsis/sam3x/source/templates/gcc/startup_sam3x.o
CAN1_Handler                                      src/ASF/sam/utils/cmsis/sam3x/source/templates/exceptions.o
                                                  src/ASF/sam/utils/cmsis/sam3x/source/templates/gcc/startup_sam3x.o
DACC_Handler                                      src/ASF/sam/utils/cmsis/sam3x/source/templates/exceptions.o
                                                  src/ASF/sam/utils/cmsis/sam3x/source/templates/gcc/startup_sam3x.o
DMAC_Handler                                      src/ASF/sam/utils/cmsis/sam3x/source/templates/exceptions.o
                                                  src/ASF/sam/utils/cmsis/sam3x/source/templates/gcc/startup_sam3x.o
DebugMon_Handler                                  src/ASF/sam/utils/cmsis/sam3x/source/templates/exceptions.o
                                                  src/ASF/sam/utils/cmsis/sam3x/source/templates/gcc/startup_sam3x.o
Dummy_Handler                                     src/ASF/sam/utils/cmsis/sam3x/source/templates/exceptions.o
EFC0_Handler                                      src/ASF/sam/utils/cmsis/sam3x/source/templates/exceptions.o
                                                  src/ASF/sam/utils/cmsis/sam3x/source/templates/gcc/startup_sam3x.o
EFC1_Handler                                      src/ASF/sam/utils/cmsis/sam3x/source/templates/exceptions.o
                                                  src/ASF/sam/utils/cmsis/sam3x/source/templates/gcc/startup_sam3x.o
EMAC_Handler                                      src/ASF/sam/utils/cmsis/sam3x/source/templates/exceptions.o
                                                  src/ASF/sam/utils/cmsis/sam3x/source/templates/gcc/startup_sam3x.o
HSMCI_Handler                                     src/ASF/sam/utils/cmsis/sam3x/source/templates/exceptions.o
                                                  src/ASF/sam/utils/cmsis/sam3x/source/templates/gcc/startup_sam3x.o
HardFault_Handler                                 src/ASF/sam/utils/cmsis/sam3x/source/templates/exceptions.o
                                                  src/ASF/sam/utils/cmsis/sam3x/source/templates/gcc/startup_sam3x.o
LCDinit                                           src/LCDShield.o
                                                  src/main.o
LCDwriteString                                    src/LCDShield.o
                                                  src/main.o
                                                  src/sampel.o
MemManage_Handler                                 src/ASF/sam/utils/cmsis/sam3x/source/templates/exceptions.o
                                                  src/ASF/sam/utils/cmsis/sam3x/source/templates/gcc/startup_sam3x.o
NMI_Handler                                       src/ASF/sam/utils/cmsis/sam3x/source/templates/exceptions.o
                                                  src/ASF/sam/utils/cmsis/sam3x/source/templates/gcc/startup_sam3x.o
PIOA_Handler                                      src/ASF/sam/drivers/pio/pio_handler.o
                                                  src/ASF/sam/utils/cmsis/sam3x/source/templates/gcc/startup_sam3x.o
PIOB_Handler                                      src/ASF/sam/drivers/pio/pio_handler.o
                                                  src/ASF/sam/utils/cmsis/sam3x/source/templates/gcc/startup_sam3x.o
PIOC_Handler                                      src/ASF/sam/drivers/pio/pio_handler.o
                                                  src/ASF/sam/utils/cmsis/sam3x/source/templates/gcc/startup_sam3x.o
PIOD_Handler                                      src/ASF/sam/drivers/pio/pio_handler.o
                                                  src/ASF/sam/utils/cmsis/sam3x/source/templates/gcc/startup_sam3x.o
PMC_Handler                                       src/ASF/sam/utils/cmsis/sam3x/source/templates/exceptions.o
                                                  src/ASF/sam/utils/cmsis/sam3x/source/templates/gcc/startup_sam3x.o
PWM_Handler                                       src/ASF/sam/utils/cmsis/sam3x/source/templates/exceptions.o
                                                  src/ASF/sam/utils/cmsis/sam3x/source/templates/gcc/startup_sam3x.o
PendSV_Handler                                    src/ASF/sam/utils/cmsis/sam3x/source/templates/exceptions.o
                                                  src/ASF/sam/utils/cmsis/sam3x/source/templates/gcc/startup_sam3x.o
RSTC_Handler                                      src/ASF/sam/utils/cmsis/sam3x/source/templates/exceptions.o
                                                  src/ASF/sam/utils/cmsis/sam3x/source/templates/gcc/startup_sam3x.o
RTC_Handler                                       src/ASF/sam/utils/cmsis/sam3x/source/templates/exceptions.o
                                                  src/ASF/sam/utils/cmsis/sam3x/source/templates/gcc/startup_sam3x.o
RTT_Handler                                       src/ASF/sam/utils/cmsis/sam3x/source/templates/exceptions.o
                                                  src/ASF/sam/utils/cmsis/sam3x/source/templates/gcc/startup_sam3x.o
Reset_Handler                                     src/ASF/sam/utils/cmsis/sam3x/source/templates/gcc/startup_sam3x.o
SMC_Handler                                       src/ASF/sam/utils/cmsis/sam3x/source/templates/exceptions.o
                                                  src/ASF/sam/utils/cmsis/sam3x/source/templates/gcc/startup_sam3x.o
SPI0_Handler                                      src/ASF/sam/utils/cmsis/sam3x/source/templates/exceptions.o
                                                  src/ASF/sam/utils/cmsis/sam3x/source/templates/gcc/startup_sam3x.o
SSC_Handler                                       src/ASF/sam/utils/cmsis/sam3x/source/templates/exceptions.o
                                                  src/ASF/sam/utils/cmsis/sam3x/source/templates/gcc/startup_sam3x.o
SUPC_Handler                                      src/ASF/sam/utils/cmsis/sam3x/source/templates/exceptions.o
                                                  src/ASF/sam/utils/cmsis/sam3x/source/templates/gcc/startup_sam3x.o
SVC_Handler                                       src/ASF/sam/utils/cmsis/sam3x/source/templates/exceptions.o
                                                  src/ASF/sam/utils/cmsis/sam3x/source/templates/gcc/startup_sam3x.o
SysTick_Handler                                   src/ASF/sam/utils/cmsis/sam3x/source/templates/exceptions.o
                                                  src/ASF/sam/utils/cmsis/sam3x/source/templates/gcc/startup_sam3x.o
SystemCoreClock                                   src/ASF/sam/utils/cmsis/sam3x/source/templates/system_sam3x.o
SystemCoreClockUpdate                             src/ASF/sam/utils/cmsis/sam3x/source/templates/system_sam3x.o
                                                  src/ASF/common/services/clock/sam3x/sysclk.o
SystemInit                                        src/ASF/sam/utils/cmsis/sam3x/source/templates/system_sam3x.o
TC0_Handler                                       src/sampel.o
                                                  src/ASF/sam/utils/cmsis/sam3x/source/templates/exceptions.o
                                                  src/ASF/sam/utils/cmsis/sam3x/source/templates/gcc/startup_sam3x.o
TC1_Handler                                       src/ASF/sam/utils/cmsis/sam3x/source/templates/exceptions.o
                                                  src/ASF/sam/utils/cmsis/sam3x/source/templates/gcc/startup_sam3x.o
TC2_Handler                                       src/ASF/sam/utils/cmsis/sam3x/source/templates/exceptions.o
                                                  src/ASF/sam/utils/cmsis/sam3x/source/templates/gcc/startup_sam3x.o
TC3_Handler                                       src/ASF/sam/utils/cmsis/sam3x/source/templates/exceptions.o
                                                  src/ASF/sam/utils/cmsis/sam3x/source/templates/gcc/startup_sam3x.o
TC4_Handler                                       src/ASF/sam/utils/cmsis/sam3x/source/templates/exceptions.o
                                                  src/ASF/sam/utils/cmsis/sam3x/source/templates/gcc/startup_sam3x.o
TC5_Handler                                       src/ASF/sam/utils/cmsis/sam3x/source/templates/exceptions.o
                                                  src/ASF/sam/utils/cmsis/sam3x/source/templates/gcc/startup_sam3x.o
TC6_Handler                                       src/ASF/sam/utils/cmsis/sam3x/source/templates/exceptions.o
                                                  src/ASF/sam/utils/cmsis/sam3x/source/templates/gcc/startup_sam3x.o
TC7_Handler                                       src/ASF/sam/utils/cmsis/sam3x/source/templates/exceptions.o
                                                  src/ASF/sam/utils/cmsis/sam3x/source/templates/gcc/startup_sam3x.o
TC8_Handler                                       src/ASF/sam/utils/cmsis/sam3x/source/templates/exceptions.o
                                                  src/ASF/sam/utils/cmsis/sam3x/source/templates/gcc/startup_sam3x.o
TRNG_Handler                                      src/ASF/sam/utils/cmsis/sam3x/source/templates/exceptions.o